Vector Championship Run	V/Vector Championship Run	A-Games:C/ChampionshipRun/ChampionshipRun.Slave
Vac-Suit Jack Demo	V/Vac-Suit Jack Demo	A-Games:V/VacSuitJackDemo/VacSuitJackDemo.Slave
Vampire's Empire	V/Vampires Empire	A-Games:V/VampiresEmpire/VampiresEmpire.Slave
Vaxine	V/Vaxine	A-Games:V/Vaxine/Vaxine.Slave
Vectorball	V/Vectorball	A-Games:V/Vectorball/Vectorball.Slave
Venom Wing	V/Venom Wing	A-Games:V/VenomWing/VenomWing.Slave
Venus: The Flytrap	V/Venus The Flytrap	A-Games:V/VenusTheFlytrap/VenusTheFlytrap.Slave
Venus: The Flytrap NoIntro	V/Venus The Flytrap NoIntro	A-Games:V/VenusTheFlytrapNoIntro/VenusTheFlytrapNoIntro.Slave
Viaje al Centro de la Tierra ES	V/Viaje al Centro de la Tier	A-Games:V/ViajeAlCentroDeLaTierraEs/ViajeAlCentroDeLaTierraEs.slave
Viaje al Centro de la Tierra .old ES	V/Viaje al Centro de la T V2	A-Games:V/ViajeAlCentroDeLaTierraEs/ViajeAlCentroDeLaTierraEs.old
Victory Road	V/Victory Road	A-Games:V/VictoryRoad/VictoryRoad.slave
Vigilante	V/Vigilante	A-Games:V/Vigilante/Vigilante.Slave
Vindex	V/Vindex	A-Games:V/Vindex/Vindex.Slave
Vindicators	V/Vindicators	A-Games:V/Vindicators/Vindicators.Slave
Violator	V/Violator	A-Games:V/Violator/Violator.Slave
Virus	V/Virus	A-Games:V/Virus/Virus.slave
Vixen	V/Vixen	A-Games:V/Vixen/Vixen.slave
Viz	V/Viz	A-Games:V/Viz/Viz.Slave
Voodoo Nightmare	V/Voodoo Nightmare	A-Games:V/VoodooNightmare/VoodooNightmare.Slave
Vortex NTSC	V/Vortex NTSC	A-Games:V/VortexNTSC/VortexNTSC.Slave
Voyager	V/Voyager	A-Games:V/Voyager/Voyager.slave
Vroom	V/Vroom	A-Games:V/Vroom/Vroom.Slave
Vroom DataDisk	V/Vroom DataDisk	A-Games:V/Vroom&DataDisk/DataDisk.Slave
Vroom DataDisk	V/Vroom DataDisk 	A-Games:V/Vroom&DataDisk/Vroom.Slave
Vroom Multi-Player	V/Vroom Multi-Player	A-Games:V/VroomMultiPlayer/VroomMultiplayer.Slave
Vyrus	V/Vyrus	A-Games:V/Vyrus/Vyrus.Slave