Simpsons, The: Bart vs. the Space Mutants 1Disk	S/Simpsons. The Bart vs. the	A-Games:B/BartVsSpaceMutants1Disk/BartVsSpaceMutants1Disk.Slave
Simpsons, The: Bart vs. the Space Mutants 2Disk	S/Simpsons. The Bart vs.  V2	A-Games:B/BartVsSpaceMutants2Disk/BartVsSpaceMutants2Disk.Slave
Simpsons, The: Bart vs. the World	S/Simpsons. The Bart vs.  V3	A-Games:B/BartVsTheWorld/BartVsTheWorld.slave
Star Wars: The Empire Strikes Back	S/Star Wars The Empire Strik	A-Games:E/EmpireStrikesBack/EmpireStrikesBack.Slave
Saint & Greavsie	S/Saint Greavsie	A-Games:S/Saint&Greavsie/Saint&Greavsie.Slave
Salmon-Pink Max	S/Salmon-Pink Max	A-Games:S/SalmonPinkMax/SalmonPinkMax.Slave
Santa's Xmas Caper	S/Santas Xmas Caper	A-Games:S/SantasXmasCaper/SantasXmasCaper.Slave
Sarakon	S/Sarakon	A-Games:S/Sarakon/Sarakon.slave
SAS Combat Simulator	S/SAS Combat Simulator	A-Games:S/SASCombatSimulator/SASCombatSimulator.Slave
Satan	S/Satan	A-Games:S/Satan/Satan.Slave
Savage	S/Savage	A-Games:S/Savage/Savage.Slave
Scooby Doo and Scrappy Doo	S/Scooby Doo and Scrappy Doo	A-Games:S/ScoobyDoo&ScrappyDoo/ScoobyDoo&ScrappyDoo.slave
Scorpio	S/Scorpio	A-Games:S/Scorpio/Scorpio.Slave
Scorpion	S/Scorpion	A-Games:S/Scorpion/Scorpion.Slave
Scramble Spirits	S/Scramble Spirits	A-Games:S/ScrambleSpirits/ScrambleSpirits.Slave
Seconds Out..!	S/Seconds Out..	A-Games:S/SecondsOut/SecondsOut.Slave
Sensible Soccer 512KB	S/Sensible Soccer 512KB	A-Games:S/SensibleSoccer512KB/SensibleSoccer512KB.Slave
Sensible Soccer: European Champions v1.1 (92/93 Edition) 512KB	S/Sensible Soccer European C	A-Games:S/SensibleSoccer9293512KB/SensibleSoccer9293512KB.Slave
Sensible Soccer: England vs Germany	S/Sensible Soccer England vs	A-Games:S/SensibleSoccerBulldogBlty/SensibleSoccerBulldogBlty.Slave
Sensible Soccer v1.1 - European Champions 512KB	S/Sensible Soccer v1.1 - Eur	A-Games:S/SensibleSoccerEuro512KB/SensibleSoccerEuro512KB.Slave
Sensible Soccer v1.2 - International Edition 512KB	S/Sensible Soccer v1.2 - Int	A-Games:S/SensibleSoccerIntEd512KB/SensibleSoccerIntEd512KB.Slave
Sentinel, The	S/Sentinel. The	A-Games:S/Sentinel/Sentinel.Slave
Seven Gates of Jambala, The Files	S/Seven Gates of Jambala. Th	A-Games:S/SevenGatesOfJambalaFiles/SevenGatesOfJambalaFiles.slave
Seven Gates of Jambala, The Image	S/Seven Gates of Jambala. V2	A-Games:S/SevenGatesOfJambalaImage/SevenGatesOfJambalaImage.slave
Seymour goes to Hollywood	S/Seymour goes to Hollywood	A-Games:S/SeymourGoesToHollywood/SeymourGoesToHollywood.slave
Shadow Dancer	S/Shadow Dancer	A-Games:S/ShadowDancer/ShadowDancer.slave
Shadowlands	S/Shadowlands	A-Games:S/Shadowlands/Shadowlands.Slave
Shadow of the Beast	S/Shadow of the Beast	A-Games:S/ShadowOfTheBeast/ShadowOfTheBeast.slave
Shadow of the Beast II	S/Shadow of the Beast II	A-Games:S/ShadowOfTheBeast2/ShadowOfTheBeast2.Slave
Shadow of the Beast II Demo	S/Shadow of the Beast II Dem	A-Games:S/ShadowOfTheBeast2Demo/ShadowOfTheBeast2Demo.Slave
Shadow of the Beast II NTSC	S/Shadow of the Beast II NTS	A-Games:S/ShadowOfTheBeast2NTSC/ShadowOfTheBeast2NTSC.Slave
Shadow of the Beast Demo	S/Shadow of the Beast Demo	A-Games:S/ShadowOfTheBeastDemo/ShadowOfTheBeastDemo.Slave
Sharkey's Moll	S/Sharkeys Moll	A-Games:S/SharkeysMoll/SharkeysMoll.Slave
She-Fox	S/She-Fox	A-Games:S/SheFox/SheFox.slave
Shinobi	S/Shinobi	A-Games:S/Shinobi/Shinobi.Slave
Shinobi NTSC	S/Shinobi NTSC	A-Games:S/ShinobiNTSC/ShinobiNTSC.Slave
ShockWave	S/ShockWave	A-Games:S/ShockWave/ShockWave.Slave
Shuffle	S/Shuffle	A-Games:S/Shuffle/Shuffle.Slave
SideArms	S/SideArms	A-Games:S/SideArms/SideArms.slave
Silk Worm	S/Silk Worm	A-Games:S/Silkworm/Silkworm.slave
Simulcra	S/Simulcra	A-Games:S/Simulcra/Simulcra.Slave
Sink or Swim 512KB	S/Sink or Swim 512KB	A-Games:S/SinkOrSwim512KB/SinkOrSwim512KB.Slave
Sir Fred: The Legend	S/Sir Fred The Legend	A-Games:S/SirFredTheLegend/SirFredTheLegend.slave
Sixiang	S/Sixiang	A-Games:S/Sixiang/Sixiang.Slave
Skidz	S/Skidz	A-Games:S/Skidz/Skidz.Slave
Ski or Die	S/Ski or Die	A-Games:S/SkiOrDie/SkiOrDie.Slave
Skull & Crossbones	S/Skull Crossbones	A-Games:S/Skull&Crossbones/Skull&CrossBones.slave
Skweek	S/Skweek	A-Games:S/Skweek/Skweek.Slave
SkyChase	S/SkyChase	A-Games:S/SkyChase/SkyChase.Slave
Sky Fighter	S/Sky Fighter	A-Games:S/SkyFighter/SkyFighter.Slave
Sky High Stuntman	S/Sky High Stuntman	A-Games:S/SkyHighStuntman/SkyHighStuntman.Slave
Slackskin & Flint	S/Slackskin Flint	A-Games:S/Slackskin&Flint/Slackskin&Flint.Slave
Slayer	S/Slayer	A-Games:S/Slayer/Slayer.Slave
Sliders	S/Sliders	A-Games:S/Sliders/Sliders.Slave
Sly Spy: Secret Agent	S/Sly Spy Secret Agent	A-Games:S/SlySpySecretAgent/SlySpySecretAgent.slave
Smash	S/Smash	A-Games:S/Smash/Smash.slave
Snakes (Beta/Unreleased)	S/Snakes BetaUnreleased	A-Beta:S/Snakes/Snakes.Slave
Snoopy and Peanuts	S/Snoopy and Peanuts	A-Games:S/Snoopy&Peanuts/Snoopy&Peanuts.Slave
Snoopy and Peanuts NoSounds	S/Snoopy and Peanuts NoSound	A-Games:S/Snoopy&PeanutsNoSounds/Snoopy&PeanutsNoSounds.Slave
Snow Bros. Files	S/Snow Bros. Files	A-Games:S/SnowBrosFiles/SnowBrosFiles.slave
Snow Bros. Image	S/Snow Bros. Image	A-Games:S/SnowBrosImage/SnowBrosImage.slave
Soccer Pinball	S/Soccer Pinball	A-Games:S/SoccerPinball/SoccerPinball.slave
Soldier 2000	S/Soldier 2000	A-Games:S/Soldier2000/Soldier2000.Slave
Soldier of Light	S/Soldier of Light	A-Games:S/SoldierOfLight/SoldierOfLight.slave
Solomon's Key 2	S/Solomons Key 2	A-Games:S/SolomonsKey2/SolomonsKey2.Slave
Sonic Boom	S/Sonic Boom	A-Games:S/SonicBoom/SonicBoom.slave
Son Shu-Shi	S/Son Shu-Shi	A-Games:S/SonShuShi/SonShuShi.Slave
Sooty & Sweep	S/Sooty Sweep	A-Games:S/Sooty&Sweep/Sooty&Sweep.Slave
Sooty's Fun With Numbers	S/Sootys Fun With Numbers	A-Games:S/SootysFunWithNumbers/SootysFunWithNumbers.slave
Sophelie	S/Sophelie	A-Games:S/Sophelie/Sophelie.Slave
Sorceror's Apprentice	S/Sorcerors Apprentice	A-Games:S/SorcerorsApprentice/SorcerorsApprentice.Slave
Space Ace	S/Space Ace	A-Games:S/SpaceAce/SpaceAce.slave
Space Ace II: Borf's Revenge	S/Space Ace II Borfs Revenge	A-Games:S/SpaceAce2/SpaceAce2.Slave
Space Assault	S/Space Assault	A-Games:S/SpaceAssault/SpaceAssault.slave
Space Crusade	S/Space Crusade	A-Games:S/SpaceCrusade/SpaceCrusade.Slave
Space Crusade VoyageBeyond	S/Space Crusade VoyageBeyond	A-Games:S/SpaceCrusade&VoyageBeyond/VoyageBeyond.Slave
Space Crusade VoyageBeyond	S/Space Crusade VoyageBey V2	A-Games:S/SpaceCrusade&VoyageBeyond/SpaceCrusade.Slave
Spacecutter NTSC	S/Spacecutter NTSC	A-Games:S/SpacecutterNTSC/SpacecutterNTSC.Slave
Space Gun	S/Space Gun	A-Games:S/SpaceGun/SpaceGun.Slave
Space Harrier	S/Space Harrier	A-Games:S/SpaceHarrier/SpaceHarrier.Slave
Space Harrier RetrnFntZone	S/Space Harrier RetrnFntZone	A-Games:S/SpaceHarrier&RetrnFntZone/SpaceHarrier.slave
Space Harrier II	S/Space Harrier II	A-Games:S/SpaceHarrier2/SpaceHarrier2.Slave
Space Harrier NTSC	S/Space Harrier NTSC	A-Games:S/SpaceHarrierNTSC/SpaceHarrierNTSC.Slave
Space Pilot 89	S/Space Pilot 89	A-Games:S/SpacePilot89/SpacePilot89.Slave
Spaceport	S/Spaceport	A-Games:S/Spaceport/Spaceport.Slave
Space Station Oblivion	S/Space Station Oblivion	A-Games:S/SpaceStation/SpaceStation.Slave
Spacewrecked: 14 Billion Light Years From Earth NTSC	S/Spacewrecked 14 Billion Li	A-Games:S/SpacewreckedNTSC/SpacewreckedNTSC.Slave
Speedball	S/Speedball	A-Games:S/Speedball/Speedball.slave
Speedball 2: Brutal Deluxe	S/Speedball 2 Brutal Deluxe	A-Games:S/Speedball2/Speedball2.Slave
Speedball 2: Brutal Deluxe NTSC	S/Speedball 2 Brutal Deluxe 	A-Games:S/Speedball2NTSC/Speedball2NTSC.Slave
Speedball NTSC	S/Speedball NTSC	A-Games:S/SpeedballNTSC/SpeedballNTSC.slave
Speedboat Assassin	S/Speedboat Assassin	A-Games:S/SpeedboatAssassins/SpeedboatAssassins.Slave
Speed Buggy NTSC	S/Speed Buggy NTSC	A-Games:S/SpeedBuggyNTSC/SpeedBuggyNTSC.slave
Spellbound Dizzy	S/Spellbound Dizzy	A-Games:S/SpellboundDizzy/SpellboundDizzy.Slave
Spellfire the Sorceror	S/Spellfire the Sorceror	A-Games:S/SpellfireTheSorcerer/SpellfireTheSorcerer.slave
Spherical	S/Spherical	A-Games:S/Spherical/Spherical.Slave
Spike In Transylvania	S/Spike In Transylvania	A-Games:S/SpikeInTransylvania/SpikeInTransylvania.Slave
Spindizzy Worlds	S/Spindizzy Worlds	A-Games:S/SpindizzyWorlds/SpindizzyWorlds.slave
Spirit of Adventure DE 1Disk	S/Spirit of Adventure DE 1Di	A-Games:S/SpiritOfAdventureDe1Disk/SpiritOfAdventureDe1Disk.slave
Spirit of Adventure DE 3Disk	S/Spirit of Adventure DE 3Di	A-Games:S/SpiritOfAdventureDe3Disk/SpiritOfAdventureDe3Disk.slave
Spitting Image Image	S/Spitting Image Image	A-Games:S/SpittingImage/SpittingImage.slave
Spy vs Spy	S/Spy vs Spy	A-Games:S/SpyVsSpy/SpyVsSpy.Slave
Spy vs Spy II: The Island Caper	S/Spy vs Spy II The Island C	A-Games:S/SpyVsSpy2TheIslandCaper/SpyVsSpy2TheIslandCaper.Slave
Spy vs Spy III - Arctic Antics	S/Spy vs Spy III - Arctic An	A-Games:S/SpyVsSpy3ArcticAntics/SpyVsSpy3ArcticAntics.Slave
Spy Who Loved Me, The	S/Spy Who Loved Me. The	A-Games:S/SpyWhoLovedMe/SpyWhoLovedMe.Slave
Stack Up	S/Stack Up	A-Games:S/StackUp/StackUp.Slave
Starbirds	S/Starbirds	A-Games:S/Starbirds/Starbirds.Slave
Starblaze	S/Starblaze	A-Games:S/Starblaze/Starblaze.slave
Starglider	S/Starglider	A-Games:S/Starglider/Starglider.Slave
Star Goose!	S/Star Goose	A-Games:S/StarGoose/StarGoose.Slave
Starians	S/Starians	A-Games:S/Starians/Starians.slave
StarTrash	S/StarTrash	A-Games:S/StarTrash/StarTrash.slave
Starush Files	S/Starush Files	A-Games:S/StarushFiles/StarushFiles.Slave
Starush Image	S/Starush Image	A-Games:S/StarushImage/StarushImage.Slave
Steel	S/Steel	A-Games:S/Steel/Steel.Slave
Steg the Slug	S/Steg the Slug	A-Games:S/StegTheSlug/StegTheSlug.slave
Steigar	S/Steigar	A-Games:S/Steigar/Steigar.Slave
Stormball	S/Stormball	A-Games:S/Stormball/Stormball.Slave
Stormlord	S/Stormlord	A-Games:S/Stormlord/Stormlord.Slave
Stormlord NTSC	S/Stormlord NTSC	A-Games:S/StormlordNTSC/StormlordNTSC.Slave
Stormlord Prerelease	S/Stormlord Prerelease	A-Games:S/StormlordPrerelease/StormlordPrerelease.Slave
Stratego	S/Stratego	A-Games:S/Stratego/Stratego.Slave
Street Gang	S/Street Gang	A-Games:S/StreetGang/StreetGang.slave
Strider	S/Strider	A-Games:S/Strider/Strider.Slave
Strider II	S/Strider II	A-Games:S/Strider2/Strider2.Slave
Strike Aces NTSC	S/Strike Aces NTSC	A-Games:S/StrikeAcesNTSC/StrikeAcesNTSC.Slave
Stryx	S/Stryx	A-Games:S/Stryx/Stryx.Slave
Stunt Car Racer (Beta/Unreleased)	S/Stunt Car Racer BetaUnrele	A-Beta:S/StuntCarRacer/StuntCarRacer.slave
Stunt Car Racer	S/Stunt Car Racer	A-Games:S/StuntCarRacer/StuntCarRacer.Slave
Stunt Car Racer	S/Stunt Car Racer 	A-Games:S/StuntCarRacerTNT/StuntCarRacerTNT.Slave
Stunt Car Racer (Beta/Unreleased)	S/Stunt Car Racer BetaUnr V2	A-Beta:S/StuntCarRacerTNT/StuntCarRacerTNT.slave
Stunt Track Racer NTSC	S/Stunt Track Racer NTSC	A-Games:S/StuntTrackRacerNTSC/StuntTrackRacerNTSC.Slave
Subbuteo: The Computer Game	S/Subbuteo The Computer Game	A-Games:S/Subbuteo/Subbuteo.Slave
Suburban Commando	S/Suburban Commando	A-Games:S/SuburbanCommando/SuburbanCommando.Slave
Summer Camp	S/Summer Camp	A-Games:S/SummerCamp/SummerCamp.Slave
Summer Challenge	S/Summer Challenge	A-Games:S/SummerChallenge/SummerChallenge.Slave
Summer Games	S/Summer Games	A-Games:S/SummerGames/SummerGames.slave
Summer Games SummerGames2	S/Summer Games SummerGames2	A-Games:S/SummerGames&SummerGames2/SummerGames&SummerGames2.slave
Summer Games II	S/Summer Games II	A-Games:S/SummerGames2/SummerGames2.slave
Summer Olympiad	S/Summer Olympiad	A-Games:S/SummerOlympiad/SummerOlympiad.Slave
Supaplex	S/Supaplex	A-Games:S/Supaplex/Supaplex.Slave
Super Cars 1Disk	S/Super Cars 1Disk	A-Games:S/SuperCars1Disk/SuperCars1Disk.Slave
Super Cars II	S/Super Cars II	A-Games:S/SuperCars2/SuperCars2.slave
Super Cars 2Disk	S/Super Cars 2Disk	A-Games:S/SuperCars2Disk/SuperCars2Disk.Slave
Super Cauldron	S/Super Cauldron	A-Games:S/SuperCauldron/SuperCauldron.Slave
Super Grand Prix	S/Super Grand Prix	A-Games:S/SuperGrandPrix/SuperGrandPrix.Slave
Superman: The Man of Steel	S/Superman The Man of Steel	A-Games:S/Superman/Superman.Slave
Super Monaco GP (Beta/Unreleased)	S/Super Monaco GP BetaUnrele	A-Beta:S/SuperMonacoGP/SuperMonacoGP.Slave
Super Monaco GP	S/Super Monaco GP	A-Games:S/SuperMonacoGP/SuperMonacoGP.slave
Super Scramble Simulator	S/Super Scramble Simulator	A-Games:S/SuperScrambleSimulator/SuperScrambleSimulator.slave
Super Seymour	S/Super Seymour	A-Games:S/SuperSeymourSavesPlanet/SuperSeymourSavesPlanet.slave
Super Skweek 512KB	S/Super Skweek 512KB	A-Games:S/SuperSkweek512KB/SuperSkweek512KB.Slave
Super Space Invaders	S/Super Space Invaders	A-Games:S/SuperSpaceInvaders/SuperSpaceInvaders.slave
Super Space Invaders NTSC	S/Super Space Invaders NTSC	A-Games:S/SuperSpaceInvadersNTSC/SuperSpaceInvadersNTSC.slave
Supremacy	S/Supremacy	A-Games:S/Supremacy/Supremacy.Slave
Switchblade	S/Switchblade	A-Games:S/Switchblade/Switchblade.Slave
Switchblade II	S/Switchblade II	A-Games:S/Switchblade2/Switchblade2.slave
Sword & The Rose, The	S/Sword The Rose. The	A-Games:S/Sword&TheRose/Sword&TheRose.slave
Sword of Honour	S/Sword of Honour	A-Games:S/SwordOfHonour/SwordOfHonour.slave
Sword of Sodan	S/Sword of Sodan	A-Games:S/SwordOfSodan/SwordOfSodan.Slave
Swords & Galleons	S/Swords Galleons	A-Games:S/Swords&Galleons/Swords&Galleons.slave