Ice Runner	I/Ice Runner	A-Games:I/IceRunner/IceRunner.Slave
IK+	I/IK+	A-Games:I/IK+/IK+.slave
Ikari Warriors	I/Ikari Warriors	A-Games:I/IkariWarriors/IkariWarriors.Slave
Ilyad	I/Ilyad	A-Games:I/Ilyad/Ilyad.slave
Impact!	I/Impact	A-Games:I/Impact/Impact.Slave
Impact!	I/Impact 	A-Games:I/Impact95/Impact95.Slave
Impossamole	I/Impossamole	A-Games:I/Impossamole/Impossamole.slave
Indiana Jones and the Last Crusade	I/Indiana Jones and the Last	A-Games:I/IndianaJonesLastCrusAct/IndianaJonesLastCrusAct.Slave
Indigo Files	I/Indigo Files	A-Games:I/IndigoFiles/IndigoFiles.Slave
Indigo Image	I/Indigo Image	A-Games:I/IndigoImage/IndigoImage.Slave
Indy Heat	I/Indy Heat	A-Games:I/IndyHeat/IndyHeat.Slave
Infestation	I/Infestation	A-Games:I/Infestation/Infestation.slave
Insector Hecti in the Interchange	I/Insector Hecti in the Inte	A-Games:I/InsectorHectiInterChange/InsectorHectiInterChange.Slave
International 3D Tennis	I/International 3D Tennis	A-Games:I/International3DTennis/International3DTennis.Slave
International Ninja Rabbits	I/International Ninja Rabbit	A-Games:I/InternationalNinjaRabbits/InternationalNinjaRabbits.Slave
International Tennis	I/International Tennis	A-Games:I/InternationalTennis/InternationalTennis.slave
International Truck Racing	I/International Truck Racing	A-Games:I/InternationalTruckRacing/InternationalTruckRacing.slave
Interphase	I/Interphase	A-Games:I/Interphase/Interphase.slave
Interphase AmigaFormat	I/Interphase AmigaFormat	A-Games:I/InterphaseAmigaFormat/InterphaseAmigaFormat.slave
Into the Eagle's Nest	I/Into the Eagles Nest	A-Games:I/IntoTheEaglesNest/IntoTheEaglesNest.slave
Invasion	I/Invasion	A-Games:I/Invasion/Invasion.Slave
Invest DE 1Disk	I/Invest DE 1Disk	A-Games:I/InvestDe1Disk/InvestDe1Disk.slave
Invest DE 2Disk	I/Invest DE 2Disk	A-Games:I/InvestDe2Disk/InvestDe2Disk.slave
Italy 1990	I/Italy 1990	A-Games:I/Italia1990/Italia1990.slave
Italy 1990	I/Italy 1990 	A-Games:I/Italy1990/Italy1990.slave
Italy 1990: Winners Edition	I/Italy 1990 Winners Edition	A-Games:I/Italy1990WinnersEdition/Italy1990WinnersEdition.slave
Ivanhoe	I/Ivanhoe	A-Games:I/Ivanhoe/Ivanhoe.slave
Italy '90 Soccer	I/Italy 90 Soccer	A-Games:W/WorldClassSoccer/WorldClassSoccer.slave