1000cc Turbo	1/1.run
1000 Miglia	1/2.run
1869	1/3.run
1869 DE	1/4.run
1869 PL	1/5.run
1943: The Battle of Midway	1/6.run
1st Division Manager	1/7.run
20000 Leagues under the Sea	1/8.run
3001: O'Connors Fight	1/9.run
3D Construction Kit	1/10.run
3D Galax	1/11.run
3D Pool 3DPictures	1/12.run
3D Pool	1/13.run
3D World Soccer	1/14.run
3D World Tennis	1/15.run
4D Sports Boxing	1/16.run
4D Sports Driving	1/17.run
4D Sports Driving MstrTrcks	1/18.run
4th & Inches	1/19.run
4x4 Off-Road Racing	1/20.run
5th Gear	1/21.run
688 Attack Sub	1/22.run
7 Colors	1/23.run
9 Lives	1/24.run
A-10 Tank Killer 2Disk	2/1.run
A-10 Tank Killer 3Disk	2/2.run
Aaargh!	2/3.run
Aaargh!	2/4.run
Abandoned Places: A Time for Heroes	2/5.run
Abandoned Places 2	2/6.run
Abandoned Places: A Time for Heroes DE	2/7.run
ABC Monday Night Football	2/8.run
Abracadabra	2/9.run
Academy	2/10.run
Ace Ball PL	2/11.run
Action Fighter	2/12.run
Addams Family, The	2/13.run
Adrenalynn	2/14.run
Advanced Destroyer Simulator	2/15.run
Advanced Ski Simulator	2/16.run
Advantage Tennis	2/17.run
Adventure Construction Set	2/18.run
Adventures of Quik & Silva, The	2/19.run
Adventures of Robin Hood, The	2/20.run
Adventures of Willy Beamish, The	2/21.run
African Raiders-01	2/22.run
Afterburner	2/23.run
After Burner	2/24.run
After the War	2/25.run
Advanced Galactic Empire	2/26.run
Agony	2/27.run
Agony Demo	2/28.run
Agony NTSC	2/29.run
Airball	2/30.run
Airborne Ranger	2/31.run
Air Support	2/32.run
Akira	2/33.run
Alcatraz	2/34.run
Alchemy Demo	2/35.run
Alfred Chicken	2/36.run
Alianator	2/37.run
Alien³	2/38.run
Alien Bash	2/39.run
Alien Bash 2	2/40.run
Alien Breed	2/41.run
Alien Breed II: The Horror Continues	2/42.run
Alien Breed: Special Edition 1992	2/43.run
Alien Breed	2/44.run
Alien Breed: Tower Assault	2/45.run
Alien Breed: Tower Assault	2/46.run
Alien Drug Lords: The Chyropian Connection	2/47.run
Alien Fish Finger	2/48.run
Alien Legion	2/49.run
Alien Storm	2/50.run
Alien Syndrome	2/51.run
Alien World	2/52.run
Aliex	2/53.run
Allan Border's Cricket	2/54.run
Allo Allo! Cartoon Fun!	2/55.run
ATR: All Terrain Racing	2/56.run
ATR: All Terrain Racing Demo	2/57.run
Alpha-1	2/58.run
Alpha Waves	2/59.run
Altered Beast	2/60.run
Altered Destiny	2/61.run
Amazing Spider-Man, The	2/62.run
Ambermoon	2/63.run
Ambermoon DE	2/64.run
Amberstar	2/65.run
Amberstar DE	2/66.run
Amberstar DE FAST	2/67.run
Amberstar FAST	2/68.run
Amegas	2/69.run
American Gladiators	2/70.run
American Tag-Team Wrestling	2/71.run
Amiga Karate	2/72.run
Amnios	2/73.run
Anarchy	2/74.run
Another World	2/75.run
Another World FR	2/76.run
Another World IT	2/77.run
Anstoss DE	2/78.run
Antago	2/79.run
Antares: Der Griff nach den Sternen DE	2/80.run
Apache	2/81.run
Apache Demo	2/82.run
Apache Flight	2/83.run
Apano Sin	2/84.run
Apano Sin DE	2/85.run
APB Files	2/86.run
All Points Bulletin Image	2/87.run
Apidya	2/88.run
Apidya	2/89.run
Apidya	2/90.run
Apidya	2/91.run
Apocalypse	2/92.run
Apprentice	2/93.run
Aquablast	2/94.run
Aquanaut	2/95.run
Aquatic Games, The: Starring James Pond and the Aquabats	2/96.run
Aquaventura	2/97.run
Aquaventura NTSC	2/98.run
Arabian Nights	2/99.run
Arachnophobia	2/100.run
Arcade Fruit Machine	2/101.run
Arcade Pool	2/102.run
Arcade Trivia Quiz	2/103.run
Archer MacLean Presents: Billard Americain	2/104.run
Archer Maclean's Pool	2/105.run
Archipelagos	2/106.run
Archipelagos NTSC	2/107.run
Archon: The Light and the Dark	2/108.run
Archon II: Adept	2/109.run
Arcticfox	2/110.run
Arena	2/111.run
Arkanoid	2/112.run
Arkanoid NTSC	2/113.run
Arkanoid: Revenge of Doh	2/114.run
Armageddon Man, The	2/115.run
Armalyte	2/116.run
Armour-Geddon	2/117.run
Armour-Geddon II: Codename Hellfire	2/118.run
Armour-Geddon NTSC	2/119.run
Army Moves	2/120.run
Arnie	2/121.run
Arnie 2	2/122.run
Art of Chess, The	2/123.run
Artura	2/124.run
Ashes of Empire	2/125.run
Ashes of Empire DE	2/126.run
Assassin	2/127.run
Assassin: Special Edition	2/128.run
Astaroth	2/129.run
Astatin	2/130.run
Astérix: Operation Getafix	2/131.run
Astérix: Operation Getafix DE	2/132.run
Astro Marine Corps	2/133.run
Atax	2/134.run
ATF II - Advanced Tactical Fighter II	2/135.run
Atomic Robo-Kid	2/136.run
Atomino	2/137.run
Atomino DE	2/138.run
Atomix	2/139.run
Atom Smasher	2/140.run
A-Train	2/141.run
A-Train 512K ConstrSet 512K	2/142.run
A-Train ConstructionSet	2/143.run
A-Train 512K	2/144.run
A-Train CZ 512K	2/145.run
A-Train DE 512K	2/146.run
A-Train FR 512K	2/147.run
A-Train PL 512K	2/148.run
A-Train CZ	2/149.run
A-Train DE	2/150.run
A-Train FR	2/151.run
A-Train PL	2/152.run
Aufschwung Ost DE	2/153.run
Aunt Arctic Adventure	2/154.run
Australo Piticus Mechanicus	2/155.run
Auto Duel	2/156.run
AV-8B Harrier Assault	2/157.run
Aventures de Moktar, Les FR	2/158.run
AWESOME	2/159.run
AWESOME Demo	2/160.run
Axel's Magic Hammer	2/161.run
Axe of Rage	2/162.run
Aztec Challenge	2/163.run
Antheads: It Came from the Desert II Data Disk	2/164.run
A Prehistoric Tale	2/165.run
A Question of Sport	2/166.run
B-17 Flying Fortress	3/1.run
B-17 Flying Fortress Demo	3/2.run
Baal	3/3.run
Baba Yaga	3/4.run
Baby Jo in 'Going Home'	3/5.run
Babylonian Twins Demo	3/6.run
Backlash	3/7.run
Back to the Future Part III	3/8.run
Back to the Future Part II	3/9.run
Bad Cat	3/10.run
Bad Company	3/11.run
Bad Dudes vs. Dragonninja NTSC	3/12.run
Bad Dudes vs. Dragonninja	3/13.run
BadLands	3/14.run
Badlands Pete	3/15.run
Bagitman	3/16.run
Balance of Power: Geopolitics in the Nuclear Age	3/17.run
Balance of Power: Geopolitics in the Nuclear Age	3/18.run
Ball Game, The	3/19.run
Ballistix	3/20.run
Ball Raider	3/21.run
Bandit Kings of Ancient China	3/22.run
Bangkok Knights	3/23.run
Banzai	3/24.run
Barbarian II	3/25.run
Barbarian II	3/26.run
Barbarian	3/27.run
Barbarian	3/28.run
Bard's Tale, The: Tales of the Unknown	3/29.run
Bard's Tale II, The: The Destiny Knight	3/30.run
Bard's Tale III, The: Thief of Fate	3/31.run
Bard's Tale, The: Tales of the Unknown NTSC	3/32.run
Bar Games	3/33.run
Bargon Attack	3/34.run
Bargon Attack FR	3/35.run
Base Jumpers	3/36.run
Basket Island Demo1	3/37.run
Basket Island Demo2	3/38.run
B.A.T.	3/39.run
B.A.T. II	3/40.run
B.A.T. II DE	3/41.run
B.A.T. II FR	3/42.run
B.A.T. DE	3/43.run
B.A.T. FR	3/44.run
Batman: The Caped Crusader	3/45.run
Batman Returns	3/46.run
Batman: The Movie 1Disk	3/47.run
Batman: The Movie 2Disk	3/48.run
Battle Bound	3/49.run
Battle Chess	3/50.run
Battle Chess II: Chinese Chess	3/51.run
Battle Chess CDTV	3/52.run
Battle Command	3/53.run
Battle for the Ashes	3/54.run
Battle for the Ashes AmigaPower	3/55.run
Battlehawks 1942	3/56.run
Battle Isle	3/57.run
Battle Isle DataDisk	3/58.run
Battle Isle DE Intro	3/59.run
Battle Master	3/60.run
Battleships	3/61.run
Battle Squadron	3/62.run
Battle Squadron Demo	3/63.run
Battlestorm	3/64.run
Battlestorm CDTV	3/65.run
Battletech: The Crescent Hawk's Inception	3/66.run
Battletoads	3/67.run
Battle Valley	3/68.run
BC Kid	3/69.run
Beach Volley	3/70.run
Beam	3/71.run
Beast Busters	3/72.run
Beastlord	3/73.run
Beavers	3/74.run
Behind the Iron Gate	3/75.run
Behind the Iron Gate DE	3/76.run
Belial	3/77.run
Beneath A Steel Sky	3/78.run
Beneath A Steel Sky DE	3/79.run
Beneath A Steel Sky FR	3/80.run
Beneath A Steel Sky IT	3/81.run
Beneath A Steel Sky SE	3/82.run
Benefactor	3/83.run
Berlin 1948	3/84.run
Berlin 1948 DE	3/85.run
Best of the Best: Championship Karate	3/86.run
Betrayal	3/87.run
Better Dead Than Alien!	3/88.run
Better Maths	3/89.run
Beverly Hills Cop	3/90.run
Beyond Dark Castle	3/91.run
Beyond the Ice Palace	3/92.run
Bez Kompromisu PL	3/93.run
Big Business	3/94.run
Big Nose the Caveman	3/95.run
Big Run	3/96.run
Bill's Tomato Game	3/97.run
Bio Challenge	3/98.run
Bionic Commando	3/99.run
Bionic Commando NTSC	3/100.run
Biplane Duel	3/101.run
Birds of Prey	3/102.run
Bismarck	3/103.run
Black Cauldron, The	3/104.run
Black Crypt	3/105.run
Black Gold (reLINE)	3/106.run
Black Hornet	3/107.run
Black Lamp	3/108.run
Black Sect FR	3/109.run
Black Shadow	3/110.run
Black Tiger	3/111.run
Black Viper	3/112.run
Blades of Steel	3/113.run
Blade Warrior	3/114.run
Blastaball	3/115.run
Blastar	3/116.run
Blasteroids	3/117.run
Blazing Thunder	3/118.run
Blinky's Scary School	3/119.run
Blob	3/120.run
Block Out	3/121.run
Block Shock: The Last Chance	3/122.run
Blood Money	3/123.run
BloodNet	3/124.run
Bloodwych	3/125.run
Bloodwych ExtendedLevels	3/126.run
Bloodwych ExtendedLevels	3/127.run
Blue Angel 69	3/128.run
Blue Angels	3/129.run
Blueberry DE	3/130.run
Blue Max: Aces of the Great War	3/131.run
Blues Brothers, The	3/132.run
BMX Simulator	3/133.run
Bobo FR	3/134.run
Bob's Bad Day	3/135.run
Bob's Garden	3/136.run
Body Blows	3/137.run
Body Blows Galactic	3/138.run
Bomber Bob	3/139.run
Bomb Fusion	3/140.run
Bomb Jack	3/141.run
Bombuzal	3/142.run
Bomb'X	3/143.run
Bonanza Bros	3/144.run
Booly	3/145.run
Borobodur: The Planet of Doom	3/146.run
Borrowed Time	3/147.run
Boston Bomb Club	3/148.run
Boston Bomb Club FAST	3/149.run
Botics	3/150.run
Boulder Dash Construction Kit	3/151.run
Brainball	3/152.run
Brain Blasters, The	3/153.run
Brain Man	3/154.run
Bram Stoker's Dracula	3/155.run
Brat	3/156.run
Brataccas	3/157.run
Breach	3/158.run
Breach 2	3/159.run
Brian Lara's Cricket	3/160.run
Brian Lara's Cricket 96	3/161.run
Brian the Lion	3/162.run
Brides of Dracula	3/163.run
Brutal Football	3/164.run
Brutal: Paws of Fury	3/165.run
Bubba 'n' Stix	3/166.run
Bubble and Squeak	3/167.run
Bubble +	3/168.run
Bubble Bobble	3/169.run
Bubble Bobble NTSC	3/170.run
Bubble Dizzy	3/171.run
Bubble Gun	3/172.run
Buck Rogers XXVc: Countdown To Doomsday	3/173.run
Buck Rogers XXVc: Countdown To Doomsday DE	3/174.run
Budokan: The Martial Spirit	3/175.run
Buffalo Bill's Wild West Show	3/176.run
Bug Bash	3/177.run
Bugbomber	3/178.run
Buggy Boy	3/179.run
Builderland	3/180.run
Bump 'n' Burn	3/181.run
Bumpy's Arcade Fantasy	3/182.run
Bunny Bricks	3/183.run
Bunny Bricks FAST	3/184.run
Burger Man	3/185.run
Burning Rubber	3/186.run
Burntime	3/187.run
Burntime DE	3/188.run
Butcher Hill	3/189.run
Bobo	3/190.run
Cabal	4/1.run
Cabaret Asteroids	4/2.run
Cabaret Asteroids	4/3.run
Cadaver	4/4.run
Cadaver: The Pay Off CadaverThePayoff	4/5.run
Cadaver Demos	4/6.run
Cadaver: The Pay Off	4/7.run
Caesar	4/8.run
Calephar Files	4/9.run
Calephar Image	4/10.run
California Games	4/11.run
California Games II	4/12.run
Campaign	4/13.run
Campaign DataDisk	4/14.run
Campaign II	4/15.run
Cannon Fodder	4/16.run
Cannon Fodder 2	4/17.run
Cannon Fodder 2 - Alien Levels	4/18.run
Cannon Fodder 2 DE	4/19.run
Cannon Fodder 2 FR	4/20.run
Cannon Fodder: New Campaign	4/21.run
Cannon Fodder Plus	4/22.run
Cannon Soccer	4/23.run
Cap 'n' Carnage	4/24.run
Capone	4/25.run
Captain Blood	4/26.run
Captain Dynamo	4/27.run
Captain Fizz Meets the Blaster-Trons	4/28.run
Captain Planet and the Planeteers	4/29.run
Captive	4/30.run
Carcharodon: White Sharks	4/31.run
Cardiaxx	4/32.run
Cardiaxx	4/33.run
Carl Lewis Challenge, The	4/34.run
Carlos	4/35.run
Carnage	4/36.run
Carrier Command	4/37.run
Carrier Command NoMusic	4/38.run
Carthage	4/39.run
Carton Rouge FR	4/40.run
Carver	4/41.run
Car-Vup	4/42.run
Castle Kingdoms	4/43.run
Castle Master	4/44.run
Castle Master II: The Crypt	4/45.run
Castle of Dr. Brain	4/46.run
Castle of Dr. Brain DE	4/47.run
Castles	4/48.run
Castles DE	4/49.run
Castlevania	4/50.run
Castle Warrior	4/51.run
Catch 'Em	4/52.run
Cattivik	4/53.run
Cavemania	4/54.run
Cavitas	4/55.run
Cedric and the Lost Sceptre	4/56.run
Cedric and the Lost Sceptre FAST	4/57.run
Celtic Legends	4/58.run
Centerfold Squares	4/59.run
Centurion: Defender of Rome	4/60.run
Century	4/61.run
Chamber of the Sci-Mutant Priestess	4/62.run
Chambers of Shaolin	4/63.run
Champ, The	4/64.run
Champion Driver	4/65.run
Championship Golf	4/66.run
Champions of Krynn	4/67.run
Chaos Engine, The	4/68.run
Chaos Engine 2, The	4/69.run
Chaos Engine, The Demo	4/70.run
Chaos in Andromeda: Eyes of the Eagle	4/71.run
Chaos in Andromeda: Eyes of the Eagle CDTV	4/72.run
Chaos Strikes Back DE Util	4/73.run
Chaos Strikes Back Util	4/74.run
Chaos Strikes Back FR Util	4/75.run
Charlie J. Cool	4/76.run
Chase HQ	4/77.run
Chase HQ II: Special Criminal Investigation	4/78.run
Chessmaster 2000, The	4/79.run
Chess Player 2150	4/80.run
Chess Player 2150	4/81.run
Chess Player 2150 DE	4/82.run
Chess Player 2150 FR	4/83.run
Chess Simulator	4/84.run
Chicago 90	4/85.run
Chichén Itzá ES	4/86.run
Chip's Challenge	4/87.run
Chip's Challenge	4/88.run
Christoph Kolumbus DE	4/89.run
Chrome	4/90.run
Chronicles of Omega, The	4/91.run
Chrono Quest	4/92.run
Chrono Quest II	4/93.run
Chrono Quest DE	4/94.run
Chubby Gristle	4/95.run
Chuckie Egg	4/96.run
Chuckie Egg II	4/97.run
Chuck Rock	4/98.run
Chuck Rock II: Son of Chuck	4/99.run
Chuck Yeager's Advanced Flight Trainer 2.0	4/100.run
Circus Attractions 1Disk	4/101.run
Circus Attractions 2Disk	4/102.run
Circus Games	4/103.run
Cisco Heat	4/104.run
Citadel	4/105.run
City Defence	4/106.run
Civilization	4/107.run
Civilization CD	4/108.run
Civilization DE	4/109.run
CJ in the USA	4/110.run
CJ's Elephant Antics	4/111.run
Classic Arcadia & Baby Arcadia	4/112.run
Classic Board Games	4/113.run
Classic Pucman	4/114.run
Cliffhanger	4/115.run
Clik Clak	4/116.run
Clockwiser	4/117.run
Cloud Kingdoms	4/118.run
Clown-O-Mania	4/119.run
Clue!, The	4/120.run
Cluedo: Master Detective	4/121.run
Clue: Master Detective	4/122.run
COALA	4/123.run
Code Name: Iceman	4/124.run
Cogans Run	4/125.run
Colonel's Bequest, The	4/126.run
Colonization	4/127.run
Colony, The	4/128.run
Colorado	4/129.run
Colorado FAST	4/130.run
Colorado FR FAST	4/131.run
Colorado FR	4/132.run
Color Buster	4/133.run
Coloris	4/134.run
Colossus Chess X	4/135.run
Combat Air Patrol	4/136.run
Combo Racer	4/137.run
Commando	4/138.run
Computer Scrabble	4/139.run
Conan the Cimmerian	4/140.run
Conflict: Europe	4/141.run
Conflict: Europe FR	4/142.run
Conflict: The Middle East Political Simulator	4/143.run
Conqueror	4/144.run
Conquests of Camelot	4/145.run
Conquests of the Longbow	4/146.run
Continental Circus	4/147.run
Cool Croc Twins	4/148.run
Cool Spot	4/149.run
Cool World	4/150.run
Corporation Missions 2Disk	4/151.run
Corporation Missions 3Disk	4/152.run
Corporation 1Disk	4/153.run
Corporation 2Disk	4/154.run
Corruption	4/155.run
Corsarios	4/156.run
Corx	4/157.run
Cosmic Bouncer	4/158.run
Cosmic Pirate	4/159.run
Cosmic Relief: Prof. Renegade to the Rescue	4/160.run
Cosmic Spacehead	4/161.run
Count Duckula	4/162.run
Cover Girl Strip Poker	4/163.run
Covert Action	4/164.run
Covert Action DE	4/165.run
Crack	4/166.run
Crack Down	4/167.run
Crash Garrett	4/168.run
Crazy Cars	4/169.run
Crazy Cars II	4/170.run
Crazy Cars III	4/171.run
Crazy Cars III NoIntro	4/172.run
Crazy Seasons	4/173.run
Crazy Shot	4/174.run
Crazy Sue	4/175.run
Crazy Sue ...Goes On	4/176.run
Creature	4/177.run
Creatures	4/178.run
Crime City	4/179.run
Crime City DE	4/180.run
Crime Does Not Pay	4/181.run
Crime Wave	4/182.run
Croak!	4/183.run
Croak 2	4/184.run
Croisière Pour Un Cadavre FR	4/185.run
Crossbow: The Legend of William Tell	4/186.run
CrossCheck	4/187.run
Cruise for a Corpse	4/188.run
Cruise for a Corpse DE	4/189.run
Cruise for a Corpse ES	4/190.run
Cruise for a Corpse IT	4/191.run
Cruncher Factory	4/192.run
Crystal Dragon	4/193.run
Crystal Dragon DE	4/194.run
Crystal Hammer	4/195.run
Crystal Hammer	4/196.run
Crystal Kingdom Dizzy	4/197.run
Crystal Palace	4/198.run
Crystals of Arborea	4/199.run
Crystals of Arborea DE	4/200.run
Crystals of Arborea DE FAST	4/201.run
Crystals of Arborea FAST	4/202.run
Crystals of Arborea FR	4/203.run
Crystals of Arborea FR FAST	4/204.run
Cubix	4/205.run
Cubulus	4/206.run
Curse of Enchantia	4/207.run
Curse of RA, The	4/208.run
Curse of RA, The CDTV	4/209.run
Curse of the Azure Bonds	4/210.run
Custodian	4/211.run
Cyber Assault	4/212.run
Cyberball	4/213.run
Cyberblast	4/214.run
Cybercon III	4/215.run
Cyber Cop	4/216.run
Cyber Empires	4/217.run
Cyber Games	4/218.run
Cybernetix	4/219.run
Cybernoid: The Fighting Machine	4/220.run
Cybernoid II: The Revenge	4/221.run
Cyberpunks	4/222.run
Cyber World	4/223.run
Cyberzerk	4/224.run
Cycles, The: International Grand Prix Racing	4/225.run
Cygnus 8	4/226.run
Citadel PL	4/227.run
Cytron	4/228.run
Celica GT Rally	4/229.run
Dalek Attack	5/1.run
Daley Thompson's Olympic Challenge 1Disk	5/2.run
Daley Thompson's Olympic Challenge 2Disk	5/3.run
Damage: The Sadistic Butchering of Humanity	5/4.run
Damage: The Sadistic Butchering of Humanity Preview	5/5.run
Damocles - Mercenary II	5/6.run
Dan Dare III: The Escape	5/7.run
Darius+	5/8.run
Dark Castle	5/9.run
Dark Century	5/10.run
Dark Fusion	5/11.run
Darkman	5/12.run
Darkmere	5/13.run
Dark Queen of Krynn, The	5/14.run
Darkseed	5/15.run
Darkseed DE	5/16.run
Darkseed ES	5/17.run
Darkseed FR	5/18.run
Dark Side	5/19.run
DarkSpyre	5/20.run
Das Boot	5/21.run
Datastorm	5/22.run
Dawn Patrol	5/23.run
Dawn Patrol DE	5/24.run
Day Of The Pharaoh	5/25.run
Day Of The Pharaoh DE	5/26.run
Day of the Viper	5/27.run
Days of Thunder	5/28.run
D-Day: The Beginning of the End	5/29.run
D-Day: The Beginning of the End FR	5/30.run
Death Bringer	5/31.run
Death Bringer	5/32.run
Death Knights of Krynn	5/33.run
Death Knights of Krynn DE	5/34.run
Death Mask	5/35.run
Death or Glory: The Battle of Morgan DE	5/36.run
Death Sword	5/37.run
Death Trap	5/38.run
Début: Planet Simulation	5/39.run
Deconstruction	5/40.run
Deep, The	5/41.run
Deep Core	5/42.run
Deep Space	5/43.run
Defender II	5/44.run
Defender of the Crown	5/45.run
Defender of the Crown CDTV	5/46.run
Defender	5/47.run
Defenders of the Earth	5/48.run
Deflektor	5/49.run
Deja Vu II: Lost in Las Vegas	5/50.run
Deja Vu: A Nightmare Comes True	5/51.run
Deliverance	5/52.run
Delta Command	5/53.run
Deluxe Galaga	5/54.run
Deluxe Pacman	5/55.run
Deluxe Strip Poker 2	5/56.run
Deluxe Strip Poker 2 DDisks	5/57.run
Demon Blue	5/58.run
Demoniak	5/59.run
Demon's Tomb: The Awakening	5/60.run
Denaris 1Disk	5/61.run
Denaris 2Disk	5/62.run
Denjoy	5/63.run
Dennis	5/64.run
Desert Strike: Return to the Gulf	5/65.run
Destroyer	5/66.run
Detonator	5/67.run
Detroit	5/68.run
Deuteros	5/69.run
Devious Designs	5/70.run
D/Generation	5/71.run
Dick Tracy	5/72.run
Dick Tracy: The Crime Solving Adventure	5/73.run
Die Hard 2: Die Harder	5/74.run
Digger	5/75.run
Dimo's Quest	5/76.run
Dinosaur Detective Agency	5/77.run
Dino Wars	5/78.run
Dino Wars DE	5/79.run
Disc	5/80.run
Discovery: In The Steps of Columbus	5/81.run
Discovery (MicroIllusions)	5/82.run
Disposable Hero	5/83.run
Disposable Hero FAST	5/84.run
Distant Armies: A Playing History of Chess	5/85.run
Ditris	5/86.run
Dizzy Collection Disk2	5/87.run
Dizzy Collection Disk1	5/88.run
Dizzy Dice	5/89.run
Dizzy Panic	5/90.run
Dizzy: Prince of the Yolkfolk	5/91.run
Dizzy's Excellent Adventures Disk1	5/92.run
Dizzy's Excellent Adventures Disk2	5/93.run
Dog Fight	5/94.run
Dog Fight 15MB 15MB	5/95.run
Dog Fight 1MB 15MB	5/96.run
Dog Fight 2MB 15MB	5/97.run
Dog Fight 512KB 15MB	5/98.run
Dog Fight 15MB 1MB	5/99.run
Dog Fight 1MB 1MB	5/100.run
Dog Fight 2MB 1MB	5/101.run
Dog Fight 512KB 1MB	5/102.run
Dog Fight 15MB 2MB	5/103.run
Dog Fight 1MB 2MB	5/104.run
Dog Fight 2MB 2MB	5/105.run
Dog Fight 512KB 2MB	5/106.run
Dog Fight 15MB 512KB	5/107.run
Dog Fight 1MB 512KB	5/108.run
Dog Fight 2MB 512KB	5/109.run
Dog Fight 512KB 512KB	5/110.run
Dogs of War	5/111.run
Dojo Dan	5/112.run
Doman PL	5/113.run
Dominator	5/114.run
Dominium	5/115.run
Donald Duck's Playground	5/116.run
Donald's Alphabet Chase	5/117.run
Donkey Kong	5/118.run
Donk!: The Samurai Duck!	5/119.run
Doodlebug	5/120.run
Doofus	5/121.run
Double Agent	5/122.run
Double Dragon	5/123.run
Double Dragon II: The Revenge	5/124.run
Double Dragon II: The Revenge NTSC	5/125.run
Double Dragon 3: The Rosetta Stone	5/126.run
Double Dribble	5/127.run
Downhill Challenge	5/128.run
Drachen von Laas, Die DE	5/129.run
Dragon Breed	5/130.run
Dragon Fighter	5/131.run
Dragonflight	5/132.run
Dragonflight DE	5/133.run
Dragonflight FR	5/134.run
Dragons Breath	5/135.run
Dragons Breath DE	5/136.run
Dragons Breath FR	5/137.run
DragonScape	5/138.run
Dragon's Kingdom Demo	5/139.run
Dragon's Lair	5/140.run
Dragon's Lair FAST	5/141.run
Dragon's Lair SLOW	5/142.run
Dragon's Lair II: Time Warp	5/143.run
Dragon's Lair III: The Curse of Mordread	5/144.run
Dragon's Lair: Escape from Singe's Castle Demo NTSC	5/145.run
Dragon's Lair: Escape from Singe's Castle FAST	5/146.run
Dragon's Lair: Escape from Singe's Castle SLOW	5/147.run
Dragon Spirit	5/148.run
Dragonstone	5/149.run
Dragon Strike	5/150.run
Dragon Tiles	5/151.run
Dragon Tiles II: The Tournament	5/152.run
Dragon Wars	5/153.run
Dragon Wars DE	5/154.run
Drakkhen Files	5/155.run
Drakkhen DE Files	5/156.run
Drakkhen FR Files	5/157.run
Drakkhen NTSC Files	5/158.run
Drakkhen Image	5/159.run
Drakkhen DE Image	5/160.run
Drakkhen FR Image	5/161.run
Drakkhen NTSC Image	5/162.run
Dr. Doom's Revenge! 1Disk	5/163.run
Dr. Doom's Revenge! 2Disk NTSC	5/164.run
DreamWeb	5/165.run
DreamWeb DE	5/166.run
Dream Zone	5/167.run
Dr. Fruit	5/168.run
Driller	5/169.run
Drip	5/170.run
Drivin' Force	5/171.run
Dr. Mario	5/172.run
Duck Tales: The Quest for Gold	5/173.run
Dugger	5/174.run
Dune	5/175.run
Dune II: The Battle for Arrakis	5/176.run
Dune DE	5/177.run
Dune ES	5/178.run
Dune FR	5/179.run
Dune IT	5/180.run
Dungeon Master	5/181.run
Dungeon Quest	5/182.run
Dungeons of Avalon	5/183.run
Dungeons of Avalon II: The Island of Darkness	5/184.run
Dux	5/185.run
Dylan Dog: The Murderers	5/186.run
Dyna Blaster	5/187.run
Dynamite Düx	5/188.run
Dynasty Wars	5/189.run
Dyter-07	5/190.run
Die Kathedrale DE	5/191.run
Diosa de Cozumel, La ES	5/192.run
Do! Run Run Files	5/193.run
Do! Run Run Image	5/194.run
Eagle's Rider	6/1.run
EbonStar	6/2.run
Eco	6/3.run
Eco Phantoms	6/4.run
Edd the Duck!	6/5.run
Edd The Duck 2: Back with a Quack!	6/6.run
Eishockey Manager DE	6/7.run
Eksperyment Delfin PL	6/8.run
Electronic Pool	6/9.run
Elfmania	6/10.run
Elf	6/11.run
Elf	6/12.run
Elf NTSC	6/13.run
Eliminator	6/14.run
Elite	6/15.run
Elite Advanced	6/16.run
Elvira: Mistress of the Dark	6/17.run
Elvira II: The Jaws of Cerberus	6/18.run
Elvira II: The Jaws of Cerberus DE	6/19.run
Elvira II: The Jaws of Cerberus ES	6/20.run
Elvira II: The Jaws of Cerberus FR	6/21.run
Elvira II: The Jaws of Cerberus IT	6/22.run
Elvira: The Arcade Game	6/23.run
Elvira: Mistress of the Dark DE	6/24.run
Elvira: Mistress of the Dark FR	6/25.run
Embryo	6/26.run
Embryo DE	6/27.run
Emerald Mine	6/28.run
Emerald Mine II	6/29.run
Emerald Mine 3 Professional	6/30.run
Emerald Mines emeraldminecd CD	6/31.run
Emlyn Hughes International Soccer	6/32.run
Emmanuelle	6/33.run
Emmanuelle DE	6/34.run
Emmanuelle ES	6/35.run
Emmanuelle FR	6/36.run
E-Motion	6/37.run
Empire Soccer 94	6/38.run
Enchanted Land	6/39.run
Encounter	6/40.run
Enemy 2: Missing in Action	6/41.run
Enemy 2: Missing in Action DE	6/42.run
Enemy: Tempest of Violence	6/43.run
Enemy: Tempest of Violence DE	6/44.run
Enemy: Tempest of Violence	6/45.run
Enemy: Tempest of Violence DE	6/46.run
Enforcer, The	6/47.run
England Championship Special	6/48.run
Enlightenment: Druid II	6/49.run
Entity	6/50.run
Entity Intro	6/51.run
Entity NoIntro	6/52.run
Epic	6/53.run
Epic MissionDisk	6/54.run
Erbe, Das DE	6/55.run
Erik	6/56.run
Escape from Colditz	6/57.run
Escape from the Planet of the Robot Monsters	6/58.run
Eskadra PL	6/59.run
Eskimo Games	6/60.run
España: The Games '92	6/61.run
ESWAT	6/62.run
E.T.'s Rugby League	6/63.run
European Championship 1992	6/64.run
European Champions	6/65.run
European Football Champ	6/66.run
Euro Soccer	6/67.run
Evil Dawn	6/68.run
Excalibur	6/69.run
Executioner, The	6/70.run
Exile	6/71.run
Exolon	6/72.run
Explora II FR	6/73.run
Explora III: Sous Le Signe Du Serpent FR	6/74.run
Explora: Time Run FR	6/75.run
Extase	6/76.run
Exterminator	6/77.run
Extrial	6/78.run
Eye	6/79.run
Eye of Horus, The	6/80.run
Eye of the Beholder	6/81.run
Eye of the Beholder II: The Legend of Darkmoon	6/82.run
Eye of the Beholder II: The Legend of Darkmoon DE	6/83.run
Eye of the Beholder DE	6/84.run
Eye of the Storm Intro	6/85.run
Eye of the Storm	6/86.run
Escape from Colditz DE	6/87.run
Erbe 2: Das Schmutzige Erbe DE	6/88.run
Federation Quest 1: BSS Jane Seymour	7/1.run
F1	7/2.run
F-15 Strike Eagle II	7/3.run
F-16 Combat Pilot	7/4.run
F17 Challenge	7/5.run
F-19 Stealth Fighter	7/6.run
F1 Tornado	7/7.run
F1 World Championship Edition	7/8.run
F29 Retaliator	7/9.run
F40 Pursuit Simulator	7/10.run
F/A-18 Interceptor	7/11.run
Face Off	7/12.run
Faery Tale Adventure, The	7/13.run
Falcon	7/14.run
Falcon MissionDisk	7/15.run
Fallen Angel	7/16.run
Fantastic Dizzy	7/17.run
Fantastic Voyage	7/18.run
Fantastic Voyage CDTV	7/19.run
Fantasy Flyer	7/20.run
Fantasy World Dizzy	7/21.run
Fascination	7/22.run
Fascination DE	7/23.run
Fascination ES	7/24.run
Fascination FR	7/25.run
Fascination IT	7/26.run
Fast Brain PL	7/27.run
Fast Break	7/28.run
Fast Break	7/29.run
Fast Food!	7/30.run
Fast Food!	7/31.run
Fast Lane! The Spice Engineering Challenge	7/32.run
Fast Lane! The Spice Engineering Challenge	7/33.run
Fatal Heritage DE	7/34.run
Fatal Mission	7/35.run
Fate: Gates of Dawn	7/36.run
Fate: Gates of Dawn DE	7/37.run
Fatman: The Caped Consumer	7/38.run
Federation of Free Traders	7/39.run
Femme Fatale	7/40.run
Femme Fatale DataDisk	7/41.run
Fernandez Must Die	7/42.run
Ferrari Formula One	7/43.run
Feud	7/44.run
Fidelity Chessmaster 2100, The	7/45.run
Fiendish Freddy's Big Top o' Fun	7/46.run
FIFA International Soccer	7/47.run
Fighter Bomber	7/48.run
Fighter Bomber	7/49.run
Fighter Duel Pro	7/50.run
Fighting Soccer NTSC	7/51.run
Fightin' Spirit	7/52.run
Final Assault	7/53.run
Final Battle, The	7/54.run
Final Battle, The DE	7/55.run
Final Blow	7/56.run
Final Countdown	7/57.run
Final Fight 1MB	7/58.run
Final Fight 512K	7/59.run
Fire and Brimstone	7/60.run
Fire & Forget	7/61.run
Fire & Forget II: The Death Convoy	7/62.run
Fire and Ice	7/63.run
Fire and Ice Demo	7/64.run
Fire and Brimstone	7/65.run
Fireblaster	7/66.run
Fire Force	7/67.run
Firehawk	7/68.run
Firepower	7/69.run
Firestar	7/70.run
First Contact	7/71.run
First Samurai, The	7/72.run
Fish!	7/73.run
Fist Fighter	7/74.run
Five-A-Side Soccer	7/75.run
Flashback	7/76.run
Flashback CZ	7/77.run
Flashback DE	7/78.run
Flashback FR	7/79.run
Flashback IT	7/80.run
Flashback LOWMEM	7/81.run
Flashback CZ LOWMEM	7/82.run
Flashback DE LOWMEM	7/83.run
Flashback FR LOWMEM	7/84.run
Flashback IT LOWMEM	7/85.run
Flashback PL LOWMEM	7/86.run
Flashback PL	7/87.run
Flies: Attack on Earth DE	7/88.run
Flight of the Amazon Queen	7/89.run
Flight of the Intruder	7/90.run
Flight Path 737	7/91.run
Flight Simulator II SceneryDisk07	7/92.run
Flight Simulator II SceneryDisk09	7/93.run
Flight Simulator II SceneryDisk11	7/94.run
Flight Simulator II SceneryDisk12	7/95.run
Flight Simulator II SceneryDisk13	7/96.run
Flight Simulator II SceneryDisk14	7/97.run
Flight Simulator II	7/98.run
Flight Simulator II FlightSim2 Hawaiian	7/99.run
Flimbo's Quest	7/100.run
Flintstones, The	7/101.run
Flip Flop	7/102.run
Flip-it & Magnose: Water Carriers from Mars	7/103.run
Flood	7/104.run
Floor 13	7/105.run
Fly Fighter	7/106.run
Fly Fighter highs	7/107.run
Fly Harder	7/108.run
Flying Shark	7/109.run
Fool's Errand, The	7/110.run
Footballer of the Year 2	7/111.run
Football Glory	7/112.run
Football Manager 2	7/113.run
Football Manager: World Cup Edition	7/114.run
Football Manager: World Cup Edition DE	7/115.run
Forgotten Mine	7/116.run
Forgotten Worlds	7/117.run
Formula 1 Grand Prix	7/118.run
Formula One Grand Prix 3Disk	7/119.run
Formula One Grand Prix 4Disk	7/120.run
Foundation's Waste	7/121.run
Franco Baresi World Cup Kick Off IT	7/122.run
Frankenstein	7/123.run
Franko: The Crazy Revenge! PL Censored	7/124.run
Franko: The Crazy Revenge! PL	7/125.run
Frantic Freddie	7/126.run
Freak Out	7/127.run
Freedom: Rebels in the Darkness	7/128.run
Freedom: Rebels in the Darkness DE	7/129.run
Freedom: Rebels in the Darkness ES	7/130.run
Freedom: Rebels in the Darkness FR	7/131.run
Frenetic	7/132.run
Fright Night	7/133.run
Frontier: Elite II	7/134.run
Frontier: Elite II CZ	7/135.run
Frontier: Elite II DE	7/136.run
Frontier: Elite II FR	7/137.run
Frost Byte	7/138.run
Full Contact	7/139.run
Full Metal Planete Files	7/140.run
Full Metal Planete Image	7/141.run
Full Metal Planete Files NTSC	7/142.run
Full Metal Planete Image NTSC	7/143.run
Funturatum PL	7/144.run
Fury of the Furries	7/145.run
Fusion	7/146.run
Fußball Total! DE	7/147.run
Future Basketball	7/148.run
Future Bike Simulator	7/149.run
Future Classics Collection	7/150.run
Future Shock	7/151.run
Future Tank	7/152.run
Future Wars: Time Travellers	7/153.run
Future Wars: Time Travellers DE	7/154.run
Future Wars: Time Travellers ES	7/155.run
Future Wars: Time Travellers IT	7/156.run
Fuzzball	7/157.run
Fuzzball Intro	7/158.run
Fuzzball NoIntro	7/159.run
Fetiche Maya, Le	7/160.run
Fetiche Maya, Le ES	7/161.run
Fetiche Maya, Le FAST	7/162.run
Fetiche Maya, Le ES FAST	7/163.run
Fetiche Maya, Le FR FAST	7/164.run
Fetiche Maya, Le FR	7/165.run
F-117A Nighthawk Stealth Fighter 2.0	7/166.run
Gadget: Lost in Time	8/1.run
Gainforce	8/2.run
Galactic Conqueror	8/3.run
Galactic Empire	8/4.run
Galactic: The Xmas Edition 1MB	8/5.run
Galactic: The Xmas Edition 2MB	8/6.run
Galactic Warrior Rats	8/7.run
Galaga '92	8/8.run
Galaxy '89	8/9.run
Galaxy Blast	8/10.run
Galaxy Force II	8/11.run
Galdregon's Domain	8/12.run
Game of Harmony, The	8/13.run
Ganymed	8/14.run
Garfield: Winter's Tail	8/15.run
Garfield: Big, Fat, Hairy Deal	8/16.run
Garrison	8/17.run
Garrison II: The Legend Continues	8/18.run
Gary Lineker's Hot Shot	8/19.run
Gateway to the Savage Frontier	8/20.run
Gauntlet II	8/21.run
Gauntlet III: The Final Quest	8/22.run
Gazza II	8/23.run
GBA Championship Basketball	8/24.run
Gear Works	8/25.run
GeeBee Air Rally	8/26.run
Geisha	8/27.run
Geisha DE	8/28.run
Geisha ES	8/29.run
Geisha FR	8/30.run
Gemini Wing	8/31.run
Gem Stone Legend	8/32.run
Gem'X	8/33.run
Genesia	8/34.run
Genesia FR	8/35.run
Gettysburg	8/36.run
Ghost Battle	8/37.run
Ghostbusters II	8/38.run
Ghostbusters II NTSC	8/39.run
Ghost Chaser	8/40.run
Ghosts 'n Goblins	8/41.run
Ghouls 'n Ghosts	8/42.run
Giddy II: Hero in an Egg Shell	8/43.run
Giganoid	8/44.run
Gladiators	8/45.run
Global Gladiators	8/46.run
Global Trek	8/47.run
Globdule	8/48.run
Globdule NTSC	8/49.run
Globulus	8/50.run
G-LOC R360	8/51.run
G.Nius	8/52.run
Gnome Alone	8/53.run
Gnome Ranger	8/54.run
Goal!	8/55.run
Gobliiins	8/56.run
Gobliins 2: The Prince Buffoon	8/57.run
Gobliins 2: The Prince Buffoon DE	8/58.run
Gobliins 2: The Prince Buffoon ES	8/59.run
Gobliins 2: The Prince Buffoon FR	8/60.run
Gobliins 2: The Prince Buffoon IT	8/61.run
Goblins 3	8/62.run
Godfather, The	8/63.run
Gods	8/64.run
Gods Demo	8/65.run
Gods NTSC	8/66.run
Golden Axe	8/67.run
Golden Eagle	8/68.run
Golden Eagle Intro	8/69.run
Golden Path	8/70.run
Gold of the Aztecs, The	8/71.run
Gold of the Aztecs, The (v1.1) Kernal1.1	8/72.run
Goldrunner	8/73.run
Goldrunner II	8/74.run
Goldrunner II SceneryDisk	8/75.run
Gold Rush!	8/76.run
Goofy's Railway Express	8/77.run
Graeme Souness Soccer Manager	8/78.run
Graeme Souness Vector Soccer	8/79.run
Graham Gooch's Second Innings	8/80.run
Graham Gooch World Class Cricket	8/81.run
Graham Gooch World Class Cricket Test Match Special Edition	8/82.run
Grand Monster Slam	8/83.run
Grand Prix 500 2 FR	8/84.run
Grand Prix Circuit	8/85.run
Grand Prix Master	8/86.run
Granny's Garden	8/87.run
Gravity	8/88.run
Gravity-Force	8/89.run
Great Courts	8/90.run
Great Courts 2	8/91.run
Great Courts 2 512KB	8/92.run
Great Giana Sisters, The	8/93.run
Gremlins 2: The New Batch	8/94.run
Gridiron!	8/95.run
Grid Start	8/96.run
Graham Taylors Soccer Challenge	8/97.run
Guardian Angel, The	8/98.run
Guild of Thieves, The	8/99.run
Guldkorn Expressen DK 1MB	8/100.run
Guldkorn Expressen DK 512KB	8/101.run
Gunboat	8/102.run
Gunship	8/103.run
Gunship 2000	8/104.run
Gunshoot	8/105.run
Guy Spy and the Crystals of Armageddon	8/106.run
Guy Spy and the Crystals of Armageddon CDTV	8/107.run
Grid Runner	8/108.run
Grid Runner Cracked	8/109.run
Greg Norman's Ultimate Golf	8/110.run
Hacker	9/1.run
Hacker II: The Doomsday Papers	9/2.run
Hägar	9/3.run
Hägar DE	9/4.run
Halley Project, The: A Mission In Our Solar System	9/5.run
Hammer Boy	9/6.run
Hammerfist	9/7.run
Hanse DE	9/8.run
Harald Hårdtand: Kampen om de Rene Tænder DK	9/9.run
Hardball!	9/10.run
Hardball II	9/11.run
Hard Drivin'	9/12.run
Hard Drivin'	9/13.run
Hard 'n' Heavy	9/14.run
Harlequin 1MB	9/15.run
Harlequin 512KB	9/16.run
Harley-Davidson	9/17.run
Harpoon & Battleset 1: Greenland - Iceland - United Kingdom Gap	9/18.run
Harpoon Battleset 2: North Atlantic Convoys	9/19.run
Harpoon Battleset 3: The Mediterranean Conflict	9/20.run
Harpoon Battleset 4: The Indian Ocean	9/21.run
Harrier Combat Simulator	9/22.run
H.A.T.E.: Hostile All Terrain Encounter	9/23.run
Hawkeye	9/24.run
Head Over Heels	9/25.run
Heart of China	9/26.run
Heart of China DE	9/27.run
Heart of the Dragon 3Disk	9/28.run
Heart of the Dragon 4Disk	9/29.run
Heavy Metal	9/30.run
Heavy Metal Heroes	9/31.run
Heimdall	9/32.run
Heimdall 2: Into the Hall of Worlds	9/33.run
Hellbent	9/34.run
Hellfire Attack	9/35.run
Hellowoon: Das Geheimnis des Zauberstabs DE	9/36.run
Hellraider	9/37.run
Hell Raisers	9/38.run
Helter Skelter	9/39.run
Heroes of the Lance	9/40.run
HeroQuest	9/41.run
HeroQuest	9/42.run
HeroQuest II: Legacy of Sorasil	9/43.run
HeroQuest DE Fix	9/44.run
Hero's Quest	9/45.run
Hexuma: Das Auge Des Kal DE	9/46.run
High Steel	9/47.run
Highway Hawks	9/48.run
Highway Patrol II	9/49.run
Hillsfar	9/50.run
Hillsfar DE	9/51.run
Hill Street Blues	9/52.run
Hilt: Against the Hoardes	9/53.run
Hilt II	9/54.run
Hilt II DE	9/55.run
Hired Guns 1MB	9/56.run
Hired Guns 512KB	9/57.run
Hired Guns 1MB Demo	9/58.run
Hired Guns 512KB Demo	9/59.run
Historyline 1914-1918	9/60.run
Historyline 1914-1918 DE	9/61.run
Historyline 1914-1918 FR	9/62.run
Hole-In-One	9/63.run
Hole-In-One	9/64.run
Hole-In-One DataDisk	9/65.run
Hole-In-One DataDisk	9/66.run
Holiday Maker DE CDTV	9/67.run
Holiday Maker DE	9/68.run
Hollywood Poker	9/69.run
Hollywood Poker Pro	9/70.run
Hong Kong Phooey	9/71.run
Hook	9/72.run
Horror Zombies from the Crypt	9/73.run
Hostages	9/74.run
Hostile Breed	9/75.run
Hot Rod	9/76.run
Hot Rubber	9/77.run
Hotshot	9/78.run
Hound of Shadow, The	9/79.run
Huckleberry Hound in Hollywood Capers	9/80.run
Hudson Hawk	9/81.run
Hugo på nye Eventyr DK	9/82.run
Hugo på nye Eventyr FI	9/83.run
Hugo på nye Eventyr Del 2 DK	9/84.run
Hugo på nye Eventyr Del 2 FI	9/85.run
Human Killing Machine	9/86.run
Humans, The	9/87.run
Humans 2: The Jurassic Levels	9/88.run
Humans 2: The Jurassic Levels DE	9/89.run
Humans, The DE	9/90.run
Humans, The FR	9/91.run
Hunter	9/92.run
Hunter DE	9/93.run
Hunter FR	9/94.run
Hunt for Red October, The	9/95.run
Hybris	9/96.run
Hydra	9/97.run
Hyperdome	9/98.run
Hyperion	9/99.run
Holiday Lemmings 1993	9/100.run
Holiday Lemmings 1994	9/101.run
Holiday Lemmings 1994 Demo	9/102.run
Hero's Quest: So You Want To Be A Hero	9/103.run
Ian Botham's Cricket	10/1.run
Ice Runner	10/2.run
Ikari Warriors	10/3.run
Ilyad	10/4.run
Immortal, The	10/5.run
Impact!	10/6.run
Impact!	10/7.run
Imperium	10/8.run
Impossamole	10/9.run
Impossible Mission II	10/10.run
Impossible Mission 2025: The Special Edition	10/11.run
Incredible Crash Dummies, The	10/12.run
Indiana Jones and the Fate of Atlantis	10/13.run
Indiana Jones and the Fate of Atlantis	10/14.run
Indiana Jones and the Fate of Atlantis DE	10/15.run
Indiana Jones and the Fate of Atlantis ES	10/16.run
Indiana Jones and the Fate of Atlantis FR	10/17.run
Indiana Jones and the Fate of Atlantis IT	10/18.run
Indiana Jones and the Last Crusade	10/19.run
Indiana Jones and the Last Crusade	10/20.run
Indiana Jones and the Last Crusade DE	10/21.run
Indiana Jones and the Last Crusade ES	10/22.run
Indiana Jones and the Last Crusade FR	10/23.run
Indiana Jones and the Last Crusade IT	10/24.run
Indiana Jones and the Temple of Doom	10/25.run
Indianapolis 500	10/26.run
Indigo Files	10/27.run
Indigo Image	10/28.run
Indoor Sports: Volume 1	10/29.run
Indy Heat	10/30.run
Inertia Drive	10/31.run
Infection	10/32.run
Infestation	10/33.run
Ingrid's Back!	10/34.run
Innocent Until Caught	10/35.run
Innocent Until Caught DE	10/36.run
Innocent Until Caught FR	10/37.run
Insanity Fight	10/38.run
Insector Hecti in the Interchange	10/39.run
Insects in Space	10/40.run
Intact 15MB	10/41.run
Intact 1MB	10/42.run
Intact 512KB	10/43.run
International 3D Tennis	10/44.run
International Ice Hockey	10/45.run
IK+	10/46.run
International Ninja Rabbits	10/47.run
International Soccer	10/48.run
International Tennis	10/49.run
International Truck Racing	10/50.run
Interphase	10/51.run
Interphase AmigaFormat	10/52.run
Into the Eagle's Nest	10/53.run
International Sports Challenge	10/54.run
Invasion	10/55.run
Invest DE 1Disk	10/56.run
Invest DE 2Disk	10/57.run
Iron Lord	10/58.run
Iron Lord DE	10/59.run
Iron Lord FR	10/60.run
Iron Trackers	10/61.run
Iron Trackers FR	10/62.run
Ishar: Legend of the Fortress	10/63.run
Ishar 2: Messengers of Doom	10/64.run
Ishar 2: Messengers of Doom ES	10/65.run
Ishar 3: The Seven Gates of Infinity	10/66.run
Ishar 3: The Seven Gates of Infinity DE	10/67.run
Ishar 3: The Seven Gates of Infinity FR	10/68.run
Ishar: Legend of the Fortress ES	10/69.run
Ishidó: The Way of Stones	10/70.run
Island of Lost Hope, The	10/71.run
ISS: Incredible Shrinking Sphere	10/72.run
Italy 1990	10/73.run
Italy 1990	10/74.run
Italy 1990: Winners Edition	10/75.run
It Came from the Desert	10/76.run
Ivanhoe	10/77.run
Ivan 'Ironman' Stewart's Super Off Road	10/78.run
Ivan 'Ironman' Stewart's Super Off Road NTSC	10/79.run
Italy '90 Soccer	10/80.run
Je Découvre Les Couleurs FR	11/1.run
Jabato vs. Imperio: Libertad ES	11/2.run
Jaguar XJ220 Files	11/3.run
Jaguar XJ220 Image	11/4.run
Jahangir Khan's World Championship Squash	11/5.run
James Bond: The Stealth Affair	11/6.run
James Pond: Underwater Agent	11/7.run
James Pond 2: Codename RoboCod	11/8.run
Jaws	11/9.run
Jet	11/10.run
Jet Hawaiian	11/11.run
Jet SceneryDisk07	11/12.run
Jet SceneryDisk09	11/13.run
Jet SceneryDisk11	11/14.run
Jet SceneryDisk12	11/15.run
Jet SceneryDisk13	11/16.run
Jet SceneryDisk14	11/17.run
Jet Set Willy II	11/18.run
Jetsons: The Computer Game	11/19.run
Jetstrike	11/20.run
Jetstrike Intro	11/21.run
Jewels of Darkness	11/22.run
Jimmy's Fantastic Journey	11/23.run
Jimmy White's Whirlwind Snooker	11/24.run
Jimmy Willburne - A La Recherche Du Peigne Perdu Intro FR	11/25.run
Jimmy Willburne - A La Recherche Du Peigne Perdu FR	11/26.run
Jim Power in Mutant Planet	11/27.run
Jinks	11/28.run
Jinxter	11/29.run
Jocky Wilson's Darts Challenge	11/30.run
Joe & Mac: Caveman Ninja	11/31.run
Joe Blade	11/32.run
Joe Blade 2	11/33.run
John Barnes European Football	11/34.run
John Lowe's Ultimate Darts	11/35.run
John Madden Football	11/36.run
Jonathan DE	11/37.run
Journey	11/38.run
Jouster 3	11/39.run
Judge Dredd	11/40.run
Jug	11/41.run
Jumping Jack'son	11/42.run
Jump'n Roll	11/43.run
Jungle Strike 1MB	11/44.run
Jungle Strike 2MB	11/45.run
Junior Typist	11/46.run
Jupiter Probe	11/47.run
Jupiter's Masterdrive	11/48.run
Jurassic Park	11/49.run
K240	12/1.run
Kaiser DE	12/2.run
Kajko i Kokosz	12/3.run
Kajko i Kokosz PL	12/4.run
Kalas Puffs Expressen SE 1MB	12/5.run
Kalas Puffs Expressen SE 512KB	12/6.run
Kamikaze	12/7.run
Karate Kid Part II, The	12/8.run
Karate King CityDefence CityDefense	12/9.run
Karting Grand Prix	12/10.run
Katakis 1Disk	12/11.run
Katakis 2Disk	12/12.run
Keef the Thief	12/13.run
Kelly X	12/14.run
Kennedy Approach	12/15.run
Keys to Maramon, The	12/16.run
KGB	12/17.run
KGB DE	12/18.run
KGB FR	12/19.run
Khalaan	12/20.run
Kick Off	12/21.run
Kick Off ExtraTime 1Disk	12/22.run
Kick Off ExtraTime 2Disk	12/23.run
Kick Off 2	12/24.run
Kick Off 2	12/25.run
Kick Off 2 CV	12/26.run
Kick Off 2 DE	12/27.run
Kick Off 2 ES	12/28.run
Kick Off 2: The Final Whistle	12/29.run
Kick Off 2: The Final Whistle CV	12/30.run
Kick Off 2: The Final Whistle KickOff2FW DE	12/31.run
Kick Off 2 FR	12/32.run
Kick Off 2 IT	12/33.run
Kick Off 2	12/34.run
Kick Off 2 DE	12/35.run
Kick Off 2 FR	12/36.run
Kick Off 2 IT	12/37.run
Kick Off 2: Return to Europe	12/38.run
Kick Off 3	12/39.run
Kick Off 3: European Challenge	12/40.run
Kick Off 96	12/41.run
Kid Chaos	12/42.run
Kid Gloves	12/43.run
Kid Gloves II	12/44.run
Kikstart II	12/45.run
Kikugi	12/46.run
Killerball	12/47.run
Killing Cloud, The	12/48.run
Killing Game Show, The	12/49.run
Killing Machine	12/50.run
Kingmaker: The Quest for the Crown	12/51.run
King of Chicago, The	12/52.run
Kingpin: Arcade Sports Series Bowling	12/53.run
Kingpin: Arcade Sports Series Bowling 1MB	12/54.run
Kingpin: Arcade Sports Bowling Demo	12/55.run
King's Quest	12/56.run
King's Quest II	12/57.run
King's Quest III: To Heir is Human	12/58.run
King's Quest IV	12/59.run
King's Quest V	12/60.run
King's Quest V DE	12/61.run
King's Quest V IT	12/62.run
King's Quest VI	12/63.run
King's Quest VI DE	12/64.run
King's Quest VI FR	12/65.run
King's Quest: Quest for the Crown	12/66.run
Kiro's Quest	12/67.run
Klax	12/68.run
Knight Force	12/69.run
Knightmare	12/70.run
Knight Orc	12/71.run
Knights of the Crystallion	12/72.run
Knights of the Crystallion KnightsOfCrystallion DE	12/73.run
Knights of the Sky	12/74.run
Kristal, The	12/75.run
Kristal, The DE	12/76.run
Kristal, The NTSC	12/77.run
Krusty's Super Fun House	12/78.run
Krypton Egg	12/79.run
Kult	12/80.run
Kwasimodo	12/81.run
Kwik Snax	12/82.run
King's Table: The Legend of Ragnarok	12/83.run
L'Aigle d'or : le Retour FR	13/1.run
L'Aigle d'or : le Retour Intro FR	13/2.run
La Aventura Espacial ES	13/3.run
La Aventura Original ES	13/4.run
Labyrinth DK	13/5.run
Labyrinthe D'Anglomania 1 FR	13/6.run
Labyrinthe D'Anglomania 2 FR	13/7.run
Labyrinthe de Lexicos, Le FR	13/8.run
Labyrinthe D'Errare, Le FR	13/9.run
Le Labyrinthe d'Orthophus FR	13/10.run
Labyrinthe Aux Mille Calculs, Le FR	13/11.run
Labyrinthe de la Reine des Ombres, Le FR	13/12.run
Lamborghini American Challenge	13/13.run
Lancelot	13/14.run
Landsitz von Mortville, Der DE	13/15.run
Laser Squad	13/16.run
Last Action Hero	13/17.run
Last Battle	13/18.run
Last Duel	13/19.run
Last Ninja 2	13/20.run
Last Ninja 3	13/21.run
Leader Board	13/22.run
Leader Board Tournament	13/23.run
Leading Lap MPV	13/24.run
Leading Lap MPV CUAmiga	13/25.run
Leander	13/26.run
Leander NTSC	13/27.run
Leatherneck	13/28.run
Leavin' Teramis	13/29.run
LED Storm	13/30.run
Legacy TheGame	13/31.run
Legacy The	13/32.run
Legend	13/33.run
Legend getlegendsavedisk	13/34.run
Legend of Djel	13/35.run
Legend of Djel DE	13/36.run
Legend of Faerghail	13/37.run
Legend of Faerghail DE	13/38.run
Legend of Kyrandia	13/39.run
Legend of Kyrandia DE	13/40.run
Legend of Kyrandia FR	13/41.run
Legend of Kyrandia IT	13/42.run
Legend of the Lost	13/43.run
Legend of the Sword	13/44.run
Legends of Valour	13/45.run
Legends of Valour DE	13/46.run
Legends of Valour FR	13/47.run
Legion PL	13/48.run
Leisure Suit Larry	13/49.run
Leisure Suit Larry 2	13/50.run
Leisure Suit Larry 3	13/51.run
Leisure Suit Larry 5: Passionate Patti does a Little Undercover Work	13/52.run
Leisure Suit Larry 5: Passionate Patti does a Little Undercover Work DE	13/53.run
Leisure Suit Larry in the Land of the Lounge Lizards	13/54.run
Lemmings 2: The Tribes 1MB	13/55.run
Lemmings 2: The Tribes 512KB	13/56.run
Lemmings 2: The Tribes Demo	13/57.run
Lemmings 2: The Tribes 1MB NTSC	13/58.run
Lemmings 2: The Tribes 512KB NTSC	13/59.run
Lemmings Files Alt	13/60.run
Lemmings Image Alt	13/61.run
Lemmings CDTV	13/62.run
Lemmings Demo	13/63.run
Lemmings Files	13/64.run
Lemmings NTSC Files	13/65.run
Lemmings Image	13/66.run
Lemmings NTSC Image	13/67.run
Leonardo	13/68.run
Leonardo	13/69.run
Les Manley in Search for the King	13/70.run
Lethal Weapon	13/71.run
Lethal Xcess	13/72.run
Lethal Zone	13/73.run
Lettrix DE	13/74.run
Leviathan	13/75.run
Licence to Kill	13/76.run
Life & Death	13/77.run
Light Corridor, The	13/78.run
Light Racer DE	13/79.run
Limes & Napoleon	13/80.run
Line of Fire	13/81.run
Links: The Challenge of Golf	13/82.run
Links: The Challenge of Golf DataDisk	13/83.run
Links: The Challenge of Golf DataDisk NTSC	13/84.run
Links: The Challenge of Golf NTSC	13/85.run
Lionheart	13/86.run
Lionheart Demo	13/87.run
Lionheart 1MB Demo	13/88.run
Liquid Kids Files	13/89.run
Liquid Kids Image	13/90.run
Little Computer People	13/91.run
Little Puff in Dragonland	13/92.run
Live and Let Die SpaceHarrier	13/93.run
Live and Let Die	13/94.run
Livingstone II	13/95.run
Llamatron: 2112 1MB	13/96.run
Llamatron: 2112 512KB	13/97.run
Locomotion	13/98.run
Logical	13/99.run
Logical CDTV	13/100.run
Logo	13/101.run
Lollypop	13/102.run
Lombard RAC Rally 1Disk	13/103.run
Lombard RAC Rally 2Disk	13/104.run
Loom DE Kick13	13/105.run
Loom DE Kick31	13/106.run
Loom ES Kick13	13/107.run
Loom ES Kick31	13/108.run
Loom FR Kick13	13/109.run
Loom FR Kick31	13/110.run
Loom Kick13	13/111.run
Loom Kick31	13/112.run
Loopz	13/113.run
Lords of Chaos	13/114.run
Lords of Chaos DataDisk	13/115.run
Lords of Doom	13/116.run
Lords of Doom DE	13/117.run
Lords of the Realm	13/118.run
Lords of the Rising Sun	13/119.run
Lords of Time	13/120.run
Lords of War	13/121.run
Lorna	13/122.run
Lost Dutchman Mine	13/123.run
Lost in Mine	13/124.run
Lost Patrol, The	13/125.run
Lost Vikings, The	13/126.run
Lothar Matthäus	13/127.run
Lotus Esprit Turbo Challenge	13/128.run
Lotus Turbo Challenge 2	13/129.run
Lotus III: The Ultimate Challenge	13/130.run
Lupo Alberto	13/131.run
Lure of the Temptress	13/132.run
Lure of the Temptress DE	13/133.run
Lure of the Temptress FR	13/134.run
Lure of the Temptress IT	13/135.run
Luxor	13/136.run
M1 Tank Platoon	14/1.run
Mach 3	14/2.run
Mad Professor Mariarti	14/3.run
Mad Show	14/4.run
Mad Show FR	14/5.run
Mad TV	14/6.run
Mad TV DE	14/7.run
Mad TV FR	14/8.run
Mafdet and the Book of the Dead	14/9.run
Magic Boy	14/10.run
Magic Fly 1MB	14/11.run
Magic Fly 512KB	14/12.run
Magician, The	14/13.run
Magic Johnson's Basketball	14/14.run
Magicland Dizzy	14/15.run
Magicland Dizzy	14/16.run
Magic Lines	14/17.run
Magic Lines Cracked	14/18.run
Magic Marble	14/19.run
Magic Pockets	14/20.run
Magic Pockets Demo	14/21.run
Magic Pockets NTSC	14/22.run
Magnatron	14/23.run
Major Motion	14/24.run
Manchester United	14/25.run
Manchester United Europe	14/26.run
Manchester United Europe	14/27.run
Manchester United Europe	14/28.run
Manchester United: Premier League Champions	14/29.run
Manchester United: The Double	14/30.run
Manchester United: Premier League Champions Data	14/31.run
Man from the Council, The	14/32.run
Manhattan Dealers	14/33.run
Manhattan Dealers FR	14/34.run
Manhunter: New York	14/35.run
Manhunter 2: San Francisco	14/36.run
Maniac Mansion	14/37.run
Maniac Mansion DE	14/38.run
Maniac Mansion FR	14/39.run
Maniax	14/40.run
Manic Miner	14/41.run
Manix	14/42.run
Mortville Manor FR	14/43.run
Marble Madness	14/44.run
Maria's Xmas Box	14/45.run
Master Blaster	14/46.run
Masterblazer	14/47.run
Match of the Day	14/48.run
Matrix Marauders	14/49.run
Maupiti Island	14/50.run
Maupiti Island DE	14/51.run
Maupiti Island FR	14/52.run
Max Rally	14/53.run
Mayday Squad	14/54.run
McDonald Land	14/55.run
Mean Arenas	14/56.run
Mean Machine	14/57.run
Mean Streets	14/58.run
Mean Streets DE	14/59.run
Mean Streets FR	14/60.run
Megaball	14/61.run
Megaball 1MB	14/62.run
Mega lo Mania	14/63.run
Mega lo Mania DE	14/64.run
Mega lo Mania FR	14/65.run
Mega Motion	14/66.run
Mega Phoenix	14/67.run
Mega Twins	14/68.run
Mega Typhoon	14/69.run
Menace	14/70.run
Mental Image Game Disk Image1	14/71.run
Mental Image Game Disk Image2	14/72.run
Mentor PL	14/73.run
Mercenary I: Escape from Targ and the Second City	14/74.run
Mercenary III: The Dion Crisis	14/75.run
Mercs	14/76.run
Merv the Merciless	14/77.run
Metal Law	14/78.run
Metal Masters Intro	14/79.run
Metal Masters	14/80.run
Metal Mutant	14/81.run
Metal Mutant DE	14/82.run
Metal Mutant FR	14/83.run
Metal Warrior	14/84.run
MF Tanks	14/85.run
Miami Chase	14/86.run
Mickey's 123's: The BIG Surprise Party FR	14/87.run
Mickey ABC: Une journée à la fête FR	14/88.run
Mickey Jeu De Memoire FR	14/89.run
Mickey Mouse	14/90.run
Mickey - Puzzles Animes FR	14/91.run
Mickey's ABC's: A Day at the Fair	14/92.run
Mickey's Jigsaw Puzzles	14/93.run
Mickey's Memory Challenge	14/94.run
Microbes	14/95.run
Micro Machines	14/96.run
MicroProse Golf	14/97.run
MicroProse Soccer	14/98.run
Midnight Resistance	14/99.run
Midwinter	14/100.run
Midwinter II: Flames of Freedom	14/101.run
Midwinter II: Flames of Freedom DE	14/102.run
Midwinter II: Flames of Freedom FR	14/103.run
Midwinter DE	14/104.run
Midwinter FR	14/105.run
MiG-29 Fulcrum	14/106.run
MiG-29M Super Fulcrum	14/107.run
MIG-29 Soviet Fighter	14/108.run
Might and Magic II: Gates to Another World	14/109.run
Might and Magic III: Isles of Terra	14/110.run
Might and Magic III: Isles of Terra DE	14/111.run
Mighty Bombjack	14/112.run
Mike Read's Computer Pop Quiz	14/113.run
Mikro Mortal Tennis	14/114.run
Millennium 2.2	14/115.run
Mindbender	14/116.run
Mindfighter	14/117.run
Mindroll	14/118.run
Mindshadow	14/119.run
Mind Walker	14/120.run
Mini Golf	14/121.run
Mini Golf Plus	14/122.run
Minskies ... The Abduction	14/123.run
Misja Harolda: Zaginiony w systemie PL	14/124.run
Mission Elevator	14/125.run
Moebius	14/126.run
Monkey Island 2: LeChuck's Revenge	14/127.run
Monkey Island 2: LeChuck's Revenge DE	14/128.run
Monkey Island 2: LeChuck's Revenge ES	14/129.run
Monkey Island 2: LeChuck's Revenge FR	14/130.run
Monkey Island 2: LeChuck's Revenge IT	14/131.run
Monster Business	14/132.run
Moochies, The	14/133.run
Moon Blaster FR	14/134.run
MoonFall	14/135.run
Moonshine Racers	14/136.run
Moonstone: A Hard Days Knight	14/137.run
Moonwalker	14/138.run
Morph	14/139.run
Mortal Kombat	14/140.run
Mortal Kombat II 1MB	14/141.run
Mortal Kombat II 2MB	14/142.run
Mortal Kombat Censored	14/143.run
Morton Strikes Back	14/144.run
Mortville Manor	14/145.run
Mot	14/146.run
Motorbike Madness	14/147.run
Motörhead	14/148.run
Motor Massacre	14/149.run
MouseQuest	14/150.run
Mousetrap	14/151.run
Monty Python's Flying Circus	14/152.run
Monty Python's Flying Circus NTSC	14/153.run
Mr Blobby	14/154.run
Mr. HELI	14/155.run
Mr. Men Olympics, The	14/156.run
Mr. Nutz	14/157.run
M.U.D.S.	14/158.run
Multi Player Soccer Manager	14/159.run
Munsters, The	14/160.run
Murder	14/161.run
Murders in Space Files	14/162.run
Murders in Space Image	14/163.run
Mysterious Worlds	14/164.run
Mystery of the Mummy	14/165.run
Mystical	14/166.run
Myth	14/167.run
MYTH: History in the Making	14/168.run
Nam 1965-1975	15/1.run
Narc	15/2.run
Narco Police	15/3.run
Nathan Never IT	15/4.run
Naughty Ones	15/5.run
Navy Moves	15/6.run
Navy Seals	15/7.run
Nebulus	15/8.run
Nebulus 2	15/9.run
Necronom	15/10.run
Neighbours	15/11.run
Netherworld	15/12.run
Neuromancer	15/13.run
Neuronics	15/14.run
Neverending Story II, The	15/15.run
Nevermind	15/16.run
New Year Lemmings 1991/92	15/17.run
New York Warriors	15/18.run
Newzealand Story, The	15/19.run
Newzealand Story, The Demo	15/20.run
Nick Faldo's Championship Golf	15/21.run
Nicky II	15/22.run
Nicky Boom	15/23.run
Nigel Mansell's Grand Prix	15/24.run
Nightbreed: The Action Game	15/25.run
Night Breed: The Interactive Movie	15/26.run
Nightdawn	15/27.run
Night Hunter	15/28.run
Night Shift	15/29.run
Nil Dieu Vivant FR	15/30.run
Ninja Mission	15/31.run
Ninja Mission	15/32.run
Ninja Rabbits	15/33.run
Ninja Remix	15/34.run
Ninja Spirit	15/35.run
Ninja Warriors, The	15/36.run
Nippon Safes Inc.	15/37.run
Nitro	15/38.run
Nitro Boost Challenge	15/39.run
Nitro NTSC	15/40.run
Nobby the Aardvark	15/41.run
No Buddies Land	15/42.run
No Excuses	15/43.run
No Exit	15/44.run
North & South Files	15/45.run
North & South NTSC Files	15/46.run
North & South Image	15/47.run
North & South NTSC Image	15/48.run
No Second Prize	15/49.run
Not Very Festive Fodder	15/50.run
Nova 9: The Return of Gir Draxon	15/51.run
Nuclear War	15/52.run
Nucleus	15/53.run
Oath, The	16/1.run
Obitus	16/2.run
Obliterator	16/3.run
Oblivion	16/4.run
Obsession	16/5.run
Odyssey	16/6.run
Off Shore Warrior	16/7.run
Ogre	16/8.run
Oh No! More Lemmings	16/9.run
Oil Imperium	16/10.run
Oil Imperium DE	16/11.run
Oktagon	16/12.run
Omega	16/13.run
Omnicron Conspiracy	16/14.run
One on One	16/15.run
One Step Beyond	16/16.run
Onslaught	16/17.run
Ooops Up	16/18.run
Ooze	16/19.run
Ooze DE	16/20.run
Operation: Cleanstreets	16/21.run
Operation Combat II: By Land, Sea & Air	16/22.run
Operation Firestorm	16/23.run
Operation GII Demo	16/24.run
Operation Harrier	16/25.run
Operation Jupiter FR	16/26.run
Operation Neptune	16/27.run
Operation Stealth	16/28.run
Operation Stealth DE	16/29.run
Operation Stealth ES	16/30.run
Operation Stealth FR	16/31.run
Operation Stealth IT	16/32.run
Operation Thunderbolt	16/33.run
Operation Wolf	16/34.run
Orbital Destroyer	16/35.run
Oriental Games	16/36.run
Ork	16/37.run
Ork Attack: The Return	16/38.run
Ork Demo	16/39.run
Ork NTSC	16/40.run
OsWALD of the Ice Floes	16/41.run
Out of this World	16/42.run
Out Run Europa	16/43.run
Out Run	16/44.run
Out Run	16/45.run
Outzone	16/46.run
Overdrive	16/47.run
Overdrive	16/48.run
Overdrive	16/49.run
Overlander	16/50.run
Overlord	16/51.run
Overlord	16/52.run
Over the Net	16/53.run
Oxxonian	16/54.run
P47 Thunderbolt	17/1.run
Pacific Islands	17/2.run
Pac-Land	17/3.run
Pac-Mania	17/4.run
Paladin	17/5.run
Paladin 2	17/6.run
Pandora	17/7.run
Pang	17/8.run
Pango	17/9.run
Panza Kick Boxing	17/10.run
Panza Kick Boxing FR	17/11.run
Paperboy	17/12.run
Paperboy 2	17/13.run
Paradise Lost	17/14.run
Paradroid 90 1MB	17/15.run
Paradroid 90 512KB	17/16.run
Paragliding Simulation	17/17.run
Paramax	17/18.run
Parasol Stars: The Story of Rainbow Islands II	17/19.run
Passing Shot	17/20.run
Patrician, The	17/21.run
Patrizier, Der FR	17/22.run
Patrizier, Der DE	17/23.run
Pawn, The	17/24.run
Pegasus	17/25.run
Penthouse Hot Numbers	17/26.run
Penthouse Hot Numbers Deluxe DE	17/27.run
Perihelion	17/28.run
Persian Gulf Inferno, The	17/29.run
Personal Nightmare	17/30.run
Peter Beardsley's International Football	17/31.run
Peter Beardsley's International Football Cracked	17/32.run
Peter Schmeichel Soccer	17/33.run
PGA European Tour	17/34.run
PGA Tour Golf	17/35.run
PGA Tour Golf TourDisk	17/36.run
Phalanx	17/37.run
Phantasie	17/38.run
Phantasie III: The Wrath of Nikademus	17/39.run
Phantom Fighter	17/40.run
Pharaoh's Curse	17/41.run
Pharaohs Match	17/42.run
Phobia	17/43.run
Photon Storm	17/44.run
Pick 'n Pile	17/45.run
Pinball Dreams	17/46.run
Pinball Fantasies	17/47.run
Pinball Hazard	17/48.run
Pinball Magic	17/49.run
Pinball Prelude	17/50.run
Pinball Wizard	17/51.run
Pinball Wizard Prerelease	17/52.run
Pinkie	17/53.run
Pink Panther	17/54.run
Pinomania	17/55.run
Pipe Dream	17/56.run
Pipeline	17/57.run
Pipeline	17/58.run
Pipe Mania	17/59.run
Pirates!	17/60.run
Pit-Fighter	17/61.run
Pixie and Dixie	17/62.run
Pixie and Dixie Pixie&Dixie	17/63.run
Pizza Connection DE	17/64.run
Plague, The	17/65.run
Plan 9 from Outer Space	17/66.run
Platoon	17/67.run
Player Manager	17/68.run
Player Manager 2	17/69.run
Player Manager DE	17/70.run
Player Manager FR	17/71.run
Player Manager IT	17/72.run
Playroom, The: La Chambre De Peppy FR	17/73.run
Plotting	17/74.run
Plutos	17/75.run
Pod	17/76.run
Poker Nights: Teresa Personally DE	17/77.run
Police Quest	17/78.run
Police Quest II	17/79.run
Police Quest III: The Kindred	17/80.run
Police Quest III: The Kindred DE	17/81.run
Pong	17/82.run
Pool	17/83.run
Pool of Radiance	17/84.run
Pools of Darkness	17/85.run
Pools of Darkness DE	17/86.run
Popeye 2	17/87.run
Populous	17/88.run
Populous DataDisk	17/89.run
Populous II: Trials of the Olympian Gods	17/90.run
Populous II: Trials of the Olympian Gods ChallengeGames	17/91.run
Populous II: Trials of the Olympian Gods ChallengeGames	17/92.run
Populous World Editor	17/93.run
Portal	17/94.run
Portes du Temps, Les FR	17/95.run
Ports of Call	17/96.run
Postman Pat	17/97.run
P.O.W.	17/98.run
Power, The	17/99.run
Power Drift	17/100.run
Power Drive	17/101.run
Powerdrome	17/102.run
PowerMonger	17/103.run
Powermonger WW1 Edition	17/104.run
Power Pinball	17/105.run
Power Pinball CDTV	17/106.run
Powerplay: The Game of the Gods	17/107.run
Powerplay: The Game of the Gods DE	17/108.run
Powerplay: The Game of the Gods ES	17/109.run
Powerplay: The Game of the Gods FR	17/110.run
Powerplay: The Game of the Gods GR	17/111.run
Power Styx	17/112.run
P.P. Hammer	17/113.run
Predator	17/114.run
Predator 2	17/115.run
Prehistorik	17/116.run
Premiere	17/117.run
Premier Manager	17/118.run
Premier Manager II	17/119.run
Premier Manager 3	17/120.run
Premier Manager 3 Deluxe	17/121.run
Prime Mover	17/122.run
Prince	17/123.run
Prince of Persia FR	17/124.run
Prince of Persia	17/125.run
Prince of Persia DE	17/126.run
Prince of Persia NTSC	17/127.run
Prison	17/128.run
Prison NTSC	17/129.run
Pro Boxing Simulator	17/130.run
Profezia IT	17/131.run
Project-X	17/132.run
Project-X	17/133.run
Project-X Special Edition 93	17/134.run
Project-X Special Edition 93	17/135.run
Project-X	17/136.run
Projectyle	17/137.run
Prophecy I: The Viking Child	17/138.run
Pro Powerboat Simulator	17/139.run
ProSoccer 2190	17/140.run
Prospector in the Mazes of Xor	17/141.run
Pro Tennis Simulator Files	17/142.run
Pro Tennis Simulator Image	17/143.run
Pro Tennis Tour	17/144.run
Pro Tennis Tour 2	17/145.run
Pro Tennis Tour 2 512KB	17/146.run
Psyborg	17/147.run
Psycho Killer CDTV	17/148.run
Psycho Santa	17/149.run
Pub Trivia Simulator	17/150.run
Puffy's Saga	17/151.run
Puggsy	17/152.run
Pulsator Demo	17/153.run
Purple Saturn Day	17/154.run
Pushover	17/155.run
Putty	17/156.run
Puzznic	17/157.run
Pyramax	17/158.run
Putty	17/159.run
Q-Bic	18/1.run
Qix	18/2.run
Quadralien	18/3.run
Quadrel	18/4.run
Quartz	18/5.run
Quest for Glory II: Trial by Fire	18/6.run
Quest of Agravain, The	18/7.run
Questron II	18/8.run
Quiksilver Pinball	18/9.run
Quik the Thunder Rabbit	18/10.run
Qwak	18/11.run
Race Drivin'	19/1.run
Race Drivin' NoIntro	19/2.run
Rackney's Island	19/3.run
Racter	19/4.run
Raffles	19/5.run
Raffles CDTV	19/6.run
Rage v2.0	19/7.run
Rage (CAD Software)	19/8.run
Raider	19/9.run
Raiders, The FR	19/10.run
Railroad Tycoon	19/11.run
Railroad Tycoon DE	19/12.run
Railroad Tycoon FR	19/13.run
Rainbow Islands	19/14.run
Rainbow Warrior	19/15.run
Rally Championships	19/16.run
Rally Cross Challenge	19/17.run
Rambo III	19/18.run
Rampage	19/19.run
Rampart	19/20.run
Ranx	19/21.run
Ranx DE	19/22.run
Ranx FR	19/23.run
Rat Trap	19/24.run
R.B.I. 2 Baseball	19/25.run
Real Ghostbusters, The	19/26.run
Realms	19/27.run
Realms of Arkania: Blade of Destiny	19/28.run
Real Popeye, The	19/29.run
Rebellion	19/30.run
Red Baron	19/31.run
Red Baron DE	19/32.run
Red Heat	19/33.run
Red Lightning	19/34.run
Red Storm Rising	19/35.run
Red Zone	19/36.run
Reflexity: Pinball Challenge	19/37.run
Renaissance	19/38.run
Renegade	19/39.run
Renegade III: The Final Chapter	19/40.run
Renegades Deluxe	19/41.run
Renegades Deluxe Editor	19/42.run
Resolution 101	19/43.run
Return to Atlantis	19/44.run
Return to Genesis	19/45.run
Reunion	19/46.run
Reunion DE	19/47.run
Revelation!	19/48.run
Revenge of Defender	19/49.run
Revenge of the Mutant Camels	19/50.run
Revenge of the Mutant Camels II	19/51.run
Revenge of the Mutant Camels NTSC	19/52.run
Rick Dangerous	19/53.run
Rick Dangerous II	19/54.run
Rick Dangerous II	19/55.run
Ringside	19/56.run
Rings of Medusa	19/57.run
Rings of Medusa DE	19/58.run
Rings of Medusa FR	19/59.run
Rings of Medusa Gold DE	19/60.run
Rise of the Dragon	19/61.run
Rise of the Dragon DE	19/62.run
RISK	19/63.run
Risky Woods	19/64.run
RoadBlasters	19/65.run
RoadBlasters Cracked	19/66.run
Road Rash	19/67.run
Roadwar Europa	19/68.run
Roadwars	19/69.run
Roadwars	19/70.run
Robbeary	19/71.run
Robin Hood: Legend Quest	19/72.run
Robinson's Requiem	19/73.run
RoboCop	19/74.run
RoboCop 2	19/75.run
RoboCop 3	19/76.run
RoboCop 3 NTSC	19/77.run
RoboSport	19/78.run
Roboter DE	19/79.run
Robotnic	19/80.run
Robot Readers: Aesop's Fables	19/81.run
Robot Readers: Chicken Little	19/82.run
Robozone	19/83.run
Rock Challenge	19/84.run
Rocket Ranger	19/85.run
Rocket Ranger Censored	19/86.run
Rocket Ranger NTSC	19/87.run
Rockford	19/88.run
Rock'n Roll	19/89.run
Rock Star Ate My Hamster	19/90.run
Rock Star FR	19/91.run
Rockstar: Never Trust Rotten Tangerines PL	19/92.run
Rodland	19/93.run
Rody & Mastico II FR	19/94.run
Rody & Mastico III FR	19/95.run
Rody Noël FR	19/96.run
Rody V FR	19/97.run
Rody VI FR	19/98.run
Rody & Mastico DE	19/99.run
Rody & Mastico FR	19/100.run
Rogue: The Adventure Game	19/101.run
Rogue Trooper	19/102.run
RollerCoaster Rumbler	19/103.run
Rolling Ronny	19/104.run
Roll or Die	19/105.run
Rome AD92: The Pathway To Power	19/106.run
Rotor	19/107.run
Rotox	19/108.run
Round the Bend!	19/109.run
R-Type	19/110.run
R-Type II	19/111.run
Rubicon	19/112.run
Rüsselsheim DE	19/113.run
Ruff and Reddy in the Space Adventure	19/114.run
Ruffian	19/115.run
Ruff 'n' Tumble	19/116.run
Rugby: The World Cup	19/117.run
Running Man, The	19/118.run
Run the Gauntlet	19/119.run
Rushhour	19/120.run
RVF Honda	19/121.run
Simpsons, The: Bart vs. the Space Mutants 1Disk	20/1.run
Simpsons, The: Bart vs. the Space Mutants 2Disk	20/2.run
Simpsons, The: Bart vs. the Space Mutants Intro 2Disk	20/3.run
Simpsons, The: Bart vs. the World	20/4.run
Strip Poker II	20/5.run
Star Wars: The Empire Strikes Back	20/6.run
Skærmtrolden Hugo DE	20/7.run
Star Wars: Return of the Jedi	20/8.run
Sabre Team	20/9.run
Safari Guns	20/10.run
Safari Guns FR	20/11.run
Saint & Greavsie	20/12.run
Saint Dragon	20/13.run
Salmon-Pink Max	20/14.run
Sanctuary DE	20/15.run
Santa's Xmas Caper	20/16.run
Sarakon	20/17.run
Sarcophaser	20/18.run
SAS Combat Simulator	20/19.run
SAS Combat Simulator	20/20.run
Satan	20/21.run
Savage	20/22.run
Scapeghost	20/23.run
Schwarze Auge, Das: Die Schicksalsklinge DE	20/24.run
Scooby Doo and Scrappy Doo	20/25.run
Scorpio	20/26.run
Scorpion highs	20/27.run
Scorpion	20/28.run
Scrabble	20/29.run
Scramble Spirits	20/30.run
Scrolling Walls	20/31.run
S.D.I.	20/32.run
Second Samurai	20/33.run
Seconds Out..!	20/34.run
Secret of Monkey Island, The	20/35.run
Secret of Monkey Island, The DE	20/36.run
Secret of Monkey Island, The ES	20/37.run
Secret of Monkey Island, The FR	20/38.run
Secret of Monkey Island, The IT	20/39.run
Secret of the Silver Blades	20/40.run
Seek and Destroy	20/41.run
Sensible Golf	20/42.run
Sensible Soccer	20/43.run
Sensible Soccer 512K	20/44.run
Sensible Soccer: European Champions v1.1 (92/93 Edition)	20/45.run
Sensible Soccer: European Champions v1.1 (92/93 Edition) 512K	20/46.run
Sensible Soccer: England vs Germany	20/47.run
Sensible Soccer v1.1 - European Champions	20/48.run
Sensible Soccer v1.1 - European Champions 512K	20/49.run
Sensible Soccer v1.2 - International Edition 512K	20/50.run
Sensible Soccer v1.2 - International Edition	20/51.run
Sensible Train-spotting	20/52.run
Sensible World Of Moon Soccer	20/53.run
Sensible World of Soccer	20/54.run
Sensible World of Soccer	20/55.run
Sensible World of Soccer '95/'96	20/56.run
Sensible World of Soccer '96/'97	20/57.run
Sensible World of Soccer	20/58.run
Sentinel, The	20/59.run
Settlers, The	20/60.run
Settlers, The FR	20/61.run
Seven Cities of Gold	20/62.run
Seven Gates of Jambala, The Files	20/63.run
Seven Gates of Jambala, The Image	20/64.run
Sextimates	20/65.run
Seymour goes to Hollywood	20/66.run
Shadow Dancer	20/67.run
Shadow Fighter	20/68.run
Shadowgate	20/69.run
Shadowlands	20/70.run
Shadow of the Beast	20/71.run
Shadow of the Beast II	20/72.run
Shadow of the Beast II Demo	20/73.run
Shadow of the Beast II NTSC	20/74.run
Shadow of the Beast III	20/75.run
Shadow of the Beast III NTSC	20/76.run
Shadow of the Beast Demo	20/77.run
Shadoworlds	20/78.run
Shadow Sorcerer	20/79.run
Shadow Sorcerer IT FR DE	20/80.run
Shadow Warriors	20/81.run
Shanghai	20/82.run
Shanghai FR	20/83.run
Shaq Fu	20/84.run
Sharkey's Moll	20/85.run
She-Fox	20/86.run
Sherman M4	20/87.run
Shinobi	20/88.run
Shinobi NTSC	20/89.run
ShockWave	20/90.run
Short Grey, The FR	20/91.run
Short Grey, The Intro FR	20/92.run
Shuffle	20/93.run
Shufflepuck Café	20/94.run
Shufflepuck Café FR	20/95.run
Shuttle: The Space Flight Simulator	20/96.run
SideArms	20/97.run
Sideshow	20/98.run
SideWinder	20/99.run
SideWinder II	20/100.run
SideWinder	20/101.run
Siedler, Die DE	20/102.run
Sierra Soccer: World Challenge Edition	20/103.run
Silent Service	20/104.run
Silent Service II	20/105.run
Silicon Dreams	20/106.run
Silk Worm	20/107.run
SimAnt HiRes	20/108.run
SimAnt DE HiRes	20/109.run
SimAnt FR HiRes	20/110.run
SimAnt LoRes	20/111.run
SimAnt DE LoRes	20/112.run
SimAnt FR LoRes	20/113.run
Sim City	20/114.run
Sim City 512K	20/115.run
Sim City CDTV	20/116.run
SimEarth HiRes	20/117.run
SimEarth DE HiRes	20/118.run
SimEarth FR HiRes	20/119.run
SimEarth LoRes	20/120.run
SimEarth DE LoRes	20/121.run
SimEarth FR LoRes	20/122.run
SimLife	20/123.run
SimLife DE	20/124.run
Simon the Sorcerer	20/125.run
Simon the Sorcerer DE	20/126.run
Simon the Sorcerer FR	20/127.run
Simulcra	20/128.run
Sinbad and the Throne of the Falcon	20/129.run
Sink or Swim 1MB	20/130.run
Sink or Swim 512KB	20/131.run
Sir Fred: The Legend	20/132.run
Sixiang	20/133.run
Skærmtrolden Hugo DK	20/134.run
Skærmtrolden Hugo FI	20/135.run
Skate of the Art	20/136.run
Skeet Shoot	20/137.run
Skidmarks	20/138.run
Skidz	20/139.run
Ski or Die	20/140.run
Skrull	20/141.run
Skull & Crossbones	20/142.run
Skweek	20/143.run
SkyChase	20/144.run
SkyChase Fast	20/145.run
Skyfox	20/146.run
Skyfox II: The Cygnus Conflict	20/147.run
Sky High Stuntman	20/148.run
Slackskin & Flint	20/149.run
Slackskin & Flint Cracked	20/150.run
Slayer	20/151.run
Sleeping Gods Lie	20/152.run
Sleepwalker	20/153.run
Sleepwalker ComicRelief	20/154.run
Sliders	20/155.run
Slightly Magic	20/156.run
Slip Stream	20/157.run
Sly Spy: Secret Agent	20/158.run
Smash TV	20/159.run
Snapperazzi	20/160.run
Sneech	20/161.run
Snoopy and Peanuts	20/162.run
Snoopy and Peanuts NoSounds	20/163.run
Snow Bros. Files	20/164.run
Snow Bros. Image	20/165.run
Snow Strike	20/166.run
Soccer Kid	20/167.run
Soccer Pinball	20/168.run
Soccer Superstars	20/169.run
Soccer Superstars DE	20/170.run
Soldier 2000	20/171.run
Soldier of Light	20/172.run
Solid Gold	20/173.run
Solomon's Key 2	20/174.run
Sonic Boom	20/175.run
Son Shu-Shi	20/176.run
Sooty & Sweep	20/177.run
Sooty's Fun With Numbers	20/178.run
Sophelie	20/179.run
Sorcerer Lord	20/180.run
Sorcerer Lord FR	20/181.run
Sorceror's Apprentice	20/182.run
Sorcery+	20/183.run
Sorcery Plus	20/184.run
Sorefist	20/185.run
Space Ace	20/186.run
Space Ace II: Borf's Revenge	20/187.run
Space Ace Demo	20/188.run
Space Assault	20/189.run
Spaceball	20/190.run
Space Crusade	20/191.run
Space Crusade VoyageBeyond	20/192.run
Space Crusade VoyageBeyond	20/193.run
Spacecutter	20/194.run
Space Gun	20/195.run
Space Harrier	20/196.run
Space Harrier RetrnFntZone	20/197.run
Space Harrier II	20/198.run
Space Hulk	20/199.run
Space MAX DE	20/200.run
Space Pilot 89	20/201.run
Space Quest	20/202.run
Space Quest II	20/203.run
Space Quest III: The Pirates of Pestulon	20/204.run
Space Quest III: The Pirates of Pestulon DE	20/205.run
Space Quest IV	20/206.run
Space Quest IV DE	20/207.run
Space Quest: The Sarien Encounter	20/208.run
Space Racer	20/209.run
Space Racer FR	20/210.run
Space Ranger	20/211.run
Space Rogue	20/212.run
Space Station Oblivion	20/213.run
Special Forces	20/214.run
Speedball	20/215.run
Speedball 2: Brutal Deluxe	20/216.run
Speedball 2: Brutal Deluxe NTSC	20/217.run
Speedball NTSC	20/218.run
Speedboat Assassin	20/219.run
Speed Buggy	20/220.run
Spell Bound	20/221.run
Spellbound Dizzy	20/222.run
Spellfire the Sorceror	20/223.run
Spherical	20/224.run
Spherical Worlds	20/225.run
Spherical Worlds CD	20/226.run
Spike In Transylvania	20/227.run
Spindizzy Worlds	20/228.run
Spirit of Adventure DE 1Disk	20/229.run
Spirit of Adventure DE 3Disk	20/230.run
Spitting Image Image	20/231.run
Spot	20/232.run
Spot	20/233.run
Spy vs Spy	20/234.run
Spy vs Spy II: The Island Caper	20/235.run
Spy vs Spy III - Arctic Antics	20/236.run
Spy Who Loved Me, The	20/237.run
Sqrxz	20/238.run
Stack Up	20/239.run
Starbirds	20/240.run
Starblade	20/241.run
Starblade FAST	20/242.run
Starblade FR FAST	20/243.run
Starblade FR	20/244.run
Starblaze	20/245.run
Star Command	20/246.run
Star Control	20/247.run
Stardust	20/248.run
Starglider	20/249.run
Starglider 2	20/250.run
Star Goose!	20/251.run
Starians	20/252.run
Starlord	20/253.run
Starlord DE	20/254.run
Starlord FR	20/255.run
StarRay 1Disk	20/256.run
StarRay 2Disk	20/257.run
StarTrash	20/258.run
Starush Files	20/259.run
Starush Image	20/260.run
Star Wars	20/261.run
Steel	20/262.run
Steel Empire	20/263.run
Steg the Slug	20/264.run
Steigar	20/265.run
Stellar 7	20/266.run
Stellar 7 DE	20/267.run
Stone Age	20/268.run
Stormball	20/269.run
Stormlord	20/270.run
Stormlord NTSC	20/271.run
Stormlord Prerelease	20/272.run
Storm Master	20/273.run
Storm Master DE	20/274.run
Storm Master FAST	20/275.run
Storm Master DE FAST	20/276.run
Storm Master FR FAST	20/277.run
Storm Master FR	20/278.run
Stratego	20/279.run
Street Fighter	20/280.run
Street Fighter II: The World Warrior	20/281.run
Street Gang	20/282.run
Street Rod	20/283.run
Street Rod 2	20/284.run
Street Sports Basketball	20/285.run
Strider	20/286.run
Strider II	20/287.run
Strike Aces	20/288.run
Striker	20/289.run
Strip Poker: A Sizzling Game of Chance	20/290.run
Strip Poker II	20/291.run
Strip Poker II	20/292.run
Strip Poker II DataDisk1	20/293.run
Stryx	20/294.run
S.T.U.N. Runner	20/295.run
Stunt Car Racer	20/296.run
Stunt Car Racer	20/297.run
Stunt Track Racer	20/298.run
Sub Battle Simulator	20/299.run
Subbuteo: The Computer Game	20/300.run
Subtrade: Return to Irata	20/301.run
Suburban Commando	20/302.run
Summer Camp	20/303.run
Summer Challenge	20/304.run
Summer Games	20/305.run
Summer Games SummerGames2	20/306.run
Summer Games II	20/307.run
Summer Olympiad	20/308.run
Supaplex	20/309.run
Super C	20/310.run
Super Cars 1Disk	20/311.run
Super Cars 2Disk	20/312.run
Super Cauldron	20/313.run
Super C FAST	20/314.run
Superfrog Intro	20/315.run
Superfrog	20/316.run
Superfrog Demo AmigaAction	20/317.run
Superfrog Demo CUAmiga	20/318.run
Superfrog Demo TheOne	20/319.run
Super Grand Prix	20/320.run
Super Hang-On	20/321.run
Superhero Demo	20/322.run
Superman: The Man of Steel	20/323.run
Super Methane Bros	20/324.run
Super Monaco GP	20/325.run
Super Obliteration	20/326.run
Super OsWALD DK	20/327.run
Super Scramble Simulator	20/328.run
Super Seymour	20/329.run
Super Ski	20/330.run
Super Ski II	20/331.run
Super Ski FR	20/332.run
Super Skweek 1MB	20/333.run
Super Skweek 512KB	20/334.run
Super Space Invaders	20/335.run
Superstar Ice Hockey	20/336.run
Super Street Fighter II: The New Challengers	20/337.run
Super Tetris	20/338.run
Super Twintris	20/339.run
Supremacy	20/340.run
Super Tennis Champs	20/341.run
Super Tennis Champs DataDisk	20/342.run
Suspicious Cargo	20/343.run
Swap	20/344.run
Swap FR	20/345.run
Switchblade	20/346.run
Switchblade II	20/347.run
SWIV	20/348.run
Swooper	20/349.run
Sword	20/350.run
Sword & The Rose, The	20/351.run
Sword of Honour	20/352.run
Sword of Sodan	20/353.run
Swords & Galleons	20/354.run
Swords of Twilight	20/355.run
Syndicate	20/356.run
Syndicate DE	20/357.run
SportTime Table Hockey	20/358.run
SportTime Ten Pin Bowling	20/359.run
The Adventures of Genlock Holmes	21/1.run
The Ancient Art of War in the Skies	21/2.run
The Attack of the Green Smelly Aliens From Planet 27b/6	21/3.run
The Cartoons	21/4.run
The Clue! DE	21/5.run
The Clue! Profidisk DE	21/6.run
Third Reich	21/7.run
The Four Crystals of Trazere getlegendsavedisk	21/8.run
The Four Crystals of Trazere	21/9.run
The Games: Summer Edition	21/10.run
The Games: Winter Edition	21/11.run
The Hellrun Machine	21/12.run
The Hitchhiker's Guide to the Galaxy	21/13.run
The Hunt for Red October	21/14.run
Templos Sagrados, Los ES	21/15.run
The North Sea Inferno	21/16.run
The Paranoia Complex	21/17.run
The Paranoia Complex DE	21/18.run
The Quest For The Time-Bird Files	21/19.run
The Quest For The Time-Bird Image	21/20.run
The Quest For The Time-Bird FR Files	21/21.run
The Quest For The Time-Bird FR Image	21/22.run
Table Tennis Simulation	21/23.run
Taekwondo	21/24.run
Take 'Em Out	21/25.run
Tanglewood	21/26.run
Tangram	21/27.run
Targhan	21/28.run
Targhan FAST	21/29.run
Targhan FR FAST	21/30.run
Targhan FR	21/31.run
Tass Times in Tonetown	21/32.run
T-Bird	21/33.run
Team Suzuki	21/34.run
Team Yankee	21/35.run
Tearaway Thomas	21/36.run
Tech	21/37.run
TechnoCop	21/38.run
Technology 2	21/39.run
Tecnoball	21/40.run
Teenage Mutant Hero Turtles	21/41.run
Teenage Mutant Hero Turtles	21/42.run
Teenage Mutant Ninja Turtles	21/43.run
Teenage Queen	21/44.run
Teller, The	21/45.run
Temple of Apshai Trilogy	21/46.run
Tennis Champs	21/47.run
Tennis Cup 1MB	21/48.run
Tennis Cup FR 1MB	21/49.run
Tennis Cup II	21/50.run
Tennis Cup 512KB	21/51.run
Tennis Cup FR 512KB	21/52.run
Tensai Demo	21/53.run
T2: The Arcade Game	21/54.run
Terminator 2: Judgment Day	21/55.run
Terramex	21/56.run
Terrorpods	21/57.run
Terry's Big Adventure	21/58.run
Test Drive	21/59.run
Test Drive II: The Duel	21/60.run
Test Drive II: The Duel DataDisk	21/61.run
Tetra Quest	21/62.run
Tetris	21/63.run
Tetris	21/64.run
Tetris Pro	21/65.run
Tetrix	21/66.run
Theatre of Death	21/67.run
Their Finest Hour: The Battle of Britain	21/68.run
Their Finest Hour: The Battle of Britain Missions	21/69.run
Theme Park	21/70.run
Theme Park Mystery	21/71.run
Thexder	21/72.run
Third Courier, The	21/73.run
Thomas the Tank Engine	21/74.run
Thomas the Tank Engine 2	21/75.run
Three Stooges, The	21/76.run
Thunderbirds	21/77.run
Thunder Blade	21/78.run
Thunder Blade NTSC	21/79.run
Thunderboy	21/80.run
Thunder Burner	21/81.run
ThunderCats	21/82.run
Thunderhawk AH-73M	21/83.run
Thunderhawk AH-73M DE	21/84.run
Thunderhawk AH-73M FR	21/85.run
Thunder Jaws	21/86.run
Thunderstrike	21/87.run
Tie-Break	21/88.run
Tiger Road	21/89.run
Time	21/90.run
Time and Magik	21/91.run
Time Bandit	21/92.run
Time DE	21/93.run
Time FR	21/94.run
Time Lock	21/95.run
Time Machine	21/96.run
Time Race	21/97.run
Time Runners 01: Gateways in Time	21/98.run
Time Runners 02: The Space Stone	21/99.run
Time Runners 03: The Big Run	21/100.run
Time Runners 04: The Castle of Fear	21/101.run
Time Runners 05: The Black Knight	21/102.run
Time Runners 06: The Bewitched Forest	21/103.run
Time Runners 07: In the Land of the Invaders	21/104.run
Time Runners 08: The Impregnable Fortress	21/105.run
Time Runners 09: The Time Demon	21/106.run
Time Runners 10: The Time Sentry	21/107.run
Time Runners 11: The Steel City	21/108.run
Time Runners 12: A Target for the Cyborg	21/109.run
Time Runners 13: Cyberkiller	21/110.run
Time Runners 14: Toraxid - War Star	21/111.run
Time Runners 15: At the Speed of Light	21/112.run
Time Runners 16: The Galaxy Emperor	21/113.run
Time Runners 17: The Living Labyrinth	21/114.run
Time Runners 18: The Killer Shadow	21/115.run
Time Runners 19: The Nightmare Prince	21/116.run
Time Runners 20: The Mountains of Death	21/117.run
Time Runners 21: The Black Dragon's Curse	21/118.run
Time Runners 22: The Eternal Damned	21/119.run
Time Runners 23: The Time Monarch	21/120.run
Time Runners 24: Beyond All Dimensions	21/121.run
Time Runners 25: The Lost Planet Earth	21/122.run
Time Runners 26: The Time Warrior	21/123.run
Time Runners 27: Red Night	21/124.run
Time Runners 28: Beyond the End	21/125.run
Time Runners 29: The Last Revelation	21/126.run
Time Runners 30: The Final Duel	21/127.run
Time Runners 12: A Target for the Cyborg TimeRunners12	21/128.run
Time Runners 15: At the Speed of Light TimeRunners15	21/129.run
Time Runners 09: The Time Demon TimeRunners09	21/130.run
Time Runners 11: The Steel City TimeRunners11	21/131.run
Time Runners 10: The Time Sentry TimeRunners10	21/132.run
Time Runners 14: Toraxid - War Star TimeRunners14	21/133.run
Time Runners 17: The Living Labyrinth TimeRunners17	21/134.run
Time Runners 16: The Galaxy Emperor TimeRunners16	21/135.run
Time Runners 23: The Time Monarch TimeRunners23	21/136.run
Time Runners 18: The Killer Shadow TimeRunners18	21/137.run
Time Runners 19: The Nightmare Prince TimeRunners19	21/138.run
Time Runners 20: The Mountains of Death TimeRunners20	21/139.run
Time Runners 04: The Castle of Fear TimeRunners04	21/140.run
Time Runners 22: The Eternal Damned TimeRunners22	21/141.run
Time Runners 21: The Black Dragon's Curse TimeRunners21	21/142.run
Time Runners 28: Beyond the End TimeRunners28	21/143.run
Time Runners 05: The Black Knight TimeRunners05	21/144.run
Time Runners 26: The Time Warrior TimeRunners26	21/145.run
Time Runners 07: In the Land of the Invaders TimeRunners07	21/146.run
Time Runners 06: The Bewitched Forest TimeRunners06	21/147.run
Time Runners 25: The Lost Planet Earth TimeRunners25	21/148.run
Time Runners 30: The Final Duel TimeRunners30	21/149.run
Time Runners 29: The Last Revelation TimeRunners29	21/150.run
Time Runners 24: Beyond All Dimensions TimeRunners24	21/151.run
Time Runners 27: Red Night TimeRunners27	21/152.run
Time Runners 03: The Big Run TimeRunners03	21/153.run
Time Runners 01: Gateways in Time TimeRunners01	21/154.run
Time Runners 08: The Impregnable Fortress TimeRunners08	21/155.run
Time Runners 02: The Space Stone TimeRunners02	21/156.run
Time Runners 13: Cyberkiller TimeRunners13	21/157.run
Time Scanner	21/158.run
Times of Lore	21/159.run
Time Soldier	21/160.run
Tintin on the Moon Files	21/161.run
Tintin on the Moon Image	21/162.run
Tin Toy Adventure	21/163.run
Tiny Skweeks	21/164.run
Tiny Troops	21/165.run
Tiny Troops CD	21/166.run
Tiny Troops DE CD	21/167.run
Tip Off	21/168.run
Tip Off IT FR ES DE	21/169.run
Tip Off NTSC	21/170.run
Titan	21/171.run
Titanic Blinky	21/172.run
Titus the Fox	21/173.run
Toki	21/174.run
Tom and the Ghost	21/175.run
Tom Landry Strategy Football	21/176.run
Tom Landry Strategy Football	21/177.run
Tommy Gun	21/178.run
Tony & Friends in Kellogg's Land DE	21/179.run
Toobin'	21/180.run
Top Banana	21/181.run
Top Cat	21/182.run
TopGear 2	21/183.run
Top Secret	21/184.run
Tornado	21/185.run
Tornado Ground Attack	21/186.run
Torvak the Warrior	21/187.run
Total Eclipse	21/188.run
Total Football	21/189.run
Total Recall Files	21/190.run
Total Recall Image	21/191.run
Tournament Golf	21/192.run
Tower of Babel	21/193.run
Tower Toppler	21/194.run
Town with No Name, The CDTV	21/195.run
Toyottes, The Files	21/196.run
Toyottes, The Image	21/197.run
T-Racer	21/198.run
Tracker	21/199.run
Traders	21/200.run
Traders DE	21/201.run
Trained Assassin	21/202.run
Transarctica	21/203.run
Transplant	21/204.run
TransWorld DE	21/205.run
Traps 'n' Treasures	21/206.run
Traps 'n' Treasures DE	21/207.run
Treasure Island Dizzy	21/208.run
Treasures of the Savage Frontier	21/209.run
Treasure Trap	21/210.run
Trex Warrior	21/211.run
TrianGo	21/212.run
Tricky-Quiky-Games: Die Suche nach den Verschollenen Seiten DE	21/213.run
Tripple-X	21/214.run
Trivial Pursuit: Amiga Genus Edition	21/215.run
Trivial Pursuit: Amiga Genus Edition DE	21/216.run
Trivial Pursuit: Amiga Genus Edition FR	21/217.run
Trivial Pursuit: A New Beginning	21/218.run
Trivial Pursuit: A New Beginning DE	21/219.run
Trivial Pursuit: A New Beginning FR	21/220.run
Troddlers	21/221.run
Trog	21/222.run
Trolls	21/223.run
Tubular Worlds	21/224.run
Tubular Worlds 512K	21/225.run
Turbo	21/226.run
Turbo Cup	21/227.run
Turbo Cup FR	21/228.run
Turbo Out Run	21/229.run
TurboRaketti II FI	21/230.run
Turbo Trax	21/231.run
Turbo Trax 512KB	21/232.run
Turn n' Burn	21/233.run
Turrican	21/234.run
Turrican II	21/235.run
Turrican II CDTV	21/236.run
Turrican II Demo	21/237.run
Turrican 3	21/238.run
Turrican 3 Demo	21/239.run
Turrican CDTV	21/240.run
Turrican Demo	21/241.run
Turrican NTSC	21/242.run
Tusker	21/243.run
TV Sports Baseball	21/244.run
TV Sports Basketball	21/245.run
TV Sports Boxing	21/246.run
TV Sports Football	21/247.run
Twintris	21/248.run
Twin Turbos	21/249.run
Twinworld: Land of Vision	21/250.run
Twylyte	21/251.run
Typhoon	21/252.run
Typhoon Thompson in Search for the Sea Child	21/253.run
The Way Of The Little Dragon	21/254.run
The Way Of The Little Dragon	21/255.run
The Way Of The Little Dragon NTSC	21/256.run
Ugh!	22/1.run
Ultima III: Exodus	22/2.run
Ultima IV: Quest of the Avatar	22/3.run
Ultima V: Warriors of Destiny	22/4.run
Ultima VI: The False Prophet	22/5.run
Ultimate Pinball Quest, The	22/6.run
Ultimate Ride, The	22/7.run
UMS II (Universal Military Simulator II): Nations At War	22/8.run
Under Pressure	22/9.run
Uninvited	22/10.run
UMS (Universal Military Simulator)	22/11.run
Universal Monsters	22/12.run
Universal Warrior	22/13.run
Universe	22/14.run
Universe 3	22/15.run
Unreal	22/16.run
Unreal NTSC	22/17.run
Unsensible Soccer	22/18.run
UN Squadron	22/19.run
Untouchables, The	22/20.run
Up Scope	22/21.run
Up Scope	22/22.run
Uridium 2 1MB	22/23.run
Uridium 2 2MB	22/24.run
U.S.S. John Young	22/25.run
Utopia	22/26.run
Utopia NewWorlds	22/27.run
Vector Championship Run	23/1.run
Voyageurs Du Temps, Les: La Menace NTSC	23/2.run
Vader	23/3.run
Valhalla: Before the War	23/4.run
Valhalla and the Lord of Infinity	23/5.run
Vampire's Empire	23/6.run
Vaxine	23/7.run
Vectorball	23/8.run
Vegas Gambler	23/9.run
Venom Wing	23/10.run
Venus: The Flytrap	23/11.run
Venus: The Flytrap NoIntro	23/12.run
Vermeer DE	23/13.run
Viaje al Centro de la Tierra .old ES	23/14.run
Viaje al Centro de la Tierra ES	23/15.run
Victory Road	23/16.run
Videokid	23/17.run
Vigilante	23/18.run
Vindicators	23/19.run
Violator	23/20.run
Virocop 2Meg	23/21.run
Virocop	23/22.run
Virus	23/23.run
Vital Light	23/24.run
Vixen	23/25.run
Viz	23/26.run
Volfied	23/27.run
Voodoo Nightmare	23/28.run
Voyager	23/29.run
Voyages of Discovery	23/30.run
Voyageurs Du Temps, Les: La Menace FR	23/31.run
Vroom	23/32.run
Vroom DataDisk	23/33.run
Vroom DataDisk	23/34.run
Vroom Multi-Player	23/35.run
Vyper	23/36.run
Vyrus	23/37.run
Werner Flaschbier	24/1.run
Werner Flaschbier NoIntro	24/2.run
World Class Leader Board	24/3.run
Wacky Darts	24/4.run
Wacky Races	24/5.run
Wacus the Detective PL	24/6.run
Walker Crunched	24/7.run
Walker NoSpeech Crunched	24/8.run
Walker Decrunched	24/9.run
Walker NoSpeech Decrunched	24/10.run
Wall, The	24/11.run
Wanderer 3D	24/12.run
Wanted	24/13.run
Warhead	24/14.run
War in Middle Earth	24/15.run
War in the Gulf	24/16.run
Warlock's Quest	24/17.run
Warlock: The Avenger	24/18.run
Warlords	24/19.run
War Machine	24/20.run
Warm Up	24/21.run
Warp	24/22.run
War Zone	24/23.run
War Zone	24/24.run
War Zone	24/25.run
Waterloo	24/26.run
Waxworks	24/27.run
Waxworks DE	24/28.run
Waxworks FR	24/29.run
Wayne Gretzky Hockey	24/30.run
Wayne Gretzky Hockey II	24/31.run
World Class Leader Board	24/32.run
World Class Leader Board DataDisk	24/33.run
Web of Terror	24/34.run
Ween: The Prophecy	24/35.run
Ween: The Prophecy DE	24/36.run
Ween: The Prophecy ES	24/37.run
Ween: The Prophecy FR	24/38.run
Ween: The Prophecy IT	24/39.run
Weird Dreams	24/40.run
Welltris	24/41.run
Wembley International Soccer	24/42.run
Wembley Rugby League	24/43.run
Western Games	24/44.run
Western Games	24/45.run
West Phaser	24/46.run
Where Time Stood Still	24/47.run
Whirligig	24/48.run
Whirligig Cracked	24/49.run
White Death: Battle for Velikiye Luki, November 1942	24/50.run
Whizz	24/51.run
Who Framed Roger Rabbit	24/52.run
Wibble World Giddy: Wibble Mania!	24/53.run
Wicked	24/54.run
Where in Europe is Carmen Sandiego?	24/55.run
Wild Cup Soccer	24/56.run
Wild Streets	24/57.run
Wild West World	24/58.run
Wild West World DE	24/59.run
Wild Wheels	24/60.run
Window Wizard Files	24/61.run
Window Wizard Image	24/62.run
Wind Surf Willy	24/63.run
Wind Surf Willy FAST	24/64.run
Wind Surf Willy FR FAST	24/65.run
Wind Surf Willy FR	24/66.run
Windwalker	24/67.run
Wing Commander	24/68.run
Wing Commander DE	24/69.run
Wings	24/70.run
Wings of Death	24/71.run
Wings of Fury	24/72.run
Winnie the Pooh in the Hundred Acre Wood	24/73.run
Winning Post	24/74.run
Winter Camp	24/75.run
Winter Challenge: World Class Competition	24/76.run
Winter Games	24/77.run
Winter Olympiad 88	24/78.run
Winter Olympics	24/79.run
Winter Supersports 92	24/80.run
Winzer	24/81.run
Winzer DE CDTV	24/82.run
Winzer DE	24/83.run
Wisielec PL	24/84.run
Where in the USA is Carmen Sandiego?	24/85.run
Where in the World is Carmen Sandiego?	24/86.run
Wizardry: Bane of the Cosmic Forge	24/87.run
Wizardry: Bane of the Cosmic Forge DE	24/88.run
Wizball	24/89.run
Wizkid	24/90.run
Wiz 'n' Liz	24/91.run
Wolfchild	24/92.run
Wolfpack	24/93.run
Wonderboy in Monsterland	24/94.run
Wonder Dog	24/95.run
Wonderland	24/96.run
Woody's World	24/97.run
World Championship Boxing Manager	24/98.run
World Championship Soccer WorldChampSoccer	24/99.run
World Circuit	24/100.run
World Class Rugby	24/101.run
World Class Rugby: Five Nations Edition	24/102.run
World Class Rugby '95	24/103.run
World Cricket	24/104.run
World Cup 90	24/105.run
World Darts	24/106.run
World Darts	24/107.run
World Games	24/108.run
World Rugby	24/109.run
World Soccer	24/110.run
Worlds of Legend: Son of the Empire	24/111.run
World Tour Golf	24/112.run
World Trophy Soccer	24/113.run
Worms 1MB	24/114.run
Worms 2MB	24/115.run
Wormsigns	24/116.run
W Potrzasku PL	24/117.run
Wrath of the Demon	24/118.run
Wrath of the Demon CDTV	24/119.run
Wreckers	24/120.run
WWF European Rampage Tour	24/121.run
WWF WrestleMania	24/122.run
Xenex	25/1.run
Xenomorph	25/2.run
Xenon	25/3.run
Xenon 2: Megablast 1Disk	25/4.run
Xenon 2: Megablast 2Disk	25/5.run
Xenon 2: Megablast CDTV	25/6.run
Xenon 2: Megablast Demo	25/7.run
Xenon	25/8.run
Xenophobe	25/9.run
Xiphos	25/10.run
X-It IT	25/11.run
Xmas Lemmings 1991	25/12.run
Xmas Lemmings 1992	25/13.run
X-Out 1Disk	25/14.run
X-Out 2Disk	25/15.run
XP8	25/16.run
XR-35 Fighter Mission	25/17.run
Xybots	25/18.run
Yogi Bear and Friends in the Greed Monster	26/1.run
Yogi's Big Clean Up	26/2.run
Yogi's Great Escape	26/3.run
Yo! Joe!	26/4.run
Yo! Joe! Demo	26/5.run
Yolanda Files	26/6.run
Yolanda Image	26/7.run
Zak McKracken and the Alien Mindbenders	27/1.run
Zak McKracken and the Alien Mindbenders DE	27/2.run
Zak McKracken and the Alien Mindbenders FR	27/3.run
Zak McKracken and the Alien Mindbenders IT	27/4.run
Zany Golf	27/5.run
Zarathrusta	27/6.run
Zaxxon 1MB	27/7.run
Zaxxon 512KB	27/8.run
Zeewolf	27/9.run
Zeewolf 2: Wild Justice	27/10.run
Zero Gravity	27/11.run
Ziriax	27/12.run
Zombi	27/13.run
Zombi DE	27/14.run
Zombie Apocalypse	27/15.run
Zombi FR	27/16.run
Zone Warrior	27/17.run
Zool	27/18.run
Zool 2	27/19.run
Zoom!	27/20.run
Z-Out	27/21.run
Zyconix	27/22.run
Zynaps	27/23.run