Simpsons, The: Bart vs. the World
Star Wars: The Empire Strikes Back
Star Wars: Return of the Jedi
Saint & Greavsie
Salmon-Pink Max
Santa's Xmas Caper
Sarakon
SAS Combat Simulator
SAS Combat Simulator
Satan
Savage
Scooby Doo and Scrappy Doo
Scorpio
Scorpion
Scramble Spirits
Seconds Out..!
Sensible Soccer 512K
Sensible Soccer: European Champions v1.1 (92/93 Edition) 512K
Sensible Soccer: England vs Germany
Sensible Soccer v1.1 - European Champions 512K
Sensible Soccer v1.2 - International Edition 512K
Sentinel, The
Seven Gates of Jambala, The Image
Seymour goes to Hollywood
Shadow Dancer
Shadowlands
Shadow of the Beast
Shadow of the Beast II
Shadow Warriors
Sharkey's Moll
She-Fox
Shinobi
ShockWave
Shuffle
SideArms
Silk Worm
Simulcra
Sink or Swim 512KB
Sir Fred: The Legend
Sixiang
Skidz
Ski or Die
Skull & Crossbones
Skweek
Sky High Stuntman
Slackskin & Flint
Slayer
Sliders
Sly Spy: Secret Agent
Snoopy and Peanuts
Snow Bros. Image
Soccer Pinball
Soldier 2000
Soldier of Light
Solomon's Key 2
Sonic Boom
Son Shu-Shi
Sooty & Sweep
Sooty's Fun With Numbers
Sophelie
Sorceror's Apprentice
Space Ace
Space Ace II: Borf's Revenge
Space Assault
Space Crusade
Space Crusade VoyageBeyond
Spacecutter
Space Gun
Space Harrier
Space Harrier RetrnFntZone
Space Harrier II
Space Pilot 89
Space Station Oblivion
Speedball
Speedball 2: Brutal Deluxe
Speedboat Assassin
Speed Buggy
Spellbound Dizzy
Spellfire the Sorceror
Spherical
Spike In Transylvania
Spindizzy Worlds
Spitting Image Image
Spy vs Spy
Spy vs Spy II: The Island Caper
Spy vs Spy III - Arctic Antics
Spy Who Loved Me, The
Stack Up
Starbirds
Starblaze
Starglider
Star Goose!
Starians
StarTrash
Starush Image
Steel
Steg the Slug
Steigar
Stormball
Stormlord
Stratego
Street Fighter
Street Gang
Strider
Strider II
Strike Aces
Stryx
Stunt Car Racer
Stunt Car Racer
Stunt Track Racer
Subbuteo: The Computer Game
Suburban Commando
Summer Camp
Summer Challenge
Summer Games
Summer Games SummerGames2
Summer Games II
Summer Olympiad
Supaplex
Super Cars 2Disk
Super Cauldron
Super Grand Prix
Superman: The Man of Steel
Super Monaco GP
Super Scramble Simulator
Super Seymour
Super Skweek 512KB
Super Space Invaders
Supremacy
Switchblade
Sword & The Rose, The
Sword of Honour
Sword of Sodan
Swords & Galleons