Jahangir Khan's World Championship Squash	J/Jahangir Khans World Champ	A-Games:J/JahangirKhansWChampSquash/JahangirKhansWChampSquash.Slave
James Pond: Underwater Agent	J/James Pond Underwater Agen	A-Games:J/JamesPond/JamesPond.slave
Jaws	J/Jaws	A-Games:J/Jaws/Jaws.Slave
Jet Set Willy II	J/Jet Set Willy II	A-Games:J/JetSetWilly2/JetSetWilly2.slave
Jetsons: The Computer Game	J/Jetsons The Computer Game	A-Games:J/JetsonsTheComputerGame/JetsonsTheComputerGame.Slave
Jim Power in Mutant Planet	J/Jim Power in Mutant Planet	A-Games:J/JimPower/JimPower.Slave
Jocky Wilson's Darts Challenge	J/Jocky Wilsons Darts Challe	A-Games:J/JockyWilsonsDartChallenge/JockyWilsonsDartChallenge.slave
Joe Blade	J/Joe Blade	A-Games:J/JoeBlade/JoeBlade.Slave
Joe Blade 2	J/Joe Blade 2	A-Games:J/JoeBlade2/JoeBlade2.Slave
John Lowe's Ultimate Darts	J/John Lowes Ultimate Darts	A-Games:J/JohnLowesUltimateDarts/JohnLowesUltimateDarts.Slave
Judge Dredd	J/Judge Dredd	A-Games:J/JudgeDredd/JudgeDredd.slave
Jug	J/Jug	A-Games:J/Jug/Jug.Slave
Jumping Jack'son	J/Jumping Jackson	A-Games:J/JumpingJackSon/JumpingJackSon.slave
Jump'n Roll	J/Jumpn Roll	A-Games:J/JumpNRoll/JumpNRoll.Slave
Jupiter Probe	J/Jupiter Probe	A-Games:J/JupiterProbe/JupiterProbe.Slave
Jupiter's Masterdrive	J/Jupiters Masterdrive	A-Games:J/JupitersMasterdrive/JupitersMasterdrive.Slave