Mad Professor Mariarti	M/Mad Professor Mariarti	A-Games:M/MadProfessorMariarti/MadProfessorMariarti.slave
Magic Boy	M/Magic Boy	A-Games:M/MagicBoy/MagicBoy.slave
Magician, The	M/Magician. The	A-Games:M/Magician/Magician.Slave
Magic Lines	M/Magic Lines	A-Games:M/MagicLines/MagicLines.Slave
Magic Pockets	M/Magic Pockets	A-Games:M/MagicPockets/MagicPockets.slave
Magic Pockets NTSC	M/Magic Pockets NTSC	A-Games:M/MagicPocketsNTSC/MagicPocketsNTSC.slave
Magnatron	M/Magnatron	A-Games:M/Magnatron/Magnatron.Slave
Manchester United	M/Manchester United	A-Games:M/ManchesterUnited/ManchesterUnited.Slave
Man from the Council, The	M/Man from the Council. The	A-Games:M/ManFromTheCouncil/ManFromTheCouncil.Slave
Manic Miner	M/Manic Miner	A-Games:M/ManicMiner/ManicMiner.slave
Manix	M/Manix	A-Games:M/Manix/Manix.Slave
Masterblazer	M/Masterblazer	A-Games:M/Masterblazer/Masterblazer.Slave
Matrix Marauders	M/Matrix Marauders	A-Games:M/MatrixMarauders/MatrixMarauders.slave
Mayday Squad	M/Mayday Squad	A-Games:M/MaydaySquadHeroes/MaydaySquadHeroes.Slave
Mean Machine	M/Mean Machine	A-Games:M/MeanMachine/MeanMachine.slave
Mean Streets	M/Mean Streets	A-Games:M/MeanStreets/MeanStreets.slave
Mean Streets DE	M/Mean Streets DE	A-Games:M/MeanStreetsDe/MeanStreetsDe.slave
Mean Streets FR	M/Mean Streets FR	A-Games:M/MeanStreetsFr/MeanStreetsFr.slave
Mega Twins	M/Mega Twins	A-Games:M/MegaTwins/MegaTwins.slave
Menace	M/Menace	A-Games:M/Menace/Menace.Slave
Mental Image Game Disk Image1	M/Mental Image Game Disk Ima	A-Games:M/MentalImage1/MentalImage1.Slave
Mercenary I: Escape from Targ and the Second City	M/Mercenary I Escape from Ta	A-Games:M/Mercenary/Mercenary.slave
Mercenary III: The Dion Crisis	M/Mercenary III The Dion Cri	A-Games:M/Mercenary3/Mercenary3.Slave
Mercs	M/Mercs	A-Games:M/Mercs/Mercs.Slave
Merv the Merciless	M/Merv the Merciless	A-Games:M/MervTheMerciless/MervTheMerciless.slave
Metal Law	M/Metal Law	A-Games:M/MetalLaw/MetalLaw.slave
MF Tanks	M/MF Tanks	A-Games:M/MFTanks/MFTanks.Slave
Miami Chase	M/Miami Chase	A-Games:M/MiamiChase/MiamiChase.slave
Mickey Mouse	M/Mickey Mouse	A-Games:M/MickeyMouseComputerGame/MickeyMouseComputerGame.Slave
Microbes	M/Microbes	A-Games:M/Microbes/Microbes.Slave
Micro Machines	M/Micro Machines	A-Games:M/MicroMachines/MicroMachines.slave
MicroProse Soccer	M/MicroProse Soccer	A-Games:M/MicroProseSoccer/MicroProseSoccer.Slave
Midnight Resistance	M/Midnight Resistance	A-Games:M/MidnightResistance/MidnightResistance.Slave
Midwinter	M/Midwinter	A-Games:M/Midwinter/Midwinter.Slave
Midwinter DE	M/Midwinter DE	A-Games:M/MidwinterDe/MidwinterDe.Slave
Midwinter FR	M/Midwinter FR	A-Games:M/MidwinterFr/MidwinterFr.Slave
MIG-29 Soviet Fighter	M/MIG-29 Soviet Fighter	A-Games:M/MiG29SovietFighter/MiG29SovietFighter.Slave
Mighty Bombjack	M/Mighty Bombjack	A-Games:M/MightyBombJack/MightyBombjack.Slave
Mike Read's Computer Pop Quiz	M/Mike Reads Computer Pop Qu	A-Games:M/MikeReadsComputerPopQuiz/MikeReadsComputerPopQuiz.Slave
Monster Business	M/Monster Business	A-Games:M/MonsterBusiness/MonsterBusiness.slave
Monty Python's Flying Circus	M/Monty Pythons Flying Circu	A-Games:M/MontyPythonsFlyCir/MontyPythonsFlyCir.Slave
Monty Python's Flying Circus NTSC	M/Monty Pythons Flying Ci V2	A-Games:M/MontyPythonsFlyCirNTSC/MontyPythonsFlyCirNTSC.Slave
Moochies, The	M/Moochies. The	A-Games:M/Moochies/Moochies.Slave
Moonshine Racers	M/Moonshine Racers	A-Games:M/MoonShineRacers/MoonShineRacers.Slave
Morph	M/Morph	A-Games:M/Morph/Morph.Slave
Mot	M/Mot	A-Games:M/Mot/Mot.slave
Motörhead	M/Motorhead	A-Games:M/Motorhead/Motorhead.Slave
MouseQuest NTSC	M/MouseQuest NTSC	A-Games:M/MouseQuestNTSC/MouseQuestNTSC.Slave
Mousetrap	M/Mousetrap	A-Games:M/Mousetrap/Mousetrap.Slave
M.U.D.S.	M/M.U.D.S.	A-Games:M/MUDS/MUDS.slave
Munsters, The	M/Munsters. The	A-Games:M/Munsters/Munsters.slave
Murder	M/Murder	A-Games:M/Murder/Murder.Slave
Mysterious Worlds	M/Mysterious Worlds	A-Games:M/MysteriousWorlds/MysteriousWorlds.Slave
Mystical	M/Mystical	A-Games:M/Mystical/Mystical.Slave