Eagle's Rider	E/Eagles Rider	A-Games:E/EaglesRider/EaglesRider.slave
Eco	E/Eco	A-Games:E/Eco/Eco.Slave
Edd the Duck!	E/Edd the Duck	A-Games:E/EddTheDuck/EddTheDuck.Slave
Edd The Duck 2: Back with a Quack!	E/Edd The Duck 2 Back with a	A-Games:E/EddTheDuck2/EddTheDuck2.Slave
Electronic Pool	E/Electronic Pool	A-Games:E/ElectronicPool/ElectronicPool.slave
Elf	E/Elf	A-Games:E/ElfMicroValue/ElfMicroValue.Slave
Elf	E/Elf 	A-Games:E/ElfOcean/ElfOcean.slave
Elf NTSC	E/Elf NTSC	A-Games:E/ElfOceanNTSC/ElfOceanNTSC.Slave
Eliminator	E/Eliminator	A-Games:E/Eliminator/Eliminator.Slave
Elite	E/Elite	A-Games:E/Elite/Elite.slave
Emlyn Hughes International Soccer	E/Emlyn Hughes International	A-Games:E/EmlynHughesIntlSoccer/EmlynHughesIntlSoccer.slave
E-Motion	E/E-Motion	A-Games:E/EMotion/EMotion.Slave
Enchanted Land	E/Enchanted Land	A-Games:E/EnchantedLand/EnchantedLand.Slave
Encounter	E/Encounter	A-Games:E/Encounter/Encounter.slave
England Championship Special	E/England Championship Speci	A-Games:E/EnglandChampSpecial/EnglandChampSpecial.Slave
Entity Intro	E/Entity Intro	A-Games:E/Entity/Intro.slave
Entity	E/Entity	A-Games:E/Entity/Entity.slave
Entity NoIntro	E/Entity NoIntro	A-Games:E/EntityNoIntro/EntityNoIntro.slave
Erik	E/Erik	A-Games:E/Erik/Erik.Slave
Escape from Colditz	E/Escape from Colditz	A-Games:E/EscapeFromColditz/EscapeFromColditz.Slave
Escape from the Planet of the Robot Monsters	E/Escape from the Planet of	A-Games:E/EscapeFTPOTRobotMonsters/EscapeFTPOTRobotMonsters.slave
Eskimo Games	E/Eskimo Games	A-Games:E/EskimoGames/EskimoGames.Slave
ESWAT: Cyber Police Files	E/ESWAT Cyber Police Files	A-Games:E/ESWATFiles/ESWATFiles.Slave
ESWAT: Cyber Police Image	E/ESWAT Cyber Police Image	A-Games:E/ESWATImage/ESWATImage.Slave
E.T.'s Rugby League	E/E.T.s Rugby League	A-Games:E/ETsRugbyLeague/ETsRugbyLeague.Slave
European Football Champ	E/European Football Champ	A-Games:E/EuropeanFootballChamp/EuropeanFootballChamp.Slave
Executioner, The	E/Executioner. The	A-Games:E/Executioner/Executioner.Slave
Exile	E/Exile	A-Games:E/Exile/Exile.slave
Exolon	E/Exolon	A-Games:E/Exolon/Exolon.Slave
Extase	E/Extase	A-Games:E/Extase/Extase.Slave
Exterminator	E/Exterminator	A-Games:E/Exterminator/Exterminator.slave
Eye	E/Eye	A-Games:E/Eye/Eye.Slave
Eye of Horus, The	E/Eye of Horus. The	A-Games:E/EyeOfHorus/EyeOfHorus.Slave
Escape from Colditz DE	E/Escape from Colditz DE	A-Games:F/FluchtAusColditzDe/FluchtAusColditzDe.Slave