P47 Thunderbolt	P/P47 Thunderbolt	A-Games:P/P47Thunderbolt/P47Thunderbolt.Slave
Pac-Land	P/Pac-Land	A-Games:P/PacLand/PacLand.Slave
Pac-Mania	P/Pac-Mania	A-Games:P/PacMania/Pacmania.Slave
Pandora	P/Pandora	A-Games:P/Pandora/Pandora.Slave
Pang	P/Pang	A-Games:P/Pang/Pang.slave
Pango	P/Pango	A-Games:P/Pango/Pango.Slave
Paperboy	P/Paperboy	A-Games:P/Paperboy/Paperboy.slave
Paradise Lost	P/Paradise Lost	A-Games:P/ParadiseLost/ParadiseLost.slave
Paradroid 90 512KB	P/Paradroid 90 512KB	A-Games:P/Paradroid90512KB/Paradroid90512KB.Slave
Paramax	P/Paramax	A-Games:P/Paramax/Paramax.Slave
Parasol Stars: The Story of Rainbow Islands II	P/Parasol Stars The Story of	A-Games:P/ParasolStars/ParasolStars.Slave
Passing Shot	P/Passing Shot	A-Games:P/PassingShot/PassingShot.Slave
Pegasus	P/Pegasus	A-Games:P/Pegasus/Pegasus.Slave
Penthouse Hot Numbers	P/Penthouse Hot Numbers	A-Games:P/PenthouseHotNumbers/PenthouseHotNumbers.Slave
Peter Beardsley's International Football	P/Peter Beardsleys Internati	A-Games:P/PeterBeardsleysIF/PeterBeardsleysIF.Slave
Peter Schmeichel Soccer	P/Peter Schmeichel Soccer	A-Games:P/PeterSchmeichelSoccer/PeterSchmeichelSoccer.Slave
Phantom Fighter	P/Phantom Fighter	A-Games:P/PhantomFighter/PhantomFighter.Slave
Phobia	P/Phobia	A-Games:P/Phobia/Phobia.Slave
Photon Storm	P/Photon Storm	A-Games:P/PhotonStorm/PhotonStorm.slave
Pick 'n Pile	P/Pick n Pile	A-Games:P/PickNPile/PickNPile.Slave
Pink Panther	P/Pink Panther	A-Games:P/PinkPanther/PinkPanther.slave
Pipe Dream	P/Pipe Dream	A-Games:P/PipeDream/PipeDream.Slave
Pipeline	P/Pipeline	A-Games:P/PipelineNomad/PipelineNomad.Slave
Pipeline	P/Pipeline 	A-Games:P/PipelineOracle/PipelineOracle.Slave
Pipe Mania	P/Pipe Mania	A-Games:P/PipeMania/PipeMania.Slave
Pit-Fighter	P/Pit-Fighter	A-Games:P/PitFighter/PitFighter.slave
Plague, The	P/Plague. The	A-Games:P/Plague/Plague.slave
Platoon	P/Platoon	A-Games:P/Platoon/Platoon.Slave
Player Manager	P/Player Manager	A-Games:P/PlayerManager/PlayerManager.slave
Player Manager DE	P/Player Manager DE	A-Games:P/PlayerManagerDe/PlayerManagerDe.slave
Player Manager FR	P/Player Manager FR	A-Games:P/PlayerManagerFr/PlayerManagerFr.slave
Player Manager IT	P/Player Manager IT	A-Games:P/PlayerManagerIt/PlayerManagerIt.slave
Plotting	P/Plotting	A-Games:P/Plotting/Plotting.slave
Pod	P/Pod	A-Games:P/Pod/Pod.Slave
Postman Pat	P/Postman Pat	A-Games:P/PostmanPat/PostmanPat.Slave
Power, The	P/Power. The	A-Games:P/Power/Power.Slave
PowerMonger	P/PowerMonger	A-Games:P/Powermonger/Powermonger.Slave
Powermonger WW1 Edition	P/Powermonger WW1 Edition	A-Games:P/PowermongerWW1Edition/PowermongerWW1Edition.slave
Power Styx	P/Power Styx	A-Games:P/Powerstyx/Powerstyx.slave
P.P. Hammer	P/P.P. Hammer	A-Games:P/PPHammer/PPHammer.Slave
Predator	P/Predator	A-Games:P/Predator/Predator.Slave
Predator 2	P/Predator 2	A-Games:P/Predator2/Predator2.Slave
Prince	P/Prince	A-Games:P/Prince/Prince.Slave
Prison	P/Prison	A-Games:P/Prison/Prison.Slave
Prison NTSC	P/Prison NTSC	A-Games:P/PrisonNTSC/PrisonNTSC.Slave
Pro Boxing Simulator	P/Pro Boxing Simulator	A-Games:P/ProBoxingSimulator/ProBoxingSimulator.Slave
Project-X	P/Project-X	A-Games:P/ProjectXBonusLevel/ProjectXBonusLevel.Slave
Projectyle	P/Projectyle	A-Games:P/Projectyle/Projectyle.slave
Prophecy I: The Viking Child	P/Prophecy I The Viking Chil	A-Games:P/Prophecy1VikingChild/Prophecy1VikingChild.Slave
Pro Powerboat Simulator	P/Pro Powerboat Simulator	A-Games:P/ProPowerBoatSimulator/ProPowerBoatSimulator.Slave
Pro Tennis Simulator Files	P/Pro Tennis Simulator Files	A-Games:P/ProTennisSimulatorFiles/ProTennisSimulatorFiles.Slave
Pro Tennis Simulator Image	P/Pro Tennis Simulator Image	A-Games:P/ProTennisSimulatorImage/ProTennisSimulatorImage.Slave
Pro Tennis Tour	P/Pro Tennis Tour	A-Games:P/ProTennisTour/ProTennisTour.slave
Psyborg	P/Psyborg	A-Games:P/Psyborg/Psyborg.Slave
Pub Trivia Simulator	P/Pub Trivia Simulator	A-Games:P/PubTriviaSimulator/PubTriviaSimulator.Slave
Puffy's Saga	P/Puffys Saga	A-Games:P/PuffysSaga/PuffysSaga.Slave
Puzznic	P/Puzznic	A-Games:P/Puzznic/Puzznic.Slave
Pyramax	P/Pyramax	A-Games:P/Pyramax/Pyramax.Slave