1000cc Turbo	1/1.run
1000 Miglia	1/2.run
1943: The Battle of Midway	1/3.run
3D Galax	1/4.run
3D Pool 3DPictures	1/5.run
3D Pool	1/6.run
5th Gear	1/7.run
7 Colors	1/8.run
9 Lives	1/9.run
Academy	2/1.run
Action Fighter	2/2.run
Adrenalynn	2/3.run
Advanced Ski Simulator	2/4.run
Adventures of Quik & Silva, The	2/5.run
Adventures of Robin Hood, The	2/6.run
Afterburner	2/7.run
After Burner	2/8.run
After the War	2/9.run
Agony	2/10.run
Airball	2/11.run
Airborne Ranger	2/12.run
Alcatraz	2/13.run
Alchemy Demo	2/14.run
Alianator	2/15.run
Alien Bash	2/16.run
Alien Legion	2/17.run
Alien Storm	2/18.run
Alien World	2/19.run
Aliex	2/20.run
Alpha-1	2/21.run
Altered Beast	2/22.run
Amegas	2/23.run
American Gladiators	2/24.run
American Tag-Team Wrestling	2/25.run
Anarchy	2/26.run
Apache Flight	2/27.run
All Points Bulletin Image	2/28.run
Apidya	2/29.run
Apidya	2/30.run
Apprentice	2/31.run
Aquaventura	2/32.run
Arcade Fruit Machine	2/33.run
Arcade Trivia Quiz	2/34.run
Archer MacLean Presents: Billard Americain	2/35.run
Archer Maclean's Pool	2/36.run
Archipelagos	2/37.run
Arena	2/38.run
Arkanoid	2/39.run
Arkanoid: Revenge of Doh	2/40.run
Armageddon Man, The	2/41.run
Armalyte	2/42.run
Army Moves	2/43.run
Arnie	2/44.run
Artura	2/45.run
Astaroth	2/46.run
Astro Marine Corps	2/47.run
ATF II - Advanced Tactical Fighter II	2/48.run
Atomic Robo-Kid	2/49.run
Atomino	2/50.run
Atomix	2/51.run
Atom Smasher	2/52.run
Aunt Arctic Adventure	2/53.run
AWESOME	2/54.run
Axel's Magic Hammer	2/55.run
A Prehistoric Tale	2/56.run
A Question of Sport	2/57.run
Baal	3/1.run
Baby Jo in 'Going Home'	3/2.run
Backlash	3/3.run
Back to the Future Part III	3/4.run
Back to the Future Part II	3/5.run
Bad Company	3/6.run
Bad Dudes vs. Dragonninja NTSC	3/7.run
Bad Dudes vs. Dragonninja	3/8.run
BadLands	3/9.run
Badlands Pete	3/10.run
Ball Game, The	3/11.run
Ballistix	3/12.run
Bangkok Knights	3/13.run
Banzai	3/14.run
Barbarian II	3/15.run
B.A.T.	3/16.run
Batman: The Caped Crusader	3/17.run
Batman: The Movie 2Disk	3/18.run
Battle Bound	3/19.run
Battle Command	3/20.run
Battleships	3/21.run
Battle Squadron	3/22.run
Battle Valley	3/23.run
BC Kid	3/24.run
Beach Volley	3/25.run
Beast Busters	3/26.run
Beavers	3/27.run
Belial	3/28.run
Betrayal	3/29.run
Beverly Hills Cop	3/30.run
Beyond the Ice Palace	3/31.run
Big Nose the Caveman	3/32.run
Big Run	3/33.run
Bionic Commando	3/34.run
Biplane Duel	3/35.run
Black Hornet	3/36.run
Black Lamp	3/37.run
Blades of Steel	3/38.run
Blade Warrior	3/39.run
Blasteroids	3/40.run
Blazing Thunder	3/41.run
Blinky's Scary School	3/42.run
Blood Money	3/43.run
Bloodwych	3/44.run
Bloodwych ExtendedLevels	3/45.run
Bloodwych ExtendedLevels	3/46.run
Blue Angel 69	3/47.run
Blues Brothers, The	3/48.run
BMX Simulator	3/49.run
Bob's Garden	3/50.run
Bomb Fusion	3/51.run
Bomb Jack	3/52.run
Bombuzal	3/53.run
Bonanza Bros	3/54.run
Botics	3/55.run
Brainball	3/56.run
Brain Blasters, The	3/57.run
Brat	3/58.run
Brataccas	3/59.run
Brides of Dracula	3/60.run
Bubble Bobble	3/61.run
Bubble Gun	3/62.run
Buffalo Bill's Wild West Show	3/63.run
Bug Bash	3/64.run
Buggy Boy	3/65.run
Cabal	4/1.run
Cabaret Asteroids	4/2.run
Cabaret Asteroids	4/3.run
Cadaver	4/4.run
Cadaver: The Pay Off CadaverThePayoff	4/5.run
Cadaver: The Pay Off	4/6.run
California Games II	4/7.run
Captain Fizz Meets the Blaster-Trons	4/8.run
Captain Planet and the Planeteers	4/9.run
Carcharodon: White Sharks	4/10.run
Cardiaxx	4/11.run
Cardiaxx	4/12.run
Carl Lewis Challenge, The	4/13.run
Carrier Command	4/14.run
Car-Vup	4/15.run
Castle Kingdoms	4/16.run
Castle Master	4/17.run
Catch 'Em	4/18.run
Cavemania	4/19.run
Celtic Legends	4/20.run
Chambers of Shaolin	4/21.run
Champion Driver	4/22.run
Charlie J. Cool	4/23.run
Chase HQ	4/24.run
Chase HQ II: Special Criminal Investigation	4/25.run
Chip's Challenge	4/26.run
Chip's Challenge	4/27.run
Chrome	4/28.run
Chubby Gristle	4/29.run
Chuckie Egg	4/30.run
Chuckie Egg II	4/31.run
Chuck Rock	4/32.run
Chuck Yeager's Advanced Flight Trainer 2.0	4/33.run
Circus Attractions 2Disk	4/34.run
Circus Games	4/35.run
Cisco Heat	4/36.run
CJ in the USA	4/37.run
CJ's Elephant Antics	4/38.run
Clik Clak	4/39.run
Cloud Kingdoms	4/40.run
Clown-O-Mania	4/41.run
Color Buster	4/42.run
Commando	4/43.run
Conqueror	4/44.run
Continental Circus	4/45.run
Corporation Missions 3Disk	4/46.run
Corporation 2Disk	4/47.run
Corx	4/48.run
Cosmic Pirate	4/49.run
Cosmic Relief: Prof. Renegade to the Rescue	4/50.run
Count Duckula	4/51.run
Cover Girl Strip Poker	4/52.run
Crack Down	4/53.run
Crazy Cars II	4/54.run
Crazy Seasons	4/55.run
Crazy Sue	4/56.run
Crazy Sue ...Goes On	4/57.run
Creatures	4/58.run
Crime Wave	4/59.run
Crossbow: The Legend of William Tell	4/60.run
Crystal Hammer	4/61.run
Crystal Hammer	4/62.run
Crystal Palace	4/63.run
Custodian	4/64.run
Cyber Assault	4/65.run
Cyberball	4/66.run
Cyberblast	4/67.run
Cybernetix	4/68.run
Cybernoid: The Fighting Machine	4/69.run
Cybernoid II: The Revenge	4/70.run
Cyber World	4/71.run
Cyberzerk	4/72.run
Celica GT Rally	4/73.run
Daley Thompson's Olympic Challenge 2Disk	5/1.run
Damocles - Mercenary II	5/2.run
Dan Dare III: The Escape	5/3.run
Dark Fusion	5/4.run
Darkman	5/5.run
DarkSpyre	5/6.run
Datastorm	5/7.run
Days of Thunder	5/8.run
Death Trap	5/9.run
Deep, The	5/10.run
Deep Space	5/11.run
Defender II	5/12.run
Defenders of the Earth	5/13.run
Deflektor	5/14.run
Demon Blue	5/15.run
Denaris 2Disk	5/16.run
Devious Designs	5/17.run
Dick Tracy	5/18.run
Die Hard 2: Die Harder	5/19.run
Digger	5/20.run
Dinosaur Detective Agency	5/21.run
Dino Wars	5/22.run
Discovery: In The Steps of Columbus	5/23.run
Ditris	5/24.run
Dizzy Collection Disk2	5/25.run
Dizzy Dice	5/26.run
Dizzy Panic	5/27.run
Dizzy's Excellent Adventures Disk2	5/28.run
Dizzy's Excellent Adventures Disk1	5/29.run
Dogs of War	5/30.run
Dominator	5/31.run
Donkey Kong	5/32.run
Doodlebug	5/33.run
Doofus	5/34.run
Double Dragon	5/35.run
Double Dragon II: The Revenge	5/36.run
Double Dragon 3: The Rosetta Stone	5/37.run
Double Dribble	5/38.run
Dragon Breed	5/39.run
Dragonflight	5/40.run
DragonScape	5/41.run
Dragon's Kingdom Demo	5/42.run
Dragon's Lair II: Time Warp	5/43.run
Dragon's Lair III: The Curse of Mordread	5/44.run
Dragon Spirit	5/45.run
Dragon Tiles	5/46.run
Drivin' Force	5/47.run
Dr. Mario	5/48.run
Dux	5/49.run
Dyna Blaster	5/50.run
Dynamite Düx	5/51.run
Dynasty Wars	5/52.run
Dyter-07	5/53.run
Do! Run Run Image	5/54.run
Eagle's Rider	6/1.run
Eco	6/2.run
Edd the Duck!	6/3.run
Edd The Duck 2: Back with a Quack!	6/4.run
Electronic Pool	6/5.run
Elf	6/6.run
Elf	6/7.run
Eliminator	6/8.run
Elite	6/9.run
Emlyn Hughes International Soccer	6/10.run
E-Motion	6/11.run
Enchanted Land	6/12.run
Encounter	6/13.run
England Championship Special	6/14.run
Entity Intro	6/15.run
Entity	6/16.run
Erik	6/17.run
Escape from Colditz	6/18.run
Escape from the Planet of the Robot Monsters	6/19.run
Eskimo Games	6/20.run
E.T.'s Rugby League	6/21.run
European Football Champ	6/22.run
Executioner, The	6/23.run
Exile	6/24.run
Exolon	6/25.run
Extase	6/26.run
Exterminator	6/27.run
Eye	6/28.run
Eye of Horus, The	6/29.run
Federation Quest 1: BSS Jane Seymour	7/1.run
F1	7/2.run
F-16 Combat Pilot	7/3.run
F-19 Stealth Fighter	7/4.run
F1 Tornado	7/5.run
F29 Retaliator	7/6.run
F40 Pursuit Simulator	7/7.run
Fallen Angel	7/8.run
Fantasy World Dizzy	7/9.run
Fast Food!	7/10.run
Fast Food!	7/11.run
Fast Lane! The Spice Engineering Challenge	7/12.run
Fast Lane! The Spice Engineering Challenge	7/13.run
Federation of Free Traders	7/14.run
Fernandez Must Die	7/15.run
Fighting Soccer NTSC	7/16.run
Final Blow	7/17.run
Final Fight 512K	7/18.run
Fire and Brimstone	7/19.run
Fire and Ice	7/20.run
Fire and Ice Demo	7/21.run
Fire and Brimstone	7/22.run
Fireblaster	7/23.run
Firehawk	7/24.run
First Contact	7/25.run
Fist Fighter	7/26.run
Flimbo's Quest	7/27.run
Flintstones, The	7/28.run
Flip-it & Magnose: Water Carriers from Mars	7/29.run
Fly Fighter highs	7/30.run
Fly Fighter	7/31.run
Footballer of the Year 2	7/32.run
Forgotten Worlds	7/33.run
Foundation's Waste	7/34.run
Frankenstein	7/35.run
Freak Out	7/36.run
Frenetic	7/37.run
Frost Byte	7/38.run
Full Contact	7/39.run
Future Shock	7/40.run
Future Tank	7/41.run
Fuzzball Intro	7/42.run
Fuzzball	7/43.run
Gadget: Lost in Time	8/1.run
Gainforce	8/2.run
Galactic: The Xmas Edition 1MB	8/3.run
Galactic Warrior Rats	8/4.run
Galaga '92	8/5.run
Galaxy '89	8/6.run
Galaxy Blast	8/7.run
Galaxy Force II	8/8.run
Game of Harmony, The	8/9.run
Ganymed	8/10.run
Garfield: Winter's Tail	8/11.run
Gary Lineker's Hot Shot	8/12.run
Gauntlet II	8/13.run
Gauntlet III: The Final Quest	8/14.run
Gazza II	8/15.run
Gear Works	8/16.run
Gemini Wing	8/17.run
Gem Stone Legend	8/18.run
Gem'X	8/19.run
Ghost Battle	8/20.run
Ghostbusters II	8/21.run
Ghouls 'n Ghosts	8/22.run
Giganoid	8/23.run
Gladiators	8/24.run
Globulus	8/25.run
G-LOC R360	8/26.run
G.Nius	8/27.run
Gnome Alone	8/28.run
Godfather, The	8/29.run
Golden Axe	8/30.run
Gold of the Aztecs, The	8/31.run
Goldrunner	8/32.run
Goldrunner II	8/33.run
Goldrunner II SceneryDisk	8/34.run
Graeme Souness Soccer Manager	8/35.run
Grand Monster Slam	8/36.run
Grand Prix Master	8/37.run
Gravity-Force	8/38.run
Great Courts	8/39.run
Great Giana Sisters, The	8/40.run
Gremlins 2: The New Batch	8/41.run
Guldkorn Expressen DK 512KB	8/42.run
Gunshoot	8/43.run
Guy Spy and the Crystals of Armageddon	8/44.run
Grid Runner	8/45.run
Greg Norman's Ultimate Golf	8/46.run
Halley Project, The: A Mission In Our Solar System	9/1.run
Hammer Boy	9/2.run
Hammerfist	9/3.run
Hard 'n' Heavy	9/4.run
Harlequin 512KB	9/5.run
Harley-Davidson	9/6.run
H.A.T.E.: Hostile All Terrain Encounter	9/7.run
Hawkeye	9/8.run
Head Over Heels	9/9.run
Heavy Metal	9/10.run
Heavy Metal Heroes	9/11.run
Hellbent	9/12.run
Hellfire Attack	9/13.run
Hellraider	9/14.run
Hell Raisers	9/15.run
Helter Skelter	9/16.run
Heroes of the Lance	9/17.run
HeroQuest	9/18.run
HeroQuest	9/19.run
High Steel	9/20.run
Hill Street Blues	9/21.run
Hollywood Poker	9/22.run
Hollywood Poker Pro	9/23.run
Hong Kong Phooey	9/24.run
Horror Zombies from the Crypt	9/25.run
Hostile Breed	9/26.run
Hot Rod	9/27.run
Hotshot	9/28.run
Huckleberry Hound in Hollywood Capers	9/29.run
Hudson Hawk	9/30.run
Human Killing Machine	9/31.run
Humans 2: The Jurassic Levels	9/32.run
Hunter	9/33.run
Hunt for Red October, The	9/34.run
Hybris	9/35.run
Hydra	9/36.run
Hyperdome	9/37.run
Hyperion	9/38.run
Ice Runner	10/1.run
Ikari Warriors	10/2.run
Ilyad	10/3.run
Impact!	10/4.run
Impact!	10/5.run
Impossamole	10/6.run
Indiana Jones and the Last Crusade	10/7.run
Indigo Image	10/8.run
Indy Heat	10/9.run
Infestation	10/10.run
Insector Hecti in the Interchange	10/11.run
International 3D Tennis	10/12.run
IK+	10/13.run
International Ninja Rabbits	10/14.run
International Tennis	10/15.run
International Truck Racing	10/16.run
Interphase	10/17.run
Into the Eagle's Nest	10/18.run
Invasion	10/19.run
Italy 1990	10/20.run
Italy 1990	10/21.run
Italy 1990: Winners Edition	10/22.run
Ivanhoe	10/23.run
Italy '90 Soccer	10/24.run
Jahangir Khan's World Championship Squash	11/1.run
James Pond: Underwater Agent	11/2.run
Jaws	11/3.run
Jet Set Willy II	11/4.run
Jetsons: The Computer Game	11/5.run
Jim Power in Mutant Planet	11/6.run
Jocky Wilson's Darts Challenge	11/7.run
Joe Blade	11/8.run
Joe Blade 2	11/9.run
John Lowe's Ultimate Darts	11/10.run
Judge Dredd	11/11.run
Jug	11/12.run
Jumping Jack'son	11/13.run
Jump'n Roll	11/14.run
Jupiter Probe	11/15.run
Jupiter's Masterdrive	11/16.run
Kamikaze	12/1.run
Karate Kid Part II, The	12/2.run
Katakis 2Disk	12/3.run
Kennedy Approach	12/4.run
Keys to Maramon, The	12/5.run
Kick Off	12/6.run
Kick Off ExtraTime 2Disk	12/7.run
Kid Gloves	12/8.run
Kid Gloves II	12/9.run
Kikstart II	12/10.run
Killing Cloud, The	12/11.run
Killing Game Show, The	12/12.run
Kiro's Quest	12/13.run
Klax	12/14.run
Kristal, The	12/15.run
Krusty's Super Fun House	12/16.run
Krypton Egg	12/17.run
Kwik Snax	12/18.run
Labyrinth DK	13/1.run
Laser Squad	13/2.run
Last Battle	13/3.run
Last Duel	13/4.run
Last Ninja 3	13/5.run
Leander	13/6.run
Leatherneck	13/7.run
Leavin' Teramis	13/8.run
Legacy TheGame	13/9.run
Legend getlegendsavedisk	13/10.run
Legend	13/11.run
Legend of the Lost	13/12.run
Lemmings Image	13/13.run
Leonardo	13/14.run
Leonardo	13/15.run
Lethal Xcess	13/16.run
Lethal Zone	13/17.run
Licence to Kill	13/18.run
Limes & Napoleon	13/19.run
Liquid Kids Image	13/20.run
Little Puff in Dragonland	13/21.run
Live and Let Die SpaceHarrier	13/22.run
Live and Let Die	13/23.run
Livingstone II	13/24.run
Llamatron: 2112 512KB	13/25.run
Loopz	13/26.run
Lords of Chaos	13/27.run
Lords of Chaos DataDisk	13/28.run
Lotus Esprit Turbo Challenge	13/29.run
Luxor	13/30.run
Mad Professor Mariarti	14/1.run
Magic Boy	14/2.run
Magician, The	14/3.run
Magic Lines	14/4.run
Magic Pockets	14/5.run
Magnatron	14/6.run
Manchester United	14/7.run
Man from the Council, The	14/8.run
Manic Miner	14/9.run
Manix	14/10.run
Masterblazer	14/11.run
Matrix Marauders	14/12.run
Mayday Squad	14/13.run
McDonald Land	14/14.run
Mean Machine	14/15.run
Mean Streets	14/16.run
Mega Twins	14/17.run
Menace	14/18.run
Mercenary I: Escape from Targ and the Second City	14/19.run
Mercenary III: The Dion Crisis	14/20.run
Mercs	14/21.run
Merv the Merciless	14/22.run
Metal Law	14/23.run
MF Tanks	14/24.run
Miami Chase	14/25.run
Mickey Mouse	14/26.run
Microbes	14/27.run
Micro Machines	14/28.run
MicroProse Soccer	14/29.run
Midnight Resistance	14/30.run
Midwinter	14/31.run
MIG-29 Soviet Fighter	14/32.run
Mighty Bombjack	14/33.run
Mike Read's Computer Pop Quiz	14/34.run
Monster Business	14/35.run
Moochies, The	14/36.run
Moonshine Racers	14/37.run
Morph	14/38.run
Mot	14/39.run
Motörhead	14/40.run
MouseQuest	14/41.run
Mousetrap	14/42.run
Monty Python's Flying Circus	14/43.run
M.U.D.S.	14/44.run
Munsters, The	14/45.run
Murder	14/46.run
Mysterious Worlds	14/47.run
Narc	15/1.run
Narco Police	15/2.run
Navy Moves	15/3.run
Navy Seals	15/4.run
Nebulus	15/5.run
Nebulus 2	15/6.run
Necronom	15/7.run
Neighbours	15/8.run
Netherworld	15/9.run
Neverending Story II, The	15/10.run
Nevermind	15/11.run
New Year Lemmings 1991/92	15/12.run
Newzealand Story, The	15/13.run
Nicky Boom	15/14.run
Nigel Mansell's Grand Prix	15/15.run
Nightbreed: The Action Game	15/16.run
Night Breed: The Interactive Movie	15/17.run
Nightdawn	15/18.run
Night Hunter	15/19.run
Ninja Rabbits	15/20.run
Ninja Spirit	15/21.run
Ninja Warriors, The	15/22.run
Nitro	15/23.run
Nitro Boost Challenge	15/24.run
Nobby the Aardvark	15/25.run
No Buddies Land	15/26.run
No Excuses	15/27.run
Nucleus	15/28.run
Oath, The	16/1.run
Obliterator	16/2.run
Oblivion	16/3.run
Oktagon	16/4.run
Onslaught	16/5.run
Ooops Up	16/6.run
Operation Firestorm	16/7.run
Operation Thunderbolt	16/8.run
Operation Wolf	16/9.run
Orbital Destroyer	16/10.run
Oriental Games	16/11.run
Ork	16/12.run
OsWALD of the Ice Floes	16/13.run
Out Run	16/14.run
Out Run	16/15.run
Outzone	16/16.run
Overlander	16/17.run
Oxxonian	16/18.run
P47 Thunderbolt	17/1.run
Pac-Land	17/2.run
Pac-Mania	17/3.run
Pandora	17/4.run
Pang	17/5.run
Pango	17/6.run
Paperboy	17/7.run
Paradise Lost	17/8.run
Paradroid 90 512KB	17/9.run
Paramax	17/10.run
Parasol Stars: The Story of Rainbow Islands II	17/11.run
Passing Shot	17/12.run
Pegasus	17/13.run
Penthouse Hot Numbers	17/14.run
Peter Beardsley's International Football	17/15.run
Peter Schmeichel Soccer	17/16.run
Phantom Fighter	17/17.run
Phobia	17/18.run
Photon Storm	17/19.run
Pick 'n Pile	17/20.run
Pink Panther	17/21.run
Pipe Dream	17/22.run
Pipeline	17/23.run
Pipeline	17/24.run
Pipe Mania	17/25.run
Pit-Fighter	17/26.run
Plague, The	17/27.run
Platoon	17/28.run
Player Manager	17/29.run
Plotting	17/30.run
Pod	17/31.run
Postman Pat	17/32.run
Power, The	17/33.run
PowerMonger	17/34.run
Powermonger WW1 Edition	17/35.run
Power Styx	17/36.run
P.P. Hammer	17/37.run
Predator	17/38.run
Predator 2	17/39.run
Prince	17/40.run
Prison	17/41.run
Pro Boxing Simulator	17/42.run
Project-X	17/43.run
Projectyle	17/44.run
Prophecy I: The Viking Child	17/45.run
Pro Powerboat Simulator	17/46.run
Pro Tennis Simulator Image	17/47.run
Pro Tennis Tour	17/48.run
Psyborg	17/49.run
Pub Trivia Simulator	17/50.run
Puffy's Saga	17/51.run
Puzznic	17/52.run
Pyramax	17/53.run
Qix	18/1.run
Quadralien	18/2.run
Quadrel	18/3.run
Quartz	18/4.run
Quest of Agravain, The	18/5.run
Race Drivin'	19/1.run
Rackney's Island	19/2.run
Rainbow Islands	19/3.run
Rainbow Warrior	19/4.run
Rally Cross Challenge	19/5.run
Rambo III	19/6.run
Rampage	19/7.run
Rat Trap	19/8.run
R.B.I. 2 Baseball	19/9.run
Real Ghostbusters, The	19/10.run
Realms	19/11.run
Real Popeye, The	19/12.run
Rebellion	19/13.run
Red Heat	19/14.run
Reflexity: Pinball Challenge	19/15.run
Renegade	19/16.run
Renegades Deluxe	19/17.run
Renegades Deluxe Editor	19/18.run
Resolution 101	19/19.run
Return to Genesis	19/20.run
Revelation!	19/21.run
Revenge of Defender	19/22.run
Revenge of the Mutant Camels	19/23.run
Revenge of the Mutant Camels II	19/24.run
Rick Dangerous	19/25.run
Rick Dangerous II	19/26.run
Rick Dangerous II	19/27.run
Risky Woods	19/28.run
RoadBlasters	19/29.run
Roadwars	19/30.run
Robbeary	19/31.run
Robin Hood: Legend Quest	19/32.run
RoboCop	19/33.run
RoboCop 2	19/34.run
Robotnic	19/35.run
Rockford	19/36.run
Rodland	19/37.run
Rogue Trooper	19/38.run
RollerCoaster Rumbler	19/39.run
Roll or Die	19/40.run
Rome AD92: The Pathway To Power	19/41.run
Rotor	19/42.run
Rotox	19/43.run
Round the Bend!	19/44.run
R-Type	19/45.run
R-Type II	19/46.run
Ruff and Reddy in the Space Adventure	19/47.run
Rugby: The World Cup	19/48.run
Running Man, The	19/49.run
Run the Gauntlet	19/50.run
Rushhour	19/51.run
RVF Honda	19/52.run
Simpsons, The: Bart vs. the Space Mutants 2Disk	20/1.run
Simpsons, The: Bart vs. the World	20/2.run
Star Wars: The Empire Strikes Back	20/3.run
Star Wars: Return of the Jedi	20/4.run
Saint & Greavsie	20/5.run
Salmon-Pink Max	20/6.run
Santa's Xmas Caper	20/7.run
Sarakon	20/8.run
SAS Combat Simulator	20/9.run
SAS Combat Simulator	20/10.run
Satan	20/11.run
Savage	20/12.run
Scooby Doo and Scrappy Doo	20/13.run
Scorpio	20/14.run
Scorpion	20/15.run
Scorpion highs	20/16.run
Scramble Spirits	20/17.run
Seconds Out..!	20/18.run
Sensible Soccer 512K	20/19.run
Sensible Soccer: European Champions v1.1 (92/93 Edition) 512K	20/20.run
Sensible Soccer: England vs Germany	20/21.run
Sensible Soccer v1.1 - European Champions 512K	20/22.run
Sensible Soccer v1.2 - International Edition 512K	20/23.run
Sentinel, The	20/24.run
Seven Gates of Jambala, The Image	20/25.run
Seymour goes to Hollywood	20/26.run
Shadow Dancer	20/27.run
Shadowlands	20/28.run
Shadow of the Beast	20/29.run
Shadow of the Beast II	20/30.run
Shadow Warriors	20/31.run
Sharkey's Moll	20/32.run
She-Fox	20/33.run
Shinobi	20/34.run
ShockWave	20/35.run
Shuffle	20/36.run
SideArms	20/37.run
Silk Worm	20/38.run
Simulcra	20/39.run
Sink or Swim 512KB	20/40.run
Sir Fred: The Legend	20/41.run
Sixiang	20/42.run
Skidz	20/43.run
Ski or Die	20/44.run
Skull & Crossbones	20/45.run
Skweek	20/46.run
SkyChase	20/47.run
Sky High Stuntman	20/48.run
Slackskin & Flint	20/49.run
Slayer	20/50.run
Sliders	20/51.run
Sly Spy: Secret Agent	20/52.run
Snoopy and Peanuts	20/53.run
Snow Bros. Image	20/54.run
Soccer Pinball	20/55.run
Soldier 2000	20/56.run
Soldier of Light	20/57.run
Solomon's Key 2	20/58.run
Sonic Boom	20/59.run
Son Shu-Shi	20/60.run
Sooty & Sweep	20/61.run
Sooty's Fun With Numbers	20/62.run
Sophelie	20/63.run
Sorceror's Apprentice	20/64.run
Space Ace	20/65.run
Space Ace II: Borf's Revenge	20/66.run
Space Assault	20/67.run
Space Crusade	20/68.run
Space Crusade VoyageBeyond	20/69.run
Space Crusade VoyageBeyond	20/70.run
Spacecutter	20/71.run
Space Gun	20/72.run
Space Harrier	20/73.run
Space Harrier RetrnFntZone	20/74.run
Space Harrier II	20/75.run
Space Pilot 89	20/76.run
Space Station Oblivion	20/77.run
Speedball	20/78.run
Speedball 2: Brutal Deluxe	20/79.run
Speedboat Assassin	20/80.run
Speed Buggy	20/81.run
Spellbound Dizzy	20/82.run
Spellfire the Sorceror	20/83.run
Spherical	20/84.run
Spike In Transylvania	20/85.run
Spindizzy Worlds	20/86.run
Spitting Image Image	20/87.run
Spy vs Spy	20/88.run
Spy vs Spy II: The Island Caper	20/89.run
Spy vs Spy III - Arctic Antics	20/90.run
Spy Who Loved Me, The	20/91.run
Stack Up	20/92.run
Starbirds	20/93.run
Starblaze	20/94.run
Starglider	20/95.run
Star Goose!	20/96.run
Starians	20/97.run
StarTrash	20/98.run
Starush Image	20/99.run
Steel	20/100.run
Steg the Slug	20/101.run
Steigar	20/102.run
Stormball	20/103.run
Stormlord	20/104.run
Stratego	20/105.run
Street Fighter	20/106.run
Street Gang	20/107.run
Strider	20/108.run
Strider II	20/109.run
Strike Aces	20/110.run
Stryx	20/111.run
Stunt Car Racer	20/112.run
Stunt Car Racer	20/113.run
Stunt Track Racer	20/114.run
Subbuteo: The Computer Game	20/115.run
Suburban Commando	20/116.run
Summer Camp	20/117.run
Summer Challenge	20/118.run
Summer Games	20/119.run
Summer Games SummerGames2	20/120.run
Summer Games II	20/121.run
Summer Olympiad	20/122.run
Supaplex	20/123.run
Super Cars 2Disk	20/124.run
Super Cauldron	20/125.run
Super Grand Prix	20/126.run
Superman: The Man of Steel	20/127.run
Super Monaco GP	20/128.run
Super Scramble Simulator	20/129.run
Super Seymour	20/130.run
Super Skweek 512KB	20/131.run
Super Space Invaders	20/132.run
Supremacy	20/133.run
Switchblade	20/134.run
Sword & The Rose, The	20/135.run
Sword of Honour	20/136.run
Sword of Sodan	20/137.run
Swords & Galleons	20/138.run
The Cartoons	21/1.run
The Four Crystals of Trazere getlegendsavedisk	21/2.run
The Four Crystals of Trazere	21/3.run
The Games: Summer Edition	21/4.run
The Hellrun Machine	21/5.run
The North Sea Inferno	21/6.run
The Paranoia Complex	21/7.run
T-Bird	21/8.run
Team Suzuki	21/9.run
Tearaway Thomas	21/10.run
Tecnoball	21/11.run
Teenage Mutant Hero Turtles	21/12.run
Teenage Mutant Hero Turtles	21/13.run
Teller, The	21/14.run
Tennis Cup 512KB	21/15.run
Terramex	21/16.run
Terrorpods	21/17.run
Terry's Big Adventure	21/18.run
Tetra Quest	21/19.run
Tetrix	21/20.run
Theme Park Mystery	21/21.run
Thomas the Tank Engine	21/22.run
Thomas the Tank Engine 2	21/23.run
Thunderbirds	21/24.run
Thunder Blade	21/25.run
Thunder Burner	21/26.run
Thunderstrike	21/27.run
Tie-Break	21/28.run
Tiger Road	21/29.run
Time Bandit	21/30.run
Time Lock	21/31.run
Time Machine	21/32.run
Time Soldier	21/33.run
Tiny Skweeks	21/34.run
Tip Off	21/35.run
Titan	21/36.run
Titanic Blinky	21/37.run
Toki	21/38.run
Tommy Gun	21/39.run
Toobin'	21/40.run
Top Cat	21/41.run
Top Secret	21/42.run
Torvak the Warrior	21/43.run
Total Recall Image	21/44.run
Tournament Golf	21/45.run
Tower of Babel	21/46.run
Tower Toppler	21/47.run
Tracker	21/48.run
Trained Assassin	21/49.run
Transplant	21/50.run
Treasure Island Dizzy	21/51.run
Treasure Trap	21/52.run
Troddlers	21/53.run
Trog	21/54.run
Turbo Out Run	21/55.run
Turn n' Burn	21/56.run
Turrican	21/57.run
Turrican II	21/58.run
Turrican 3	21/59.run
Tusker	21/60.run
Twintris	21/61.run
Twin Turbos	21/62.run
Twinworld: Land of Vision	21/63.run
The Way Of The Little Dragon	21/64.run
The Way Of The Little Dragon	21/65.run
Ultima V: Warriors of Destiny	22/1.run
Ultimate Pinball Quest, The	22/2.run
Ultimate Ride, The	22/3.run
Universal Warrior	22/4.run
Unsensible Soccer	22/5.run
UN Squadron	22/6.run
Untouchables, The	22/7.run
Vector Championship Run	23/1.run
Vampire's Empire	23/2.run
Vaxine	23/3.run
Vectorball	23/4.run
Venom Wing	23/5.run
Venus: The Flytrap	23/6.run
Victory Road	23/7.run
Vigilante	23/8.run
Vindicators	23/9.run
Violator	23/10.run
Virus	23/11.run
Vixen	23/12.run
Viz	23/13.run
Voodoo Nightmare	23/14.run
Voyager	23/15.run
Vroom	23/16.run
Vroom DataDisk	23/17.run
Vroom DataDisk	23/18.run
Vroom Multi-Player	23/19.run
Vyrus	23/20.run
Werner Flaschbier	24/1.run
Wacky Races	24/2.run
Wanderer 3D	24/3.run
Wanted	24/4.run
Warhead	24/5.run
Warlock: The Avenger	24/6.run
Warp	24/7.run
War Zone	24/8.run
War Zone	24/9.run
War Zone	24/10.run
Western Games	24/11.run
Whirligig	24/12.run
Wibble World Giddy: Wibble Mania!	24/13.run
Wicked	24/14.run
Wild Streets	24/15.run
Window Wizard Image	24/16.run
Wings of Death	24/17.run
Winter Camp	24/18.run
Winter Supersports 92	24/19.run
Wizball	24/20.run
Wolfchild	24/21.run
Wonderboy in Monsterland	24/22.run
World Championship Boxing Manager	24/23.run
World Class Rugby	24/24.run
World Class Rugby: Five Nations Edition	24/25.run
World Class Rugby '95	24/26.run
World Rugby	24/27.run
World Soccer	24/28.run
Worlds of Legend: Son of the Empire	24/29.run
Wrath of the Demon	24/30.run
Wreckers	24/31.run
WWF WrestleMania	24/32.run
Xenomorph	25/1.run
Xenon	25/2.run
Xenon 2: Megablast 2Disk	25/3.run
Xenophobe	25/4.run
XR-35 Fighter Mission	25/5.run
Xybots	25/6.run
Yogi Bear and Friends in the Greed Monster	26/1.run
Yogi's Big Clean Up	26/2.run
Yogi's Great Escape	26/3.run
Yolanda Image	26/4.run
Zany Golf	27/1.run
Zarathrusta	27/2.run
Zaxxon 512KB	27/3.run
Ziriax	27/4.run
Zone Warrior	27/5.run
Zoom!	27/6.run
Z-Out	27/7.run
Zyconix	27/8.run
Zynaps	27/9.run