Cabal	C/Cabal	A-Games:C/Cabal/Cabal.slave
Cabaret Asteroids	C/Cabaret Asteroids	A-Games:C/CabaretAsteroids/CabaretAsteroids.slave
Cabaret Asteroids	C/Cabaret Asteroids 	A-Games:C/CabaretAsteroidsRepacked/CabaretAsteroidsRepacked.slave
Cadaver: The Pay Off	C/Cadaver The Pay Off	A-Games:C/Cadaver&ThePayoff/Cadaver&ThePayoff.slave
Cadaver Demos	C/Cadaver Demos	A-Games:C/CadaverDemos/CadaverDemos.slave
Calephar Image	C/Calephar Image	A-Games:C/CalepharImage/CalepharImage.Slave
California Games II	C/California Games II	A-Games:C/CaliforniaGames2/CaliforniaGames2.slave
Captain Planet and the Planeteers	C/Captain Planet and the Pla	A-Games:C/CaptainPlanet/CaptainPlanet.slave
Captain Planet and the Planeteers	C/Captain Planet and the  V2	A-Games:C/CaptainPlanetA600Pack/CaptainPlanetA600Pack.Slave
Carcharodon: White Sharks	C/Carcharodon White Sharks	A-Games:C/Carcharodon/Carcharodon.slave
Cardiaxx	C/Cardiaxx	A-Games:C/CardiaxxElectronicZoo/CardiaxxElectronicZoo.Slave
Cardiaxx	C/Cardiaxx 	A-Games:C/CardiaxxTeam17/CardiaxxTeam17.Slave
Carl Lewis Challenge, The	C/Carl Lewis Challenge. The	A-Games:C/CarlLewisChallenge/CarlLewisChallenge.slave
Carrier Command	C/Carrier Command	A-Games:C/CarrierCommand/CarrierCommand.slave
Car-Vup	C/Car-Vup	A-Games:C/CarVup/CarVup.Slave
Castle Kingdoms	C/Castle Kingdoms	A-Games:C/CastleKingdoms/CastleKingdoms.Slave
Castle Master	C/Castle Master	A-Games:C/CastleMaster/CastleMaster.Slave
Catch 'Em	C/Catch Em	A-Games:C/CatchEm/CatchEm.slave
Cavemania	C/Cavemania	A-Games:C/CaveMania/Cavemania.slave
Cave Runner	C/Cave Runner	A-Games:C/CaveRunner/CaveRunner.slave
Celtic Legends	C/Celtic Legends	A-Games:C/CelticLegends/CelticLegends.slave
Chambers of Shaolin	C/Chambers of Shaolin	A-Games:C/ChambersOfShaolin/ChambersOfShaolin.Slave
Champion Driver	C/Champion Driver	A-Games:C/ChampionDriver/ChampionDriver.Slave
Charlie J. Cool	C/Charlie J. Cool	A-Games:C/CharlieJCool/CharlieJCool.slave
Charon 5	C/Charon 5	A-Games:C/Charon5/Charon5.Slave
Chase HQ	C/Chase HQ	A-Games:C/ChaseHQ/ChaseHQ.Slave
Chase HQ II: Special Criminal Investigation	C/Chase HQ II Special Crimin	A-Games:C/ChaseHQ2/ChaseHQ2.slave
Chip's Challenge	C/Chips Challenge	A-Games:C/ChipsChallenge/ChipsChallenge.Slave
Chip's Challenge NTSC	C/Chips Challenge NTSC	A-Games:C/ChipsChallengeNTSC/ChipsChallengeNTSC.Slave
Chrome	C/Chrome	A-Games:C/Chrome/Chrome.Slave
Chubby Gristle	C/Chubby Gristle	A-Games:C/ChubbyGristle/ChubbyGristle.Slave
Chuckie Egg	C/Chuckie Egg	A-Games:C/ChuckieEgg/ChuckieEgg.Slave
Chuckie Egg II	C/Chuckie Egg II	A-Games:C/ChuckieEgg2/ChuckieEgg2.Slave
Chuck Rock	C/Chuck Rock	A-Games:C/ChuckRock/ChuckRock.Slave
Chuck Yeager's Advanced Flight Trainer 2.0	C/Chuck Yeagers Advanced Fli	A-Games:C/ChuckYeagersAFT2/ChuckYeagersAFT2.Slave
Circus Attractions	C/Circus Attractions	A-Games:C/CircusAttractions/CircusAttractions.Slave
Circus Games	C/Circus Games	A-Games:C/CircusGames/CircusGames.Slave
Cisco Heat	C/Cisco Heat	A-Games:C/CiscoHeat/CiscoHeat.Slave
CJ in the USA	C/CJ in the USA	A-Games:C/CJInTheUSA/CJInTheUSA.Slave
CJ's Elephant Antics	C/CJs Elephant Antics	A-Games:C/CJsElephantAntics/CJsElephantAntics.Slave
Clik Clak	C/Clik Clak	A-Games:C/ClikClak/ClikClak.Slave
Cloud Kingdoms	C/Cloud Kingdoms	A-Games:C/CloudKingdoms/CloudKingdoms.slave
Clown-O-Mania	C/Clown-O-Mania	A-Games:C/ClownOMania/ClownOMania.slave
Cobra (Beta/Unreleased)	C/Cobra BetaUnreleased	A-GamesBeta:C/Cobra/Cobra.slave
Color Buster	C/Color Buster	A-Games:C/ColorBuster/ColorBuster.slave
Commando	C/Commando	A-Games:C/Commando/Commando.slave
Conqueror	C/Conqueror	A-Games:C/Conqueror/Conqueror.Slave
Continental Circus	C/Continental Circus	A-Games:C/ContinentalCircus/ContinentalCircus.Slave
Corporation Missions 2Disk	C/Corporation Missions 2Disk	A-Games:C/Corporation&Missions2Disk/Corporation&Missions2Disk.Slave
Corporation Missions 3Disk	C/Corporation Missions 3Disk	A-Games:C/Corporation&Missions3Disk/Corporation&Missions3Disk.Slave
Corporation 1Disk	C/Corporation 1Disk	A-Games:C/Corporation1Disk/Corporation1Disk.Slave
Corporation 2Disk	C/Corporation 2Disk	A-Games:C/Corporation2Disk/Corporation2Disk.Slave
Corx	C/Corx	A-Games:C/Corx/Corx.Slave
Cosmic Pirate	C/Cosmic Pirate	A-Games:C/CosmicPirate/CosmicPirate.Slave
Cosmic Relief: Prof. Renegade to the Rescue NTSC	C/Cosmic Relief Prof. Renega	A-Games:C/CosmicReliefNTSC/CosmicReliefNTSC.Slave
Cosmo Ranger: SOL AD 2000	C/Cosmo Ranger SOL AD 2000	A-Games:C/CosmoRanger/CosmoRanger.Slave
Cosmo Ranger: SOL AD 2000 NTSC	C/Cosmo Ranger SOL AD 2000 N	A-Games:C/CosmoRangerNTSC/CosmoRangerNTSC.slave
Count Duckula	C/Count Duckula	A-Games:C/CountDuckula/CountDuckula.slave
Cover Girl Strip Poker	C/Cover Girl Strip Poker	A-Games:C/CoverGirlStripPoker/CoverGirlStripPoker.slave
Crack Down	C/Crack Down	A-Games:C/Crackdown/Crackdown.slave
Crazy Cars II	C/Crazy Cars II	A-Games:C/CrazyCars2/CrazyCars2.slave
Crazy Seasons	C/Crazy Seasons	A-Games:C/CrazySeasons/CrazySeasons.Slave
Crazy Sue	C/Crazy Sue	A-Games:C/CrazySue/CrazySue.Slave
Crazy Sue ...Goes On	C/Crazy Sue ...Goes On	A-Games:C/CrazySueGoesOn/CrazySueGoesOn.Slave
Creatures	C/Creatures	A-Games:C/Creatures/Creatures.Slave
Crime Wave	C/Crime Wave	A-Games:C/CrimeWave/CrimeWave.slave
Crossbow: The Legend of William Tell	C/Crossbow The Legend of Wil	A-Games:C/CrossbowLegendWilliamTell/CrossbowLegendWilliamTell.Slave
Crystal Hammer	C/Crystal Hammer	A-Games:C/CrystalHammerV1/CrystalHammerV1.slave
Crystal Hammer	C/Crystal Hammer 	A-Games:C/CrystalHammerV2/CrystalHammerV2.slave
Crystal Kingdom Dizzy	C/Crystal Kingdom Dizzy	A-Games:C/CrystalKingdomDizzy/CrystalKingdomDizzy.Slave
Crystal Palace	C/Crystal Palace	A-Games:C/CrystalPalace/CrystalPalace.slave
Custodian	C/Custodian	A-Games:C/Custodian/Custodian.Slave
Cyber Assault	C/Cyber Assault	A-Games:C/CyberAssault/CyberAssault.Slave
Cyberball	C/Cyberball	A-Games:C/Cyberball/Cyberball.slave
Cybernetix	C/Cybernetix	A-Games:C/Cybernetix/Cybernetix.Slave
Cybernoid: The Fighting Machine	C/Cybernoid The Fighting Mac	A-Games:C/Cybernoid/Cybernoid.Slave
Cybernoid II: The Revenge	C/Cybernoid II The Revenge	A-Games:C/Cybernoid2/Cybernoid2.Slave
Cyber World	C/Cyber World	A-Games:C/CyberWorld/CyberWorld.Slave
Cyberzerk	C/Cyberzerk	A-Games:C/Cyberzerk/Cyberzerk.slave
Celica GT Rally	C/Celica GT Rally	A-Games:T/ToyotaCelicaGTRally/ToyotaCelicaGTRally.Slave