Labyrinth DK	L/Labyrinth DK	A-Games:L/LabyrinthDk/LabyrinthDk.slave
Laser Squad	L/Laser Squad	A-Games:L/LaserSquad/LaserSquad.slave
Laser Squad IT	L/Laser Squad IT	A-Games:L/LaserSquadIt/LaserSquadIt.slave
Laser Squad NTSC	L/Laser Squad NTSC	A-Games:L/LaserSquadNTSC/LaserSquadNTSC.slave
Last Battle	L/Last Battle	A-Games:L/LastBattle/LastBattle.Slave
Last Duel	L/Last Duel	A-Games:L/LastDuel/LastDuel.slave
Last Ninja 3	L/Last Ninja 3	A-Games:L/LastNinja3/LastNinja3.Slave
Leatherneck	L/Leatherneck	A-Games:L/Leatherneck/Leatherneck.Slave
Leavin' Teramis	L/Leavin Teramis	A-Games:L/LeavinTeramis/LeavinTeramis.Slave
Legacy NoIntro	L/Legacy NoIntro	A-Games:L/LegacyNoIntro/LegacyNoIntro.slave
Legend	L/Legend	A-Games:L/LegendMindscape/LegendMindscape.Slave
Legend getlegendsavedisk	L/Legend getlegendsavedisk	A-Games:L/LegendMindscape/getlegendsavedisk.slave
Legend of the Lost	L/Legend of the Lost	A-Games:L/LegendOfTheLost/LegendOfTheLost.Slave
Lemmings Files Alt	L/Lemmings Files Alt	A-Games:L/LemmingsAltFiles/LemmingsAltFiles.Slave
Lemmings Image Alt	L/Lemmings Image Alt	A-Games:L/LemmingsAltImage/LemmingsAltImage.Slave
Lemmings Demo	L/Lemmings Demo	A-Games:L/LemmingsDemo/LemmingsDemo.Slave
Lemmings Files	L/Lemmings Files	A-Games:L/LemmingsFiles/LemmingsFiles.Slave
Lemmings NTSC Files	L/Lemmings NTSC Files	A-Games:L/LemmingsFilesNTSC/LemmingsFilesNTSC.Slave
Lemmings Image	L/Lemmings Image	A-Games:L/LemmingsImage/LemmingsImage.Slave
Lemmings NTSC Image	L/Lemmings NTSC Image	A-Games:L/LemmingsImageNTSC/LemmingsImageNTSC.Slave
Leonardo	L/Leonardo	A-Games:L/LeonardoDOS/LeonardoDOS.Slave
Leonardo	L/Leonardo 	A-Games:L/LeonardoHighDensity/LeonardoHighDensity.Slave
Lethal Xcess	L/Lethal Xcess	A-Games:L/LethalXcess/LethalXcess.slave
Lethal Zone	L/Lethal Zone	A-Games:L/LethalZone/LethalZone.slave
Licence to Kill	L/Licence to Kill	A-Games:L/LicenceToKill/LicenceToKill.Slave
Limes & Napoleon	L/Limes Napoleon	A-Games:L/Limes&Napoleon/Limes&Napoleon.Slave
Liquid Kids Files	L/Liquid Kids Files	A-Games:L/LiquidKidsFiles/LiquidKidsFiles.Slave
Liquid Kids Image	L/Liquid Kids Image	A-Games:L/LiquidKidsImage/LiquidKidsImage.Slave
Little Puff in Dragonland	L/Little Puff in Dragonland	A-Games:L/LittlePuffInDragonland/LittlePuffInDragonland.slave
Live and Let Die	L/Live and Let Die	A-Games:L/LiveAndLetDie/LiveAndLetDie.Slave
Livingstone II	L/Livingstone II	A-Games:L/Livingstone2/Livingstone2.Slave
Llamatron: 2112 1MB	L/Llamatron 2112 1MB	A-Games:L/Llamatron1MB/Llamatron1MB.Slave
Llamatron: 2112 512KB	L/Llamatron 2112 512KB	A-Games:L/Llamatron512KB/Llamatron512KB.Slave
Loopz	L/Loopz	A-Games:L/Loopz/Loopz.Slave
Lords of Chaos DataDisk	L/Lords of Chaos DataDisk	A-Games:L/LordsOfChaos&DataDisk/LordsOfChaos&DataDisk.Slave
Lotus Esprit Turbo Challenge	L/Lotus Esprit Turbo Challen	A-Games:L/Lotus/Lotus.Slave
Luxor	L/Luxor	A-Games:L/Luxor/Luxor.Slave