Cabal
Cabaret Asteroids
Cabaret Asteroids
Cadaver
Cadaver: The Pay Off CadaverThePayoff
Cadaver: The Pay Off
California Games II
Captain Fizz Meets the Blaster-Trons
Captain Planet and the Planeteers
Carcharodon: White Sharks
Cardiaxx
Cardiaxx
Carl Lewis Challenge, The
Carrier Command
Car-Vup
Castle Kingdoms
Castle Master
Catch 'Em
Cavemania
Celtic Legends
Chambers of Shaolin
Champion Driver
Charlie J. Cool
Chase HQ
Chase HQ II: Special Criminal Investigation
Chip's Challenge
Chip's Challenge
Chrome
Chubby Gristle
Chuckie Egg
Chuckie Egg II
Chuck Rock
Chuck Yeager's Advanced Flight Trainer 2.0
Circus Attractions 2Disk
Circus Games
Cisco Heat
CJ in the USA
CJ's Elephant Antics
Clik Clak
Cloud Kingdoms
Clown-O-Mania
Color Buster
Commando
Conqueror
Continental Circus
Corporation Missions 3Disk
Corporation 2Disk
Corx
Cosmic Pirate
Cosmic Relief: Prof. Renegade to the Rescue
Count Duckula
Cover Girl Strip Poker
Crack Down
Crazy Cars II
Crazy Seasons
Crazy Sue
Crazy Sue ...Goes On
Creatures
Crime Wave
Crossbow: The Legend of William Tell
Crystal Hammer
Crystal Hammer
Crystal Palace
Custodian
Cyber Assault
Cyberball
Cyberblast
Cybernetix
Cybernoid: The Fighting Machine
Cybernoid II: The Revenge
Cyber World
Cyberzerk
Celica GT Rally