Hard 'n' Heavy	H/Hard n Heavy	A-Games:G/Giana2/Giana2.slave
Halley Project, The: A Mission In Our Solar System	H/Halley Project. The A Miss	A-Games:H/HalleyProject/HalleyProject.Slave
Hammer Boy	H/Hammer Boy	A-Games:H/HammerBoy/HammerBoy.slave
Hammerfist	H/Hammerfist	A-Games:H/Hammerfist/Hammerfist.Slave
Hard 'n' Heavy	H/Hard n Heavy 	A-Games:H/HardNHeavy/HardNHeavy.slave
Harlequin 512KB	H/Harlequin 512KB	A-Games:H/Harlequin512KB/Harlequin512KB.Slave
Harley-Davidson	H/Harley-Davidson	A-Games:H/HarleyDavidson/HarleyDavidson.slave
H.A.T.E.: Hostile All Terrain Encounter	H/H.A.T.E. Hostile All Terra	A-Games:H/HATE/HATE.slave
Hawkeye	H/Hawkeye	A-Games:H/Hawkeye/Hawkeye.slave
Head Over Heels	H/Head Over Heels	A-Games:H/HeadOverHeels/HeadOverHeels.slave
Heavy Metal	H/Heavy Metal	A-Games:H/HeavyMetal/HeavyMetal.slave
Heavy Metal Heroes	H/Heavy Metal Heroes	A-Games:H/HeavyMetalHeroes/HeavyMetalHeroes.Slave
Hellbent	H/Hellbent	A-Games:H/Hellbent/Hellbent.Slave
Hellfire Attack	H/Hellfire Attack	A-Games:H/HellfireAttack/HellfireAttack.Slave
Hellraider	H/Hellraider	A-Games:H/Hellraider/Hellraider.slave
Hell Raisers	H/Hell Raisers	A-Games:H/HellRaisers/HellRaisers.Slave
Helter Skelter	H/Helter Skelter	A-Games:H/HelterSkelter/HelterSkelter.Slave
Heroes of the Lance	H/Heroes of the Lance	A-Games:H/HeroesOfTheLance/HeroesOfTheLance.slave
HeroQuest	H/HeroQuest	A-Games:H/HeroQuest/HeroQuest.slave
HeroQuest	H/HeroQuest 	A-Games:H/HeroQuest&ReturnWitchLord/HeroQuest&ReturnWitchLord.slave
HeroQuest DE Fix	H/HeroQuest DE Fix	A-Games:H/HeroQuestDeFix/HeroQuestDeFix.slave
High Steel	H/High Steel	A-Games:H/HighSteel/HighSteel.Slave
Hill Street Blues	H/Hill Street Blues	A-Games:H/HillStreetBlues/HillStreetBlues.Slave
Hollywood Poker	H/Hollywood Poker	A-Games:H/HollywoodPoker/HollywoodPoker.Slave
Hollywood Poker Pro	H/Hollywood Poker Pro	A-Games:H/HollywoodPokerPro/HollywoodPokerPro.slave
Hong Kong Phooey	H/Hong Kong Phooey	A-Games:H/HongKongPhooey/HongKongPhooey.Slave
Horror Zombies from the Crypt	H/Horror Zombies from the Cr	A-Games:H/HorrorZombiesFromTheCrypt/HorrorZombiesFromTheCrypt.Slave
Hostile Breed	H/Hostile Breed	A-Games:H/HostileBreed/HostileBreed.Slave
Hot Rod	H/Hot Rod	A-Games:H/HotRod/HotRod.Slave
Hotshot	H/Hotshot	A-Games:H/Hotshot/Hotshot.Slave
Huckleberry Hound in Hollywood Capers	H/Huckleberry Hound in Holly	A-Games:H/HuckleberryHound/HuckleberryHound.Slave
Hudson Hawk	H/Hudson Hawk	A-Games:H/HudsonHawk/HudsonHawk.Slave
Human Killing Machine	H/Human Killing Machine	A-Games:H/HumanKillingMachine/HumanKillingMachine.slave
Humans 2: The Jurassic Levels	H/Humans 2 The Jurassic Leve	A-Games:H/Humans2/Humans2.slave
Humans 2: The Jurassic Levels DE	H/Humans 2 The Jurassic L V2	A-Games:H/Humans2De/Humans2De.slave
Hunter	H/Hunter	A-Games:H/Hunter/Hunter.Slave
Hunter DE	H/Hunter DE	A-Games:H/HunterDe/HunterDe.slave
Hunter FR	H/Hunter FR	A-Games:H/HunterFr/HunterFr.slave
Hunt for Red October, The	H/Hunt for Red October. The	A-Games:H/HuntForRedOctoberTheMovie/HuntForRedOctoberTheMovie.Slave
Hybris	H/Hybris	A-Games:H/Hybris/Hybris.slave
Hybris NTSC	H/Hybris NTSC	A-Games:H/HybrisNTSC/HybrisNTSC.Slave
Hydra	H/Hydra	A-Games:H/Hydra/Hydra.Slave
Hyperdome	H/Hyperdome	A-Games:H/Hyperdome/Hyperdome.Slave
Hyperion	H/Hyperion	A-Games:H/Hyperion/Hyperion.Slave