New Year Lemmings 1991/92	N/New Year Lemmings 199192	A-Games:L/LemmingsNewYear9192/LemmingsNewYear9192.Slave
Narc	N/Narc	A-Games:N/Narc/Narc.slave
Narco Police	N/Narco Police	A-Games:N/NarcoPolice/NarcoPolice.Slave
Navy Moves	N/Navy Moves	A-Games:N/NavyMoves/NavyMoves.Slave
Navy Seals	N/Navy Seals	A-Games:N/NavySeals/NavySeals.Slave
Nebulus	N/Nebulus	A-Games:N/Nebulus/Nebulus.Slave
Nebulus 2	N/Nebulus 2	A-Games:N/Nebulus2/Nebulus2.slave
Necronom	N/Necronom	A-Games:N/Necronom/Necronom.Slave
Neighbours	N/Neighbours	A-Games:N/Neighbours/Neighbours.Slave
Netherworld	N/Netherworld	A-Games:N/Netherworld/Netherworld.slave
Netherworld	N/Netherworld 	A-Games:N/Netherworld/Netherworld.slave
Neutralizer II Demo	N/Neutralizer II Demo	A-Games:N/Neutralizer2Demo/Neutralizer2Demo.slave
Neverending Story II, The	N/Neverending Story II. The	A-Games:N/NeverEndingStory2/NeverEndingStory2.slave
Nevermind	N/Nevermind	A-Games:N/NeverMind/Nevermind.Slave
Newzealand Story, The	N/Newzealand Story. The	A-Games:N/NewZealandStory/NewZealandStory.slave
Nibby Nibble	N/Nibby Nibble	A-Games:N/NibbyNibble/NibbyNibble.Slave
Nicky Boom	N/Nicky Boom	A-Games:N/NickyBoom/NickyBoom.Slave
Nigel Mansell's Grand Prix	N/Nigel Mansells Grand Prix	A-Games:N/NigelMansellsGrandPrix/NigelMansellsGrandPrix.Slave
Nightbreed: The Action Game	N/Nightbreed The Action Game	A-Games:N/NightbreedAction/NightbreedAction.Slave
Night Breed: The Interactive Movie	N/Night Breed The Interactiv	A-Games:N/NightbreedMovie/NightbreedMovie.Slave
Nightdawn	N/Nightdawn	A-Games:N/Nightdawn/Nightdawn.slave
Night Hunter	N/Night Hunter	A-Games:N/NightHunter/NightHunter.slave
Ninja Rabbits	N/Ninja Rabbits	A-Games:N/NinjaRabbits/NinjaRabbits.Slave
Ninja Spirit	N/Ninja Spirit	A-Games:N/NinjaSpirit/NinjaSpirit.Slave
Ninja Warriors, The	N/Ninja Warriors. The	A-Games:N/NinjaWarriors/NinjaWarriors.Slave
Nitro	N/Nitro	A-Games:N/Nitro/Nitro.slave
Nitro Boost Challenge	N/Nitro Boost Challenge	A-Games:N/NitroBoostChallenge/NitroBoostChallenge.slave
Nitro NTSC	N/Nitro NTSC	A-Games:N/NitroNTSC/NitroNTSC.slave
Nobby the Aardvark	N/Nobby the Aardvark	A-Games:N/NobbyTheAardvark/NobbyTheAardvark.slave
No Buddies Land	N/No Buddies Land	A-Games:N/NoBuddiesLand/NoBuddiesLand.slave
No Excuses	N/No Excuses	A-Games:N/NoExcuses/NoExcuses.slave
Nucleus	N/Nucleus	A-Games:N/Nucleus/Nucleus.Slave