P47 Thunderbolt
Pacific Islands
Pac-Land
Pac-Mania
Paladin
Paladin 2
Pandora
Pang
Pango
Panza Kick Boxing
Panza Kick Boxing FR
Paperboy
Paperboy 2
Paradise Lost
Paradroid 90 1MB
Paradroid 90 512KB
Paragliding Simulation
Paramax
Parasol Stars: The Story of Rainbow Islands II
Passing Shot
Patrician, The
Patrizier, Der FR
Patrizier, Der DE
Pawn, The
Pegasus
Penthouse Hot Numbers
Penthouse Hot Numbers Deluxe DE
Perihelion
Persian Gulf Inferno, The
Personal Nightmare
Peter Beardsley's International Football
Peter Beardsley's International Football Cracked
Peter Schmeichel Soccer
PGA European Tour
PGA Tour Golf
PGA Tour Golf TourDisk
Phalanx
Phantasie
Phantasie III: The Wrath of Nikademus
Phantom Fighter
Pharaoh's Curse
Pharaohs Match
Phobia
Photon Storm
Pick 'n Pile
Pinball Dreams
Pinball Fantasies
Pinball Hazard
Pinball Magic
Pinball Prelude
Pinball Wizard
Pinball Wizard Prerelease
Pinkie
Pink Panther
Pinomania
Pipe Dream
Pipeline
Pipeline
Pipe Mania
Pirates!
Pit-Fighter
Pixie and Dixie
Pixie and Dixie Pixie&Dixie
Pizza Connection DE
Plague, The
Plan 9 from Outer Space
Platoon
Player Manager
Player Manager 2
Player Manager DE
Player Manager FR
Player Manager IT
Playroom, The: La Chambre De Peppy FR
Plotting
Plutos
Pod
Poker Nights: Teresa Personally DE
Police Quest
Police Quest II
Police Quest III: The Kindred
Police Quest III: The Kindred DE
Pong
Pool
Pool of Radiance
Pools of Darkness
Pools of Darkness DE
Popeye 2
Populous
Populous DataDisk
Populous II: Trials of the Olympian Gods
Populous II: Trials of the Olympian Gods ChallengeGames
Populous II: Trials of the Olympian Gods ChallengeGames
Populous World Editor
Portal
Portes du Temps, Les FR
Ports of Call
Postman Pat
P.O.W.
Power, The
Power Drift
Power Drive
Powerdrome
PowerMonger
Powermonger WW1 Edition
Power Pinball
Power Pinball CDTV
Powerplay: The Game of the Gods
Powerplay: The Game of the Gods DE
Powerplay: The Game of the Gods ES
Powerplay: The Game of the Gods FR
Powerplay: The Game of the Gods GR
Power Styx
P.P. Hammer
Predator
Predator 2
Prehistorik
Premiere
Premier Manager
Premier Manager II
Premier Manager 3
Premier Manager 3 Deluxe
Prime Mover
Prince
Prince of Persia FR
Prince of Persia
Prince of Persia DE
Prince of Persia NTSC
Prison
Prison NTSC
Pro Boxing Simulator
Profezia IT
Project-X
Project-X
Project-X Special Edition 93
Project-X Special Edition 93
Project-X
Projectyle
Prophecy I: The Viking Child
Pro Powerboat Simulator
ProSoccer 2190
Prospector in the Mazes of Xor
Pro Tennis Simulator Files
Pro Tennis Simulator Image
Pro Tennis Tour
Pro Tennis Tour 2
Pro Tennis Tour 2 512KB
Psyborg
Psycho Killer CDTV
Psycho Santa
Pub Trivia Simulator
Puffy's Saga
Puggsy
Pulsator Demo
Purple Saturn Day
Pushover
Putty
Puzznic
Pyramax
Putty